ARM Linker, 5.02 [Build 28] [MDK-ARM Lite]

==============================================================================

Section Cross References

    arm_startup_nrf51.o(STACK) refers (Special) to heapauxi.o(.text) for __use_two_region_memory
    arm_startup_nrf51.o(HEAP) refers (Special) to heapauxi.o(.text) for __use_two_region_memory
    arm_startup_nrf51.o(RESET) refers (Special) to heapauxi.o(.text) for __use_two_region_memory
    arm_startup_nrf51.o(RESET) refers to arm_startup_nrf51.o(STACK) for __initial_sp
    arm_startup_nrf51.o(RESET) refers to arm_startup_nrf51.o(.text) for Reset_Handler
    arm_startup_nrf51.o(RESET) refers to app_gpiote.o(.text) for GPIOTE_IRQHandler
    arm_startup_nrf51.o(RESET) refers to app_timer.o(.text) for RTC1_IRQHandler
    arm_startup_nrf51.o(RESET) refers to softdevice_handler.o(.text) for SWI2_IRQHandler
    arm_startup_nrf51.o(.text) refers (Special) to heapauxi.o(.text) for __use_two_region_memory
    arm_startup_nrf51.o(.text) refers to system_nrf51.o(.text) for SystemInit
    arm_startup_nrf51.o(.text) refers to __main.o(!!!main) for __main
    arm_startup_nrf51.o(.text) refers to arm_startup_nrf51.o(HEAP) for Heap_Mem
    arm_startup_nrf51.o(.text) refers to arm_startup_nrf51.o(STACK) for Stack_Mem
    system_nrf51.o(.text) refers to system_nrf51.o(.data) for SystemCoreClock
    main.o(.text) refers to _printf_pad.o(.text) for _printf_pre_padding
    main.o(.text) refers to _printf_percent.o(.ARM.Collect$$_printf_percent$$00000000) for _printf_percent
    main.o(.text) refers to _printf_d.o(.ARM.Collect$$_printf_percent$$00000009) for _printf_d
    main.o(.text) refers to _printf_x.o(.ARM.Collect$$_printf_percent$$0000000C) for _printf_x
    main.o(.text) refers to _printf_s.o(.ARM.Collect$$_printf_percent$$00000014) for _printf_s
    main.o(.text) refers to _printf_dec.o(.text) for _printf_int_dec
    main.o(.text) refers to _printf_hex_int.o(.text) for _printf_longlong_hex
    main.o(.text) refers to _printf_str.o(.text) for _printf_str
    main.o(.text) refers to noretval__2printf.o(.text) for __2printf
    main.o(.text) refers to pstorage.o(.text) for pstorage_access_status_get
    main.o(.text) refers to device_manager_central.o(.text) for dm_whitelist_create
    main.o(.text) refers to rt_memcpy.o(.text) for __aeabi_memcpy
    main.o(.text) refers to ble_db_discovery.o(.text) for ble_db_discovery_start
    main.o(.text) refers to rt_memclr.o(.text) for __aeabi_memclr
    main.o(.text) refers to ble_hrs_c.o(.text) for ble_hrs_c_hrm_notif_enable
    main.o(.text) refers to memcmp.o(.text) for memcmp
    main.o(.text) refers to main.o(.data) for m_memory_access_in_progress
    main.o(.text) refers to main.o(.bss) for m_scan_param
    main.o(.text) refers to main.o(.constdata) for .constdata
    main.o(.text) refers to ble_bas_c.o(.text) for ble_bas_c_on_ble_evt
    main.o(.text) refers to softdevice_handler.o(.text) for softdevice_handler_init
    main.o(.text) refers to noretval__2sprintf.o(.text) for __2sprintf
    main.o(.text) refers to app_trace.o(.text) for app_trace_init
    ble_hrs_c.o(.text) refers to _printf_percent.o(.ARM.Collect$$_printf_percent$$00000000) for _printf_percent
    ble_hrs_c.o(.text) refers to _printf_d.o(.ARM.Collect$$_printf_percent$$00000009) for _printf_d
    ble_hrs_c.o(.text) refers to _printf_dec.o(.text) for _printf_int_dec
    ble_hrs_c.o(.text) refers to noretval__2printf.o(.text) for __2printf
    ble_hrs_c.o(.text) refers to ble_db_discovery.o(.text) for ble_db_discovery_evt_register
    ble_hrs_c.o(.text) refers to ble_hrs_c.o(.data) for m_tx_index
    ble_hrs_c.o(.text) refers to ble_hrs_c.o(.bss) for m_tx_buffer
    ble_hrs_c.o(.text) refers to ble_hrs_c.o(.constdata) for .constdata
    ble_bas_c.o(.text) refers to _printf_percent.o(.ARM.Collect$$_printf_percent$$00000000) for _printf_percent
    ble_bas_c.o(.text) refers to _printf_d.o(.ARM.Collect$$_printf_percent$$00000009) for _printf_d
    ble_bas_c.o(.text) refers to _printf_dec.o(.text) for _printf_int_dec
    ble_bas_c.o(.text) refers to noretval__2printf.o(.text) for __2printf
    ble_bas_c.o(.text) refers to ble_db_discovery.o(.text) for ble_db_discovery_evt_register
    ble_bas_c.o(.text) refers to ble_bas_c.o(.data) for m_tx_index
    ble_bas_c.o(.text) refers to ble_bas_c.o(.bss) for m_tx_buffer
    ble_bas_c.o(.text) refers to ble_bas_c.o(.constdata) for .constdata
    ble_nus.o(.text) refers to rt_memclr.o(.text) for __aeabi_memclr4
    ble_nus.o(.text) refers to ble_nus.o(.constdata) for .constdata
    ble_debug_assert_handler.o(.text) refers to strncpy.o(.text) for strncpy
    ble_debug_assert_handler.o(.text) refers to ble_debug_assert_handler.o(.bss) for s_file_name
    ble_debug_assert_handler.o(.text) refers to ble_debug_assert_handler.o(.data) for s_line_num
    app_trace.o(.text) refers to _printf_pad.o(.text) for _printf_pre_padding
[...]
    rtexit2.o(.ARM.exidx) refers to rtexit2.o(.ARM.Collect$$rtexit$$00000003) for .ARM.Collect$$rtexit$$00000003
    rtexit2.o(.ARM.exidx) refers to rtexit2.o(.ARM.Collect$$rtexit$$00000004) for .ARM.Collect$$rtexit$$00000004
    __raise.o(.text) refers to defsig.o(CL$$defsig) for __default_signal_handler
    defsig_general.o(.text) refers to sys_wrch.o(.text) for _ttywrch
    sys_wrch.o(.text) refers (Special) to use_no_semi.o(.text) for __I$use$semihosting
    sys_wrch.o(.text) refers (Special) to indicate_semi.o(.text) for __semihosting_library_function
    defsig.o(CL$$defsig) refers to defsig_fpe_inner.o(.text) for __rt_SIGFPE_inner
    defsig.o(CL$$defsig) refers to defsig_rtmem_inner.o(.text) for __rt_SIGRTMEM_inner
    _get_argv_nomalloc.o(.text) refers (Special) to hrguard.o(.text) for __heap_region$guard
    _get_argv_nomalloc.o(.text) refers to defsig_rtmem_outer.o(.text) for __rt_SIGRTMEM
    _get_argv_nomalloc.o(.text) refers to sys_command.o(.text) for _sys_command_string
    libshutdown.o(.ARM.Collect$$libshutdown$$00000000) refers (Special) to libshutdown2.o(.ARM.Collect$$libshutdown$$00000006) for __rt_lib_shutdown_fp_trap_1
    libshutdown.o(.ARM.Collect$$libshutdown$$00000000) refers (Special) to libshutdown2.o(.ARM.Collect$$libshutdown$$0000000E) for __rt_lib_shutdown_heap_1
    libshutdown.o(.ARM.Collect$$libshutdown$$00000000) refers (Special) to libshutdown2.o(.ARM.Collect$$libshutdown$$0000000F) for __rt_lib_shutdown_return
    libshutdown.o(.ARM.Collect$$libshutdown$$00000000) refers (Special) to libshutdown2.o(.ARM.Collect$$libshutdown$$00000009) for __rt_lib_shutdown_signal_1
    libshutdown.o(.ARM.Collect$$libshutdown$$00000000) refers (Special) to libshutdown2.o(.ARM.Collect$$libshutdown$$00000003) for __rt_lib_shutdown_stdio_1
    libshutdown.o(.ARM.Collect$$libshutdown$$00000000) refers (Special) to libshutdown2.o(.ARM.Collect$$libshutdown$$0000000B) for __rt_lib_shutdown_user_alloc_1
    sys_command.o(.text) refers (Special) to use_no_semi.o(.text) for __I$use$semihosting
    sys_command.o(.text) refers (Special) to indicate_semi.o(.text) for __semihosting_library_function
    defsig_abrt_inner.o(.text) refers to defsig_general.o(.text) for __default_signal_display
    defsig_rtred_inner.o(.text) refers to defsig_general.o(.text) for __default_signal_display
    defsig_rtmem_inner.o(.text) refers to defsig_general.o(.text) for __default_signal_display
    defsig_rtmem_outer.o(.text) refers to defsig_rtmem_inner.o(.text) for __rt_SIGRTMEM_inner
    defsig_rtmem_outer.o(.text) refers to defsig_exit.o(.text) for __sig_exit
    defsig_rtmem_formal.o(.text) refers to rt_raise.o(.text) for __rt_raise
    defsig_stak_inner.o(.text) refers to defsig_general.o(.text) for __default_signal_display
    defsig_pvfn_inner.o(.text) refers to defsig_general.o(.text) for __default_signal_display
    defsig_cppl_inner.o(.text) refers to defsig_general.o(.text) for __default_signal_display
    defsig_segv_inner.o(.text) refers to defsig_general.o(.text) for __default_signal_display
    defsig_other.o(.text) refers to defsig_general.o(.text) for __default_signal_display


==============================================================================

Removing Unused input sections from the image.

    Removing system_nrf51.o(.rev16_text), (4 bytes).
    Removing system_nrf51.o(.revsh_text), (4 bytes).
    Removing main.o(.rev16_text), (4 bytes).
    Removing main.o(.revsh_text), (4 bytes).
    Removing ble_nus.o(.text), (904 bytes).
    Removing ble_nus.o(.constdata), (16 bytes).
    Removing ble_debug_assert_handler.o(.rev16_text), (4 bytes).
    Removing ble_debug_assert_handler.o(.revsh_text), (4 bytes).
    Removing ble_debug_assert_handler.o(.text), (60 bytes).
    Removing ble_debug_assert_handler.o(.bss), (128 bytes).
    Removing ble_debug_assert_handler.o(.data), (8 bytes).
    Removing app_trace.o(.rev16_text), (4 bytes).
    Removing app_trace.o(.revsh_text), (4 bytes).
    Removing simple_uart.o(.rev16_text), (4 bytes).
    Removing simple_uart.o(.revsh_text), (4 bytes).
    Removing nrf6350.o(.rev16_text), (4 bytes).
    Removing nrf6350.o(.revsh_text), (4 bytes).
    Removing nrf6350.o(.emb_text), (30 bytes).
    Removing nrf6350.o(.text), (836 bytes).
    Removing nrf6350.o(.bss), (32 bytes).
    Removing nrf6350.o(.data), (18 bytes).
    Removing twi_hw_master.o(.rev16_text), (4 bytes).
    Removing twi_hw_master.o(.revsh_text), (4 bytes).
    Removing twi_hw_master.o(.emb_text), (30 bytes).
    Removing twi_hw_master.o(.text), (808 bytes).
    Removing pstorage.o(.rev16_text), (4 bytes).
    Removing pstorage.o(.revsh_text), (4 bytes).
    Removing app_button.o(.rev16_text), (4 bytes).
    Removing app_button.o(.revsh_text), (4 bytes).
    Removing app_button.o(.text), (684 bytes).
    Removing app_button.o(.data), (32 bytes).
    Removing app_gpiote.o(.rev16_text), (4 bytes).
    Removing app_gpiote.o(.revsh_text), (4 bytes).
    Removing app_timer.o(.rev16_text), (4 bytes).
    Removing app_timer.o(.revsh_text), (4 bytes).
    Removing softdevice_handler.o(.rev16_text), (4 bytes).
    Removing softdevice_handler.o(.revsh_text), (4 bytes).

37 unused section(s) (total 3682 bytes) removed from the image.

==============================================================================

Image Symbol Table

    Local Symbols

    Symbol Name                              Value     Ov Type        Size  Object(Section)

    ../clib/angel/boardlib.s                 0x00000000   Number         0  boardinit2.o ABSOLUTE
    ../clib/angel/boardlib.s                 0x00000000   Number         0  boardinit1.o ABSOLUTE
    ../clib/angel/boardlib.s                 0x00000000   Number         0  boardshut.o ABSOLUTE
    ../clib/angel/boardlib.s                 0x00000000   Number         0  boardinit3.o ABSOLUTE
    ../clib/angel/handlers.s                 0x00000000   Number         0  __scatter_zi.o ABSOLUTE
    ../clib/angel/handlers.s                 0x00000000   Number         0  __scatter_copy.o ABSOLUTE
    ../clib/angel/kernel.s                   0x00000000   Number         0  rtexit2.o ABSOLUTE
    ../clib/angel/kernel.s                   0x00000000   Number         0  rtentry2.o ABSOLUTE
    ../clib/angel/kernel.s                   0x00000000   Number         0  rtentry4.o ABSOLUTE
    ../clib/angel/kernel.s                   0x00000000   Number         0  rtentry.o ABSOLUTE
    ../clib/angel/kernel.s                   0x00000000   Number         0  rtexit.o ABSOLUTE
    ../clib/angel/rt.s                       0x00000000   Number         0  rt_div0.o ABSOLUTE
    ../clib/angel/rt.s                       0x00000000   Number         0  aeabi_idiv0_sigfpe.o ABSOLUTE
    ../clib/angel/rt.s                       0x00000000   Number         0  aeabi_idiv0.o ABSOLUTE
    ../clib/angel/rt.s                       0x00000000   Number         0  rt_raise.o ABSOLUTE
    ../clib/angel/scatterp.s                 0x00000000   Number         0  __scatter.o ABSOLUTE
    ../clib/angel/startup.s                  0x00000000   Number         0  __main.o ABSOLUTE
    ../clib/angel/sys.s                      0x00000000   Number         0  use_no_semi.o ABSOLUTE
    ../clib/angel/sys.s                      0x00000000   Number         0  sys_stackheap_outer.o ABSOLUTE
    ../clib/angel/sys.s                      0x00000000   Number         0  libspace.o ABSOLUTE
    ../clib/angel/sys.s                      0x00000000   Number         0  tempstk.o ABSOLUTE
    ../clib/angel/sys.s                      0x00000000   Number         0  indicate_semi.o ABSOLUTE
    ../clib/angel/sysapp.c                   0x00000000   Number         0  sys_wrch.o ABSOLUTE
    ../clib/angel/sysapp.c                   0x00000000   Number         0  sys_command.o ABSOLUTE
    ../clib/angel/sysapp.c                   0x00000000   Number         0  sys_exit.o ABSOLUTE
    ../clib/armsys.c                         0x00000000   Number         0  _get_argv_nomalloc.o ABSOLUTE
    ../clib/armsys.c                         0x00000000   Number         0  no_argv.o ABSOLUTE
    ../clib/armsys.c                         0x00000000   Number         0  argv_veneer.o ABSOLUTE
    ../clib/division.c                       0x00000000   Number         0  rtudiv10.o ABSOLUTE
    ../clib/division.s                       0x00000000   Number         0  aeabi_sdiv_div0.o ABSOLUTE
    ../clib/division.s                       0x00000000   Number         0  aeabi_sdiv.o ABSOLUTE
    ../clib/heapalloc.c                      0x00000000   Number         0  hrguard.o ABSOLUTE
    ../clib/heapaux.c                        0x00000000   Number         0  heapauxi.o ABSOLUTE
    ../clib/libinit.s                        0x00000000   Number         0  libshutdown2.o ABSOLUTE
    ../clib/libinit.s                        0x00000000   Number         0  libshutdown.o ABSOLUTE
    ../clib/libinit.s                        0x00000000   Number         0  libinit.o ABSOLUTE
    ../clib/libinit.s                        0x00000000   Number         0  libinit2.o ABSOLUTE
    ../clib/memcpset.c                       0x00000000   Number         0  rt_memclr.o ABSOLUTE
    ../clib/memcpset.c                       0x00000000   Number         0  rt_memcpy.o ABSOLUTE
    ../clib/memcpset.c                       0x00000000   Number         0  rt_memcpy.o ABSOLUTE
    ../clib/misc.s                           0x00000000   Number         0  printf_stubs.o ABSOLUTE
    ../clib/printf.c                         0x00000000   Number         0  _printf_char_common.o ABSOLUTE
    ../clib/printf.c                         0x00000000   Number         0  _printf_pad.o ABSOLUTE
    ../clib/printf.c                         0x00000000   Number         0  __printf.o ABSOLUTE
    ../clib/printf.c                         0x00000000   Number         0  _printf_char_file.o ABSOLUTE
    ../clib/printf.c                         0x00000000   Number         0  noretval__2sprintf.o ABSOLUTE
    ../clib/printf.c                         0x00000000   Number         0  noretval__2printf.o ABSOLUTE
    ../clib/printf.c                         0x00000000   Number         0  __2sprintf.o ABSOLUTE
    ../clib/printf.c                         0x00000000   Number         0  __2printf.o ABSOLUTE
    ../clib/printf.c                         0x00000000   Number         0  _printf_hex_int.o ABSOLUTE
    ../clib/printf.c                         0x00000000   Number         0  __printf_nopercent.o ABSOLUTE
    ../clib/printf.c                         0x00000000   Number         0  _printf_hex_int_ll.o ABSOLUTE
    ../clib/printf.c                         0x00000000   Number         0  _printf_char.o ABSOLUTE
    ../clib/printf.c                         0x00000000   Number         0  _sputc.o ABSOLUTE
    ../clib/printf.c                         0x00000000   Number         0  _printf_intcommon.o ABSOLUTE
    ../clib/printf.c                         0x00000000   Number         0  __printf_flags_ss_wp.o ABSOLUTE
    ../clib/printf.c                         0x00000000   Number         0  __printf_ss_wp.o ABSOLUTE
    ../clib/printf.c                         0x00000000   Number         0  __printf_flags_wp.o ABSOLUTE
    ../clib/printf.c                         0x00000000   Number         0  __printf_wp.o ABSOLUTE
    ../clib/printf.c                         0x00000000   Number         0  __printf_flags_ss.o ABSOLUTE
    ../clib/printf.c                         0x00000000   Number         0  __printf_ss.o ABSOLUTE
    ../clib/printf.c                         0x00000000   Number         0  __printf_flags.o ABSOLUTE
    ../clib/printf.c                         0x00000000   Number         0  _printf_hex_int_ll_ptr.o ABSOLUTE
    ../clib/printf.c                         0x00000000   Number         0  _printf_hex_ll_ptr.o ABSOLUTE
    ../clib/printf.c                         0x00000000   Number         0  _printf_hex_int_ptr.o ABSOLUTE
    ../clib/printf.c                         0x00000000   Number         0  _printf_hex_ptr.o ABSOLUTE
    ../clib/printf.c                         0x00000000   Number         0  _printf_hex_ll.o ABSOLUTE
    ../clib/printf.c                         0x00000000   Number         0  _printf_dec.o ABSOLUTE
    ../clib/printf.c                         0x00000000   Number         0  _printf_str.o ABSOLUTE
    ../clib/printf_percent.s                 0x00000000   Number         0  _printf_x.o ABSOLUTE
    ../clib/printf_percent.s                 0x00000000   Number         0  _printf_percent_end.o ABSOLUTE
    ../clib/printf_percent.s                 0x00000000   Number         0  _printf_percent.o ABSOLUTE
    ../clib/printf_percent.s                 0x00000000   Number         0  _printf_s.o ABSOLUTE
    ../clib/printf_percent.s                 0x00000000   Number         0  _printf_d.o ABSOLUTE
    ../clib/signal.c                         0x00000000   Number         0  defsig_cppl_inner.o ABSOLUTE
    ../clib/signal.c                         0x00000000   Number         0  defsig_fpe_outer.o ABSOLUTE
    ../clib/signal.c                         0x00000000   Number         0  defsig_fpe_formal.o ABSOLUTE
    ../clib/signal.c                         0x00000000   Number         0  defsig_rtmem_outer.o ABSOLUTE
    ../clib/signal.c                         0x00000000   Number         0  defsig_rtmem_inner.o ABSOLUTE
    ../clib/signal.c                         0x00000000   Number         0  defsig_general.o ABSOLUTE
    ../clib/signal.c                         0x00000000   Number         0  defsig_rtred_inner.o ABSOLUTE
    ../clib/signal.c                         0x00000000   Number         0  defsig_other.o ABSOLUTE
    ../clib/signal.c                         0x00000000   Number         0  defsig_segv_inner.o ABSOLUTE
    ../clib/signal.c                         0x00000000   Number         0  defsig_fpe_inner.o ABSOLUTE
    ../clib/signal.c                         0x00000000   Number         0  defsig_abrt_inner.o ABSOLUTE
    ../clib/signal.c                         0x00000000   Number         0  __raise.o ABSOLUTE
    ../clib/signal.c                         0x00000000   Number         0  defsig_pvfn_inner.o ABSOLUTE
    ../clib/signal.c                         0x00000000   Number         0  defsig_stak_inner.o ABSOLUTE
    ../clib/signal.c                         0x00000000   Number         0  defsig_rtmem_formal.o ABSOLUTE
    ../clib/signal.c                         0x00000000   Number         0  defsig_exit.o ABSOLUTE
    ../clib/signal.s                         0x00000000   Number         0  defsig.o ABSOLUTE
    ../clib/stdio.c                          0x00000000   Number         0  ferror_locked.o ABSOLUTE
    ../clib/stdio.c                          0x00000000   Number         0  ferror.o ABSOLUTE
    ../clib/stdlib.c                         0x00000000   Number         0  exit.o ABSOLUTE
    ../clib/string.c                         0x00000000   Number         0  strncpy.o ABSOLUTE
    ../clib/string.c                         0x00000000   Number         0  memcmp.o ABSOLUTE
    ../fplib/cfplib/fpinit.c                 0x00000000   Number         0  fpinit.o ABSOLUTE
    ..\..\..\..\..\Source\app_common\app_button.c 0x00000000   Number         0  app_button.o ABSOLUTE
    ..\..\..\..\..\Source\app_common\app_gpiote.c 0x00000000   Number         0  app_gpiote.o ABSOLUTE
    ..\..\..\..\..\Source\app_common\app_timer.c 0x00000000   Number         0  app_timer.o ABSOLUTE
    ..\..\..\..\..\Source\app_common\app_trace.c 0x00000000   Number         0  app_trace.o ABSOLUTE
    ..\..\..\..\..\Source\app_common\pstorage.c 0x00000000   Number         0  pstorage.o ABSOLUTE
    ..\..\..\..\..\Source\ble\ble_db_discovery.c 0x00000000   Number         0  ble_db_discovery.o ABSOLUTE
    ..\..\..\..\..\Source\ble\ble_debug_assert_handler.c 0x00000000   Number         0  ble_debug_assert_handler.o ABSOLUTE
    ..\..\..\..\..\Source\ble\ble_services\ble_bas_c.c 0x00000000   Number         0  ble_bas_c.o ABSOLUTE
    ..\..\..\..\..\Source\ble\ble_services\ble_hrs_c.c 0x00000000   Number         0  ble_hrs_c.o ABSOLUTE
    ..\..\..\..\..\Source\ble\device_manager\device_manager_central.c 0x00000000   Number         0  device_manager_central.o ABSOLUTE
    ..\..\..\..\..\Source\ext_sensors\nRF6350\nRF6350.c 0x00000000   Number         0  nrf6350.o ABSOLUTE
    ..\..\..\..\..\Source\sd_common\softdevice_handler.c 0x00000000   Number         0  softdevice_handler.o ABSOLUTE
    ..\..\..\..\..\Source\simple_uart\simple_uart.c 0x00000000   Number         0  simple_uart.o ABSOLUTE
    ..\..\..\..\..\Source\templates\arm\arm_startup_nrf51.s 0x00000000   Number         0  arm_startup_nrf51.o ABSOLUTE
    ..\..\..\..\..\Source\templates\system_nrf51.c 0x00000000   Number         0  system_nrf51.o ABSOLUTE
    ..\..\..\..\..\Source\twi_master\twi_hw_master.c 0x00000000   Number         0  twi_hw_master.o ABSOLUTE
    ..\\..\\..\\..\\..\\Source\\app_common\\app_button.c 0x00000000   Number         0  app_button.o ABSOLUTE
    ..\\..\\..\\..\\..\\Source\\app_common\\app_gpiote.c 0x00000000   Number         0  app_gpiote.o ABSOLUTE
    ..\\..\\..\\..\\..\\Source\\app_common\\app_timer.c 0x00000000   Number         0  app_timer.o ABSOLUTE
    ..\\..\\..\\..\\..\\Source\\app_common\\app_trace.c 0x00000000   Number         0  app_trace.o ABSOLUTE
    ..\\..\\..\\..\\..\\Source\\app_common\\pstorage.c 0x00000000   Number         0  pstorage.o ABSOLUTE
    ..\\..\\..\\..\\..\\Source\\ble\\ble_debug_assert_handler.c 0x00000000   Number         0  ble_debug_assert_handler.o ABSOLUTE
    ..\\..\\..\\..\\..\\Source\\ext_sensors\\nRF6350\\nRF6350.c 0x00000000   Number         0  nrf6350.o ABSOLUTE
    ..\\..\\..\\..\\..\\Source\\sd_common\\softdevice_handler.c 0x00000000   Number         0  softdevice_handler.o ABSOLUTE
    ..\\..\\..\\..\\..\\Source\\simple_uart\\simple_uart.c 0x00000000   Number         0  simple_uart.o ABSOLUTE
    ..\\..\\..\\..\\..\\Source\\templates\\system_nrf51.c 0x00000000   Number         0  system_nrf51.o ABSOLUTE
    ..\\..\\..\\..\\..\\Source\\twi_master\\twi_hw_master.c 0x00000000   Number         0  twi_hw_master.o ABSOLUTE
    ..\\main.c                               0x00000000   Number         0  main.o ABSOLUTE
    ..\ble_nus.c                             0x00000000   Number         0  ble_nus.o ABSOLUTE
    ..\main.c                                0x00000000   Number         0  main.o ABSOLUTE
    dc.s                                     0x00000000   Number         0  dc.o ABSOLUTE
    RESET                                    0x00018000   Section      192  arm_startup_nrf51.o(RESET)
    !!!main                                  0x000180c0   Section        8  __main.o(!!!main)
    !!!scatter                               0x000180c8   Section       60  __scatter.o(!!!scatter)
    !!handler_copy                           0x00018104   Section       26  __scatter_copy.o(!!handler_copy)
    !!handler_zi                             0x00018120   Section       28  __scatter_zi.o(!!handler_zi)
    .ARM.Collect$$_printf_percent$$00000000  0x0001813c   Section        2  _printf_percent.o(.ARM.Collect$$_printf_percent$$00000000)
    .ARM.Collect$$_printf_percent$$00000009  0x0001813e   Section       10  _printf_d.o(.ARM.Collect$$_printf_percent$$00000009)
    .ARM.Collect$$_printf_percent$$0000000C  0x00018148   Section       10  _printf_x.o(.ARM.Collect$$_printf_percent$$0000000C)
    .ARM.Collect$$_printf_percent$$00000014  0x00018152   Section       10  _printf_s.o(.ARM.Collect$$_printf_percent$$00000014)
    .ARM.Collect$$_printf_percent$$00000017  0x0001815c   Section        4  _printf_percent_end.o(.ARM.Collect$$_printf_percent$$00000017)
    .ARM.Collect$$libinit$$00000000          0x00018160   Section        2  libinit.o(.ARM.Collect$$libinit$$00000000)
    .ARM.Collect$$libinit$$00000001          0x00018162   Section        4  libinit2.o(.ARM.Collect$$libinit$$00000001)
    .ARM.Collect$$libinit$$00000008          0x00018166   Section        0  libinit2.o(.ARM.Collect$$libinit$$00000008)
    .ARM.Collect$$libinit$$0000000A          0x00018166   Section        0  libinit2.o(.ARM.Collect$$libinit$$0000000A)
    .ARM.Collect$$libinit$$0000000C          0x00018166   Section        0  libinit2.o(.ARM.Collect$$libinit$$0000000C)
    .ARM.Collect$$libinit$$0000000F          0x00018166   Section        0  libinit2.o(.ARM.Collect$$libinit$$0000000F)
    .ARM.Collect$$libinit$$00000011          0x00018166   Section        0  libinit2.o(.ARM.Collect$$libinit$$00000011)
    .ARM.Collect$$libinit$$00000013          0x00018166   Section        0  libinit2.o(.ARM.Collect$$libinit$$00000013)
    .ARM.Collect$$libinit$$00000015          0x00018166   Section        0  libinit2.o(.ARM.Collect$$libinit$$00000015)
    .ARM.Collect$$libinit$$00000017          0x00018166   Section        0  libinit2.o(.ARM.Collect$$libinit$$00000017)
    .ARM.Collect$$libinit$$00000019          0x00018166   Section        0  libinit2.o(.ARM.Collect$$libinit$$00000019)
    .ARM.Collect$$libinit$$0000001B          0x00018166   Section        0  libinit2.o(.ARM.Collect$$libinit$$0000001B)
    .ARM.Collect$$libinit$$0000001D          0x00018166   Section        0  libinit2.o(.ARM.Collect$$libinit$$0000001D)
    .ARM.Collect$$libinit$$0000001F          0x00018166   Section        0  libinit2.o(.ARM.Collect$$libinit$$0000001F)
    .ARM.Collect$$libinit$$00000021          0x00018166   Section        0  libinit2.o(.ARM.Collect$$libinit$$00000021)
    .ARM.Collect$$libinit$$00000023          0x00018166   Section        0  libinit2.o(.ARM.Collect$$libinit$$00000023)
    .ARM.Collect$$libinit$$0000002A          0x00018166   Section        0  libinit2.o(.ARM.Collect$$libinit$$0000002A)
    .ARM.Collect$$libinit$$0000002C          0x00018166   Section        0  libinit2.o(.ARM.Collect$$libinit$$0000002C)
    .ARM.Collect$$libinit$$0000002E          0x00018166   Section        0  libinit2.o(.ARM.Collect$$libinit$$0000002E)
    .ARM.Collect$$libinit$$00000030          0x00018166   Section        0  libinit2.o(.ARM.Collect$$libinit$$00000030)
    .ARM.Collect$$libinit$$00000031          0x00018166   Section        2  libinit2.o(.ARM.Collect$$libinit$$00000031)
    .ARM.Collect$$libshutdown$$00000000      0x00018168   Section        2  libshutdown.o(.ARM.Collect$$libshutdown$$00000000)
    .ARM.Collect$$libshutdown$$00000003      0x0001816a   Section        0  libshutdown2.o(.ARM.Collect$$libshutdown$$00000003)
    .ARM.Collect$$libshutdown$$00000006      0x0001816a   Section        0  libshutdown2.o(.ARM.Collect$$libshutdown$$00000006)
    .ARM.Collect$$libshutdown$$00000009      0x0001816a   Section        0  libshutdown2.o(.ARM.Collect$$libshutdown$$00000009)
    .ARM.Collect$$libshutdown$$0000000B      0x0001816a   Section        0  libshutdown2.o(.ARM.Collect$$libshutdown$$0000000B)
    .ARM.Collect$$libshutdown$$0000000E      0x0001816a   Section        0  libshutdown2.o(.ARM.Collect$$libshutdown$$0000000E)
    .ARM.Collect$$libshutdown$$0000000F      0x0001816a   Section        2  libshutdown2.o(.ARM.Collect$$libshutdown$$0000000F)
    .ARM.Collect$$rtentry$$00000000          0x0001816c   Section        0  rtentry.o(.ARM.Collect$$rtentry$$00000000)
    .ARM.Collect$$rtentry$$00000002          0x0001816c   Section        0  rtentry2.o(.ARM.Collect$$rtentry$$00000002)
    .ARM.Collect$$rtentry$$00000004          0x0001816c   Section        6  rtentry4.o(.ARM.Collect$$rtentry$$00000004)
    .ARM.Collect$$rtentry$$00000009          0x00018172   Section        0  rtentry2.o(.ARM.Collect$$rtentry$$00000009)
    .ARM.Collect$$rtentry$$0000000A          0x00018172   Section        4  rtentry2.o(.ARM.Collect$$rtentry$$0000000A)
    .ARM.Collect$$rtentry$$0000000C          0x00018176   Section        0  rtentry2.o(.ARM.Collect$$rtentry$$0000000C)
    .ARM.Collect$$rtentry$$0000000D          0x00018176   Section        8  rtentry2.o(.ARM.Collect$$rtentry$$0000000D)
    .ARM.Collect$$rtexit$$00000000           0x0001817e   Section        2  rtexit.o(.ARM.Collect$$rtexit$$00000000)
    .ARM.Collect$$rtexit$$00000002           0x00018180   Section        0  rtexit2.o(.ARM.Collect$$rtexit$$00000002)
    .ARM.Collect$$rtexit$$00000003           0x00018180   Section        4  rtexit2.o(.ARM.Collect$$rtexit$$00000003)
    .ARM.Collect$$rtexit$$00000004           0x00018184   Section        6  rtexit2.o(.ARM.Collect$$rtexit$$00000004)
    .emb_text                                0x0001818c   Section       30  simple_uart.o(.emb_text)
    .emb_text                                0x000181ac   Section       30  app_timer.o(.emb_text)
    .emb_text                                0x000181cc   Section       56  rt_memcpy.o(.emb_text)
    .text                                    0x00018204   Section       84  arm_startup_nrf51.o(.text)
    .text                                    0x00018258   Section        0  system_nrf51.o(.text)
    is_disabled_in_debug_needed              0x00018261   Thumb Code    48  system_nrf51.o(.text)
    is_manual_peripheral_setup_needed        0x00018291   Thumb Code    94  system_nrf51.o(.text)
    .text                                    0x00018330   Section        0  main.o(.text)
    scan_start                               0x00018367   Thumb Code   266  main.o(.text)
    device_manager_event_handler             0x00018471   Thumb Code   464  main.o(.text)
    adv_report_parse                         0x00018641   Thumb Code    52  main.o(.text)
    on_ble_evt                               0x00018675   Thumb Code  1122  main.o(.text)
    on_sys_evt                               0x00018ad7   Thumb Code    42  main.o(.text)
    ble_evt_dispatch                         0x00018b01   Thumb Code    42  main.o(.text)
    sys_evt_dispatch                         0x00018b2b   Thumb Code    18  main.o(.text)
    ble_stack_init                           0x00018b3d   Thumb Code   110  main.o(.text)
    device_manager_init                      0x00018bab   Thumb Code   204  main.o(.text)
    leds_init                                0x00018c77   Thumb Code    22  main.o(.text)
    buttons_init                             0x00018c8d   Thumb Code     2  main.o(.text)
    power_manage                             0x00018c91   Thumb Code    32  main.o(.text)
    hrs_c_evt_handler                        0x00018cb1   Thumb Code    88  main.o(.text)
    bas_c_evt_handler                        0x00018d09   Thumb Code   156  main.o(.text)
    hrs_c_init                               0x00018da5   Thumb Code    42  main.o(.text)
    bas_c_init                               0x00018dcf   Thumb Code    42  main.o(.text)
    db_discovery_init                        0x00018df9   Thumb Code    34  main.o(.text)
    .text                                    0x00019028   Section        0  ble_hrs_c.o(.text)
    tx_buffer_process                        0x00019029   Thumb Code   140  ble_hrs_c.o(.text)
    on_write_rsp                             0x000190b5   Thumb Code    12  ble_hrs_c.o(.text)
    on_hvx                                   0x000190c1   Thumb Code    80  ble_hrs_c.o(.text)
    db_discover_evt_handler                  0x00019111   Thumb Code   128  ble_hrs_c.o(.text)
    cccd_configure                           0x00019239   Thumb Code   102  ble_hrs_c.o(.text)
    .text                                    0x00019398   Section        0  ble_bas_c.o(.text)
    tx_buffer_process                        0x00019399   Thumb Code   140  ble_bas_c.o(.text)
    on_write_rsp                             0x00019425   Thumb Code    12  ble_bas_c.o(.text)
    on_read_rsp                              0x00019431   Thumb Code    42  ble_bas_c.o(.text)
    on_hvx                                   0x0001945b   Thumb Code    34  ble_bas_c.o(.text)
    db_discovery_evt_handler                 0x0001947d   Thumb Code   142  ble_bas_c.o(.text)
    cccd_configure                           0x0001950b   Thumb Code   102  ble_bas_c.o(.text)
    .text                                    0x00019714   Section        0  app_trace.o(.text)
    .text                                    0x0001976c   Section        0  simple_uart.o(.text)
    nrf_gpio_cfg_output                      0x00019853   Thumb Code    18  simple_uart.o(.text)
    nrf_gpio_cfg_input                       0x00019865   Thumb Code    20  simple_uart.o(.text)
    .text                                    0x00019888   Section        0  pstorage.o(.text)
    cmd_queue_element_init                   0x00019889   Thumb Code    56  pstorage.o(.text)
    cmd_queue_init                           0x000198c1   Thumb Code    40  pstorage.o(.text)
    swap_state_process                       0x000198e9   Thumb Code   568  pstorage.o(.text)
    cmd_process                              0x00019b21   Thumb Code   380  pstorage.o(.text)
    cmd_queue_enqueue                        0x00019c9d   Thumb Code   138  pstorage.o(.text)
    cmd_queue_dequeue                        0x00019d27   Thumb Code    32  pstorage.o(.text)
    app_notify                               0x00019d47   Thumb Code   100  pstorage.o(.text)
    is_word_aligned                          0x0001a513   Thumb Code    16  pstorage.o(.text)
    .text                                    0x0001a530   Section        0  device_manager_central.o(.text)
    connection_instance_init                 0x0001a531   Thumb Code    50  device_manager_central.o(.text)
    peer_instance_init                       0x0001a563   Thumb Code    76  device_manager_central.o(.text)
    connection_instance_find                 0x0001a5af   Thumb Code    62  device_manager_central.o(.text)
    device_instance_free                     0x0001a5ed   Thumb Code    44  device_manager_central.o(.text)
    device_instance_find                     0x0001a619   Thumb Code    54  device_manager_central.o(.text)
    storage_operation_dummy_handler          0x0001a64f   Thumb Code     8  device_manager_central.o(.text)
    device_context_store                     0x0001a657   Thumb Code   172  device_manager_central.o(.text)
    gatts_context_store                      0x0001a703   Thumb Code   178  device_manager_central.o(.text)
    gattc_context_store                      0x0001a7b5   Thumb Code     6  device_manager_central.o(.text)
    gatts_context_load                       0x0001a7bb   Thumb Code    62  device_manager_central.o(.text)
    gattc_context_load                       0x0001a7f9   Thumb Code     6  device_manager_central.o(.text)
    gatts_context_apply                      0x0001a7ff   Thumb Code   116  device_manager_central.o(.text)
    gattc_context_apply                      0x0001a873   Thumb Code     6  device_manager_central.o(.text)
    dm_pstorage_cb_handler                   0x0001a90f   Thumb Code   594  device_manager_central.o(.text)
    update_status_bit_reset                  0x0001bd01   Thumb Code    16  device_manager_central.o(.text)
    device_instance_allocate                 0x0001bd11   Thumb Code   118  device_manager_central.o(.text)
    app_evt_notify                           0x0001bd87   Thumb Code    22  device_manager_central.o(.text)
    no_service_context_store                 0x0001bd9d   Thumb Code     6  device_manager_central.o(.text)
    gattsc_context_store                     0x0001bda3   Thumb Code    30  device_manager_central.o(.text)
    no_service_context_load                  0x0001bdc1   Thumb Code     6  device_manager_central.o(.text)
    gattsc_context_load                      0x0001bdc7   Thumb Code    70  device_manager_central.o(.text)
    no_service_context_apply                 0x0001be0d   Thumb Code     6  device_manager_central.o(.text)
    gattsc_context_apply                     0x0001be13   Thumb Code    26  device_manager_central.o(.text)
    .text                                    0x0001be2c   Section        0  app_gpiote.o(.text)
    sense_level_toggle                       0x0001be2d   Thumb Code   124  app_gpiote.o(.text)
    pins_sense_disable                       0x0001bf43   Thumb Code    96  app_gpiote.o(.text)
    NVIC_SetPriority                         0x0001c1f3   Thumb Code   110  app_gpiote.o(.text)
    .text                                    0x0001c288   Section        0  app_timer.o(.text)
    NVIC_SetPriority                         0x0001c289   Thumb Code   110  app_timer.o(.text)
    rtc1_init                                0x0001c2f7   Thumb Code    18  app_timer.o(.text)
    rtc1_start                               0x0001c309   Thumb Code    48  app_timer.o(.text)
    rtc1_stop                                0x0001c339   Thumb Code    68  app_timer.o(.text)
    timer_list_insert                        0x0001c37d   Thumb Code   206  app_timer.o(.text)
    timer_list_remove                        0x0001c44b   Thumb Code   162  app_timer.o(.text)
    timer_timeouts_check_sched               0x0001c4ed   Thumb Code    10  app_timer.o(.text)
    timer_list_handler_sched                 0x0001c4f7   Thumb Code    10  app_timer.o(.text)
    timeout_handler_exec                     0x0001c501   Thumb Code    60  app_timer.o(.text)
    timer_timeouts_check                     0x0001c53d   Thumb Code   128  app_timer.o(.text)
    elapsed_ticks_acquire                    0x0001c5bd   Thumb Code    82  app_timer.o(.text)
    list_deletions_handler                   0x0001c60f   Thumb Code   284  app_timer.o(.text)
    expired_timers_handler                   0x0001c72b   Thumb Code    98  app_timer.o(.text)
    list_insertions_handler                  0x0001c78d   Thumb Code   260  app_timer.o(.text)
    compare_reg_update                       0x0001c891   Thumb Code   122  app_timer.o(.text)
    timer_list_handler                       0x0001c90b   Thumb Code    70  app_timer.o(.text)
    user_op_enque                            0x0001c951   Thumb Code     4  app_timer.o(.text)
    user_op_alloc                            0x0001c955   Thumb Code    44  app_timer.o(.text)
    timer_start_op_schedule                  0x0001c981   Thumb Code    80  app_timer.o(.text)
    timer_stop_op_schedule                   0x0001c9d1   Thumb Code    58  app_timer.o(.text)
    timer_stop_all_op_schedule               0x0001ca0b   Thumb Code    58  app_timer.o(.text)
    user_id_get                              0x0001cbd3   Thumb Code   108  app_timer.o(.text)
    NVIC_EnableIRQ                           0x0001cd1b   Thumb Code    14  app_timer.o(.text)
    NVIC_SetPendingIRQ                       0x0001cd29   Thumb Code    14  app_timer.o(.text)
    NVIC_ClearPendingIRQ                     0x0001cd37   Thumb Code    16  app_timer.o(.text)
    rtc1_counter_get                         0x0001cd47   Thumb Code     6  app_timer.o(.text)
    ticks_diff_get                           0x0001cd4d   Thumb Code    10  app_timer.o(.text)
    .text                                    0x0001cd88   Section        0  softdevice_handler.o(.text)
    .text                                    0x0001cf58   Section        0  ble_db_discovery.o(.text)
    registered_handler_get                   0x0001cf59   Thumb Code    56  ble_db_discovery.o(.text)
    registered_handler_set                   0x0001cf91   Thumb Code    58  ble_db_discovery.o(.text)
    pending_user_evts_send                   0x0001cfcb   Thumb Code    42  ble_db_discovery.o(.text)
    discovery_error_evt_trigger              0x0001cff5   Thumb Code   124  ble_db_discovery.o(.text)
    discovery_complete_evt_trigger           0x0001d071   Thumb Code   154  ble_db_discovery.o(.text)
    on_srv_disc_completion                   0x0001d10b   Thumb Code   130  ble_db_discovery.o(.text)
    is_char_discovery_reqd                   0x0001d18d   Thumb Code    30  ble_db_discovery.o(.text)
    is_desc_discovery_reqd                   0x0001d1ab   Thumb Code    84  ble_db_discovery.o(.text)
    characteristics_discover                 0x0001d1ff   Thumb Code    80  ble_db_discovery.o(.text)
    descriptors_discover                     0x0001d24f   Thumb Code   178  ble_db_discovery.o(.text)
    on_primary_srv_discovery_rsp             0x0001d301   Thumb Code   112  ble_db_discovery.o(.text)
    on_characteristic_discovery_rsp          0x0001d371   Thumb Code   290  ble_db_discovery.o(.text)
    on_descriptor_discovery_rsp              0x0001d493   Thumb Code   194  ble_db_discovery.o(.text)
    .text                                    0x0001d708   Section        0  noretval__2printf.o(.text)
    .text                                    0x0001d724   Section        0  noretval__2sprintf.o(.text)
    .text                                    0x0001d74c   Section        0  _printf_pad.o(.text)
    .text                                    0x0001d79a   Section        0  _printf_str.o(.text)
    .text                                    0x0001d7ec   Section        0  _printf_dec.o(.text)
    .text                                    0x0001d858   Section        0  _printf_hex_int.o(.text)
    .text                                    0x0001d8b0   Section        0  __printf_flags_wp.o(.text)
    .text                                    0x0001d9e8   Section        0  memcmp.o(.text)
    .text                                    0x0001da42   Section        0  rt_memcpy.o(.text)
    .text                                    0x0001dac4   Section        0  rt_memclr.o(.text)
    .text                                    0x0001db04   Section      346  aeabi_sdiv.o(.text)
    .text                                    0x0001dc5e   Section        0  heapauxi.o(.text)
    .text                                    0x0001dc64   Section        0  _printf_intcommon.o(.text)
    .text                                    0x0001dd14   Section        0  _printf_char_common.o(.text)
    _printf_input_char                       0x0001dd15   Thumb Code    10  _printf_char_common.o(.text)
    .text                                    0x0001dd44   Section        0  _sputc.o(.text)
    .text                                    0x0001dd4e   Section        0  _printf_char.o(.text)
    .text                                    0x0001dd7c   Section        0  _printf_char_file.o(.text)
    .text                                    0x0001dda4   Section        0  rtudiv10.o(.text)
    .text                                    0x0001ddcc   Section        0  ferror.o(.text)
    .text                                    0x0001ddd4   Section       62  sys_stackheap_outer.o(.text)
    .text                                    0x0001de12   Section        0  exit.o(.text)
    .text                                    0x0001de20   Section        8  libspace.o(.text)
    .text                                    0x0001de28   Section        0  sys_exit.o(.text)
    .text                                    0x0001de34   Section        2  use_no_semi.o(.text)
    .text                                    0x0001de36   Section        0  indicate_semi.o(.text)
    i.__ARM_common_switch8                   0x0001de36   Section        0  pstorage.o(i.__ARM_common_switch8)
    i._is_digit                              0x0001de52   Section        0  __printf_wp.o(i._is_digit)
    .constdata                               0x0001de60   Section       73  main.o(.constdata)
    m_connection_param                       0x0001de60   Data           8  main.o(.constdata)
    .constdata                               0x0001deac   Section      178  ble_hrs_c.o(.constdata)
    .constdata                               0x0001df60   Section      162  ble_bas_c.o(.constdata)
    .constdata                               0x0001e004   Section      120  device_manager_central.o(.constdata)
    .constdata                               0x0001e07c   Section      264  ble_db_discovery.o(.constdata)
    .constdata                               0x0001e184   Section       40  _printf_hex_int.o(.constdata)
    uc_hextab                                0x0001e184   Data          20  _printf_hex_int.o(.constdata)
    lc_hextab                                0x0001e198   Data          20  _printf_hex_int.o(.constdata)
    .constdata                               0x0001e1ac   Section       17  __printf_flags_wp.o(.constdata)
    maptable                                 0x0001e1ac   Data          17  __printf_flags_wp.o(.constdata)
    .data                                    0x20002800   Section        4  system_nrf51.o(.data)
    __tagsym$$used                           0x20002800   Number         0  system_nrf51.o(.data)
    .data                                    0x20002804   Section        8  main.o(.data)
    m_peer_count                             0x20002804   Data           1  main.o(.data)
    m_memory_access_in_progress              0x20002805   Data           1  main.o(.data)
    m_dm_app_id                              0x20002806   Data           1  main.o(.data)
    m_dm_device_handle                       0x20002807   Data           4  main.o(.data)
    m_scan_mode                              0x2000280b   Data           1  main.o(.data)
    .data                                    0x2000280c   Section       13  ble_hrs_c.o(.data)
    m_tx_insert_index                        0x2000280c   Data           4  ble_hrs_c.o(.data)
    m_tx_index                               0x20002810   Data           4  ble_hrs_c.o(.data)
    mp_ble_hrs_c                             0x20002814   Data           4  ble_hrs_c.o(.data)
    m_base_uuid_type                         0x20002818   Data           1  ble_hrs_c.o(.data)
    .data                                    0x2000281c   Section       12  ble_bas_c.o(.data)
    m_tx_insert_index                        0x2000281c   Data           4  ble_bas_c.o(.data)
    m_tx_index                               0x20002820   Data           4  ble_bas_c.o(.data)
    mp_ble_bas_c                             0x20002824   Data           4  ble_bas_c.o(.data)
    .data                                    0x20002828   Section        8  app_trace.o(.data)
    .data                                    0x20002830   Section       16  pstorage.o(.data)
    m_module_initialized                     0x20002830   Data           1  pstorage.o(.data)
    m_next_app_instance                      0x20002832   Data           2  pstorage.o(.data)
    m_next_page_addr                         0x20002834   Data           4  pstorage.o(.data)
    m_round_val                              0x20002838   Data           2  pstorage.o(.data)
    m_swap_state                             0x2000283c   Data           4  pstorage.o(.data)
    .data                                    0x20002840   Section       16  device_manager_central.o(.data)
    m_module_initialized                     0x20002840   Data           1  device_manager_central.o(.data)
    m_storage_handle                         0x20002844   Data           8  device_manager_central.o(.data)
    m_peer_addr_update                       0x2000284c   Data           4  device_manager_central.o(.data)
    .data                                    0x20002850   Section       10  app_gpiote.o(.data)
    mp_users                                 0x20002850   Data           4  app_gpiote.o(.data)
    m_enabled_users_mask                     0x20002854   Data           4  app_gpiote.o(.data)
    m_user_array_size                        0x20002858   Data           1  app_gpiote.o(.data)
    m_user_count                             0x20002859   Data           1  app_gpiote.o(.data)
    .data                                    0x2000285c   Section       37  app_timer.o(.data)
    mp_nodes                                 0x2000285c   Data           4  app_timer.o(.data)
    m_node_array_size                        0x20002860   Data           1  app_timer.o(.data)
    m_user_array_size                        0x20002861   Data           1  app_timer.o(.data)
    mp_users                                 0x20002864   Data           4  app_timer.o(.data)
    m_timer_id_head                          0x20002868   Data           4  app_timer.o(.data)
    m_ticks_latest                           0x2000286c   Data           4  app_timer.o(.data)
    m_ticks_elapsed                          0x20002870   Data           8  app_timer.o(.data)
    m_ticks_elapsed_q_read_ind               0x20002878   Data           1  app_timer.o(.data)
    m_ticks_elapsed_q_write_ind              0x20002879   Data           1  app_timer.o(.data)
    m_evt_schedule_func                      0x2000287c   Data           4  app_timer.o(.data)
    m_rtc1_running                           0x20002880   Data           1  app_timer.o(.data)
    .data                                    0x20002884   Section       24  softdevice_handler.o(.data)
    m_softdevice_enabled                     0x20002884   Data           1  softdevice_handler.o(.data)
    m_evt_schedule_func                      0x20002888   Data           4  softdevice_handler.o(.data)
    m_evt_buffer                             0x2000288c   Data           4  softdevice_handler.o(.data)
    m_ble_evt_buffer_size                    0x20002890   Data           2  softdevice_handler.o(.data)
    m_ble_evt_handler                        0x20002894   Data           4  softdevice_handler.o(.data)
    m_sys_evt_handler                        0x20002898   Data           4  softdevice_handler.o(.data)
    .data                                    0x2000289c   Section       16  ble_db_discovery.o(.data)
    m_initialized                            0x2000289c   Data           1  ble_db_discovery.o(.data)
    m_pending_usr_evt_index                  0x200028a0   Data           4  ble_db_discovery.o(.data)
    m_num_of_handlers_reg                    0x200028a4   Data           4  ble_db_discovery.o(.data)
    m_num_of_discoveries_made                0x200028a8   Data           4  ble_db_discovery.o(.data)
    .bss                                     0x200028ac   Section      212  main.o(.bss)
    EVT_BUFFER                               0x200028ac   Data          72  main.o(.bss)
    m_ble_db_discovery                       0x200028f4   Data          98  main.o(.bss)
    m_ble_hrs_c                              0x20002958   Data          12  main.o(.bss)
    m_ble_bas_c                              0x20002964   Data          12  main.o(.bss)
    m_scan_param                             0x20002970   Data          16  main.o(.bss)
    .bss                                     0x20002980   Section      220  ble_hrs_c.o(.bss)
    m_tx_buffer                              0x20002980   Data         192  ble_hrs_c.o(.bss)
    m_nus                                    0x20002a40   Data          28  ble_hrs_c.o(.bss)
    .bss                                     0x20002a5c   Section      192  ble_bas_c.o(.bss)
    m_tx_buffer                              0x20002a5c   Data         192  ble_bas_c.o(.bss)
    .bss                                     0x20002b1c   Section      220  pstorage.o(.bss)
    m_cmd_queue                              0x20002b1c   Data         204  pstorage.o(.bss)
    m_app_table                              0x20002be8   Data          16  pstorage.o(.bss)
    .bss                                     0x20002bf8   Section      283  device_manager_central.o(.bss)
    m_app_context_table                      0x20002bf8   Data          28  device_manager_central.o(.bss)
    m_peer_table                             0x20002c14   Data         168  device_manager_central.o(.bss)
    m_bond_table                             0x20002cbc   Data          28  device_manager_central.o(.bss)
    m_gatts_table                            0x20002cd8   Data          12  device_manager_central.o(.bss)
    m_connection_table                       0x20002ce4   Data          12  device_manager_central.o(.bss)
    m_application_table                      0x20002cf0   Data          12  device_manager_central.o(.bss)
    m_local_id_info                          0x20002cfc   Data          23  device_manager_central.o(.bss)
    .bss                                     0x20002d14   Section      136  ble_db_discovery.o(.bss)
    m_registered_handlers                    0x20002d14   Data          16  ble_db_discovery.o(.bss)
    m_pending_user_evts                      0x20002d24   Data         120  ble_db_discovery.o(.bss)
    .bss                                     0x20002d9c   Section       96  libspace.o(.bss)
    HEAP                                     0x20002e00   Section     2048  arm_startup_nrf51.o(HEAP)
    Heap_Mem                                 0x20002e00   Data        2048  arm_startup_nrf51.o(HEAP)
    STACK                                    0x20003600   Section     2048  arm_startup_nrf51.o(STACK)
    Stack_Mem                                0x20003600   Data        2048  arm_startup_nrf51.o(STACK)
    __initial_sp                             0x20003e00   Data           0  arm_startup_nrf51.o(STACK)

    Global Symbols

    Symbol Name                              Value     Ov Type        Size  Object(Section)

    BuildAttributes$$THM_ISAv3M$S$PE$A:L22$X:L11$S22$IEEE1$IW$USESV6$~STKCKD$USESV7$ENUMINT$~SHL$OSPACE$ROPI$EBA8$UX$STANDARDLIB$REQ8$PRES8$EABIv2 0x00000000   Number         0  anon$$obj.o ABSOLUTE
    __ARM_use_no_argv                        0x00000000   Number         0  main.o ABSOLUTE
    _printf_flags                            0x00000000   Number         0  printf_stubs.o ABSOLUTE
    _printf_return_value                     0x00000000   Number         0  printf_stubs.o ABSOLUTE
    _printf_sizespec                         0x00000000   Number         0  printf_stubs.o ABSOLUTE
    _printf_widthprec                        0x00000000   Number         0  printf_stubs.o ABSOLUTE
    __ARM_exceptions_init                     - Undefined Weak Reference
    __alloca_initialize                       - Undefined Weak Reference
    __cpp_initialize__aeabi_                  - Undefined Weak Reference
    __cxa_finalize                            - Undefined Weak Reference
    __rt_locale                               - Undefined Weak Reference
    __sigvec_lookup                           - Undefined Weak Reference
    _atexit_init                              - Undefined Weak Reference
    _call_atexit_fns                          - Undefined Weak Reference
    _clock_init                               - Undefined Weak Reference
    _fp_trap_init                             - Undefined Weak Reference
    _fp_trap_shutdown                         - Undefined Weak Reference
    _get_lc_collate                           - Undefined Weak Reference
    _get_lc_ctype                             - Undefined Weak Reference
    _get_lc_monetary                          - Undefined Weak Reference
    _get_lc_numeric                           - Undefined Weak Reference
    _get_lc_time                              - Undefined Weak Reference
    _getenv_init                              - Undefined Weak Reference
    _handle_redirection                       - Undefined Weak Reference
    _init_alloc                               - Undefined Weak Reference
    _init_user_alloc                          - Undefined Weak Reference
    _initio                                   - Undefined Weak Reference
    _mutex_acquire                            - Undefined Weak Reference
    _mutex_release                            - Undefined Weak Reference
    _printf_mbtowc                            - Undefined Weak Reference
    _printf_truncate_signed                   - Undefined Weak Reference
    _printf_truncate_unsigned                 - Undefined Weak Reference
    _rand_init                                - Undefined Weak Reference
    _signal_finish                            - Undefined Weak Reference
    _signal_init                              - Undefined Weak Reference
    _terminate_alloc                          - Undefined Weak Reference
    _terminate_user_alloc                     - Undefined Weak Reference
    _terminateio                              - Undefined Weak Reference
    __Vectors_Size                           0x000000c0   Number         0  arm_startup_nrf51.o ABSOLUTE
    __Vectors                                0x00018000   Data           4  arm_startup_nrf51.o(RESET)
    __Vectors_End                            0x000180c0   Data           0  arm_startup_nrf51.o(RESET)
    __main                                   0x000180c1   Thumb Code     8  __main.o(!!!main)
    __scatterload                            0x000180c9   Thumb Code     0  __scatter.o(!!!scatter)
    __scatterload_rt2                        0x000180c9   Thumb Code    52  __scatter.o(!!!scatter)
    __scatterload_rt2_thumb_only             0x000180c9   Thumb Code     0  __scatter.o(!!!scatter)
    __scatterload_null                       0x000180d9   Thumb Code     0  __scatter.o(!!!scatter)
    __scatterload_copy                       0x00018105   Thumb Code    26  __scatter_copy.o(!!handler_copy)
    __scatterload_zeroinit                   0x00018121   Thumb Code    28  __scatter_zi.o(!!handler_zi)
    _printf_percent                          0x0001813d   Thumb Code     0  _printf_percent.o(.ARM.Collect$$_printf_percent$$00000000)
    _printf_d                                0x0001813f   Thumb Code     0  _printf_d.o(.ARM.Collect$$_printf_percent$$00000009)
    _printf_x                                0x00018149   Thumb Code     0  _printf_x.o(.ARM.Collect$$_printf_percent$$0000000C)
    _printf_s                                0x00018153   Thumb Code     0  _printf_s.o(.ARM.Collect$$_printf_percent$$00000014)
    _printf_percent_end                      0x0001815d   Thumb Code     0  _printf_percent_end.o(.ARM.Collect$$_printf_percent$$00000017)
    __rt_lib_init                            0x00018161   Thumb Code     0  libinit.o(.ARM.Collect$$libinit$$00000000)
    __rt_lib_init_fp_1                       0x00018163   Thumb Code     0  libinit2.o(.ARM.Collect$$libinit$$00000001)
    __rt_lib_init_alloca_1                   0x00018167   Thumb Code     0  libinit2.o(.ARM.Collect$$libinit$$0000002C)
    __rt_lib_init_argv_1                     0x00018167   Thumb Code     0  libinit2.o(.ARM.Collect$$libinit$$0000002A)
    __rt_lib_init_atexit_1                   0x00018167   Thumb Code     0  libinit2.o(.ARM.Collect$$libinit$$00000019)
    __rt_lib_init_clock_1                    0x00018167   Thumb Code     0  libinit2.o(.ARM.Collect$$libinit$$0000001F)
    __rt_lib_init_cpp_1                      0x00018167   Thumb Code     0  libinit2.o(.ARM.Collect$$libinit$$00000030)
    __rt_lib_init_exceptions_1               0x00018167   Thumb Code     0  libinit2.o(.ARM.Collect$$libinit$$0000002E)
    __rt_lib_init_fp_trap_1                  0x00018167   Thumb Code     0  libinit2.o(.ARM.Collect$$libinit$$0000001D)
    __rt_lib_init_getenv_1                   0x00018167   Thumb Code     0  libinit2.o(.ARM.Collect$$libinit$$00000021)
    __rt_lib_init_heap_1                     0x00018167   Thumb Code     0  libinit2.o(.ARM.Collect$$libinit$$00000008)
    __rt_lib_init_lc_collate_1               0x00018167   Thumb Code     0  libinit2.o(.ARM.Collect$$libinit$$0000000F)
    __rt_lib_init_lc_ctype_1                 0x00018167   Thumb Code     0  libinit2.o(.ARM.Collect$$libinit$$00000011)
    __rt_lib_init_lc_monetary_1              0x00018167   Thumb Code     0  libinit2.o(.ARM.Collect$$libinit$$00000013)
    __rt_lib_init_lc_numeric_1               0x00018167   Thumb Code     0  libinit2.o(.ARM.Collect$$libinit$$00000015)
    __rt_lib_init_lc_time_1                  0x00018167   Thumb Code     0  libinit2.o(.ARM.Collect$$libinit$$00000017)
    __rt_lib_init_rand_1                     0x00018167   Thumb Code     0  libinit2.o(.ARM.Collect$$libinit$$0000000C)
    __rt_lib_init_return                     0x00018167   Thumb Code     0  libinit2.o(.ARM.Collect$$libinit$$00000031)
    __rt_lib_init_signal_1                   0x00018167   Thumb Code     0  libinit2.o(.ARM.Collect$$libinit$$0000001B)
    __rt_lib_init_stdio_1                    0x00018167   Thumb Code     0  libinit2.o(.ARM.Collect$$libinit$$00000023)
    __rt_lib_init_user_alloc_1               0x00018167   Thumb Code     0  libinit2.o(.ARM.Collect$$libinit$$0000000A)
    __rt_lib_shutdown                        0x00018169   Thumb Code     0  libshutdown.o(.ARM.Collect$$libshutdown$$00000000)
    __rt_lib_shutdown_fp_trap_1              0x0001816b   Thumb Code     0  libshutdown2.o(.ARM.Collect$$libshutdown$$00000006)
    __rt_lib_shutdown_heap_1                 0x0001816b   Thumb Code     0  libshutdown2.o(.ARM.Collect$$libshutdown$$0000000E)
    __rt_lib_shutdown_return                 0x0001816b   Thumb Code     0  libshutdown2.o(.ARM.Collect$$libshutdown$$0000000F)
    __rt_lib_shutdown_signal_1               0x0001816b   Thumb Code     0  libshutdown2.o(.ARM.Collect$$libshutdown$$00000009)
    __rt_lib_shutdown_stdio_1                0x0001816b   Thumb Code     0  libshutdown2.o(.ARM.Collect$$libshutdown$$00000003)
    __rt_lib_shutdown_user_alloc_1           0x0001816b   Thumb Code     0  libshutdown2.o(.ARM.Collect$$libshutdown$$0000000B)
    __rt_entry                               0x0001816d   Thumb Code     0  rtentry.o(.ARM.Collect$$rtentry$$00000000)
    __rt_entry_presh_1                       0x0001816d   Thumb Code     0  rtentry2.o(.ARM.Collect$$rtentry$$00000002)
    __rt_entry_sh                            0x0001816d   Thumb Code     0  rtentry4.o(.ARM.Collect$$rtentry$$00000004)
    __rt_entry_li                            0x00018173   Thumb Code     0  rtentry2.o(.ARM.Collect$$rtentry$$0000000A)
    __rt_entry_postsh_1                      0x00018173   Thumb Code     0  rtentry2.o(.ARM.Collect$$rtentry$$00000009)
    __rt_entry_main                          0x00018177   Thumb Code     0  rtentry2.o(.ARM.Collect$$rtentry$$0000000D)
    __rt_entry_postli_1                      0x00018177   Thumb Code     0  rtentry2.o(.ARM.Collect$$rtentry$$0000000C)
    __rt_exit                                0x0001817f   Thumb Code     0  rtexit.o(.ARM.Collect$$rtexit$$00000000)
    __rt_exit_ls                             0x00018181   Thumb Code     0  rtexit2.o(.ARM.Collect$$rtexit$$00000003)
    __rt_exit_prels_1                        0x00018181   Thumb Code     0  rtexit2.o(.ARM.Collect$$rtexit$$00000002)
    __rt_exit_exit                           0x00018185   Thumb Code     0  rtexit2.o(.ARM.Collect$$rtexit$$00000004)
    __asm___13_simple_uart_c_5dda6715__nrf_delay_us 0x0001818d   Thumb Code    30  simple_uart.o(.emb_text)
    __asm___11_app_timer_c_cd27f9c3__nrf_delay_us 0x000181ad   Thumb Code    30  app_timer.o(.emb_text)
    __aeabi_memcpy4                          0x000181cd   Thumb Code    56  rt_memcpy.o(.emb_text)
    __aeabi_memcpy8                          0x000181cd   Thumb Code     0  rt_memcpy.o(.emb_text)
    Reset_Handler                            0x00018205   Thumb Code    26  arm_startup_nrf51.o(.text)
    NMI_Handler                              0x0001821f   Thumb Code     2  arm_startup_nrf51.o(.text)
    HardFault_Handler                        0x00018221   Thumb Code     2  arm_startup_nrf51.o(.text)
    SVC_Handler                              0x00018223   Thumb Code     2  arm_startup_nrf51.o(.text)
    PendSV_Handler                           0x00018225   Thumb Code     2  arm_startup_nrf51.o(.text)
    SysTick_Handler                          0x00018227   Thumb Code     2  arm_startup_nrf51.o(.text)
    ADC_IRQHandler                           0x00018229   Thumb Code     0  arm_startup_nrf51.o(.text)
    CCM_AAR_IRQHandler                       0x00018229   Thumb Code     0  arm_startup_nrf51.o(.text)
    ECB_IRQHandler                           0x00018229   Thumb Code     0  arm_startup_nrf51.o(.text)
    LPCOMP_IRQHandler                        0x00018229   Thumb Code     0  arm_startup_nrf51.o(.text)
    POWER_CLOCK_IRQHandler                   0x00018229   Thumb Code     0  arm_startup_nrf51.o(.text)
    QDEC_IRQHandler                          0x00018229   Thumb Code     0  arm_startup_nrf51.o(.text)
    RADIO_IRQHandler                         0x00018229   Thumb Code     0  arm_startup_nrf51.o(.text)
    RNG_IRQHandler                           0x00018229   Thumb Code     0  arm_startup_nrf51.o(.text)
    RTC0_IRQHandler                          0x00018229   Thumb Code     0  arm_startup_nrf51.o(.text)
    SPI0_TWI0_IRQHandler                     0x00018229   Thumb Code     0  arm_startup_nrf51.o(.text)
    SPI1_TWI1_IRQHandler                     0x00018229   Thumb Code     0  arm_startup_nrf51.o(.text)
    SWI1_IRQHandler                          0x00018229   Thumb Code     0  arm_startup_nrf51.o(.text)
    SWI3_IRQHandler                          0x00018229   Thumb Code     0  arm_startup_nrf51.o(.text)
    SWI4_IRQHandler                          0x00018229   Thumb Code     0  arm_startup_nrf51.o(.text)
    SWI5_IRQHandler                          0x00018229   Thumb Code     0  arm_startup_nrf51.o(.text)
    TEMP_IRQHandler                          0x00018229   Thumb Code     0  arm_startup_nrf51.o(.text)
    TIMER0_IRQHandler                        0x00018229   Thumb Code     0  arm_startup_nrf51.o(.text)
    TIMER1_IRQHandler                        0x00018229   Thumb Code     0  arm_startup_nrf51.o(.text)
    TIMER2_IRQHandler                        0x00018229   Thumb Code     0  arm_startup_nrf51.o(.text)
    UART0_IRQHandler                         0x00018229   Thumb Code     0  arm_startup_nrf51.o(.text)
    WDT_IRQHandler                           0x00018229   Thumb Code     0  arm_startup_nrf51.o(.text)
    __user_initial_stackheap                 0x0001822d   Thumb Code     0  arm_startup_nrf51.o(.text)
    SystemCoreClockUpdate                    0x00018259   Thumb Code     8  system_nrf51.o(.text)
    SystemInit                               0x000182ef   Thumb Code    38  system_nrf51.o(.text)
    app_error_handler                        0x00018331   Thumb Code    40  main.o(.text)
    assert_nrf_callback                      0x00018359   Thumb Code    14  main.o(.text)
    nrf6350_init                             0x00018c8f   Thumb Code     2  main.o(.text)
    main                                     0x00018e1b   Thumb Code   526  main.o(.text)
    ble_hrs_c_init                           0x00019191   Thumb Code   102  ble_hrs_c.o(.text)
    ble_hrs_c_on_ble_evt                     0x000191f7   Thumb Code    66  ble_hrs_c.o(.text)
    ble_hrs_c_hrm_notif_enable               0x0001929f   Thumb Code    24  ble_hrs_c.o(.text)
    ble_bas_c_init                           0x00019571   Thumb Code    74  ble_bas_c.o(.text)
    ble_bas_c_on_ble_evt                     0x000195bb   Thumb Code    80  ble_bas_c.o(.text)
    ble_bas_c_bl_notif_enable                0x0001960b   Thumb Code    24  ble_bas_c.o(.text)
    ble_bas_c_bl_read                        0x00019623   Thumb Code    58  ble_bas_c.o(.text)
    app_trace_init                           0x00019715   Thumb Code    20  app_trace.o(.text)
    fputc                                    0x00019729   Thumb Code    16  app_trace.o(.text)
    app_trace_dump                           0x00019739   Thumb Code    38  app_trace.o(.text)
    simple_uart_get                          0x0001976d   Thumb Code    24  simple_uart.o(.text)
    simple_uart_get_with_timeout             0x00019785   Thumb Code    62  simple_uart.o(.text)
    simple_uart_put                          0x000197c3   Thumb Code    22  simple_uart.o(.text)
    simple_uart_putstring                    0x000197d9   Thumb Code    32  simple_uart.o(.text)
    simple_uart_config                       0x000197f9   Thumb Code    90  simple_uart.o(.text)
    pstorage_sys_event_handler               0x00019dab   Thumb Code   326  pstorage.o(.text)
    pstorage_init                            0x00019ef1   Thumb Code   192  pstorage.o(.text)
    pstorage_register                        0x00019fb1   Thumb Code   392  pstorage.o(.text)
    pstorage_block_identifier_get            0x0001a139   Thumb Code   136  pstorage.o(.text)
    pstorage_store                           0x0001a1c1   Thumb Code   202  pstorage.o(.text)
    pstorage_update                          0x0001a28b   Thumb Code   202  pstorage.o(.text)
    pstorage_load                            0x0001a355   Thumb Code   226  pstorage.o(.text)
    pstorage_clear                           0x0001a437   Thumb Code   184  pstorage.o(.text)
    pstorage_access_status_get               0x0001a4ef   Thumb Code    36  pstorage.o(.text)
    initiate_security_request                0x0001a879   Thumb Code   124  device_manager_central.o(.text)
    dm_handle_initialize                     0x0001a8f5   Thumb Code    26  device_manager_central.o(.text)
    dm_init                                  0x0001ab61   Thumb Code   226  device_manager_central.o(.text)
    dm_register                              0x0001ac43   Thumb Code    98  device_manager_central.o(.text)
    dm_security_setup_req                    0x0001aca5   Thumb Code   390  device_manager_central.o(.text)
    dm_security_status_req                   0x0001ae2b   Thumb Code   172  device_manager_central.o(.text)
    dm_whitelist_create                      0x0001aed7   Thumb Code   252  device_manager_central.o(.text)
    dm_device_add                            0x0001afd3   Thumb Code     8  device_manager_central.o(.text)
    dm_device_delete                         0x0001afdb   Thumb Code   102  device_manager_central.o(.text)
    dm_device_delete_all                     0x0001b041   Thumb Code    96  device_manager_central.o(.text)
    dm_service_context_set                   0x0001b0a1   Thumb Code   210  device_manager_central.o(.text)
    dm_service_context_get                   0x0001b173   Thumb Code   236  device_manager_central.o(.text)
    dm_service_context_delete                0x0001b25f   Thumb Code    96  device_manager_central.o(.text)
    dm_application_context_set               0x0001b2bf   Thumb Code   214  device_manager_central.o(.text)
    dm_application_context_get               0x0001b395   Thumb Code   202  device_manager_central.o(.text)
    dm_application_context_delete            0x0001b45f   Thumb Code   158  device_manager_central.o(.text)
    dm_application_instance_set              0x0001b4fd   Thumb Code    74  device_manager_central.o(.text)
    dm_peer_addr_set                         0x0001b547   Thumb Code   222  device_manager_central.o(.text)
    dm_peer_addr_get                         0x0001b625   Thumb Code   178  device_manager_central.o(.text)
    dm_distributed_keys_get                  0x0001b6d7   Thumb Code   206  device_manager_central.o(.text)
    dm_ble_evt_handler                       0x0001b7a5   Thumb Code  1372  device_manager_central.o(.text)
    GPIOTE_IRQHandler                        0x0001bea9   Thumb Code   154  app_gpiote.o(.text)
    app_gpiote_init                          0x0001bfa3   Thumb Code   114  app_gpiote.o(.text)
    app_gpiote_user_register                 0x0001c015   Thumb Code   138  app_gpiote.o(.text)
    app_gpiote_user_enable                   0x0001c09f   Thumb Code   222  app_gpiote.o(.text)
    app_gpiote_user_disable                  0x0001c17d   Thumb Code    66  app_gpiote.o(.text)
    app_gpiote_pins_state_get                0x0001c1bf   Thumb Code    52  app_gpiote.o(.text)
    RTC1_IRQHandler                          0x0001ca45   Thumb Code    34  app_timer.o(.text)
    SWI0_IRQHandler                          0x0001ca67   Thumb Code     8  app_timer.o(.text)
    app_timer_init                           0x0001ca6f   Thumb Code   248  app_timer.o(.text)
    app_timer_create                         0x0001cb67   Thumb Code   108  app_timer.o(.text)
    app_timer_start                          0x0001cc3f   Thumb Code    98  app_timer.o(.text)
    app_timer_stop                           0x0001cca1   Thumb Code    60  app_timer.o(.text)
    app_timer_stop_all                       0x0001ccdd   Thumb Code    26  app_timer.o(.text)
    app_timer_cnt_get                        0x0001ccf7   Thumb Code    14  app_timer.o(.text)
    app_timer_cnt_diff_compute               0x0001cd05   Thumb Code    22  app_timer.o(.text)
    softdevice_assertion_handler             0x0001cd89   Thumb Code    18  softdevice_handler.o(.text)
    intern_softdevice_events_execute         0x0001cd9b   Thumb Code   168  softdevice_handler.o(.text)
    softdevice_handler_init                  0x0001ce43   Thumb Code    82  softdevice_handler.o(.text)
    softdevice_handler_sd_disable            0x0001ce95   Thumb Code    24  softdevice_handler.o(.text)
    softdevice_ble_evt_handler_set           0x0001cead   Thumb Code    18  softdevice_handler.o(.text)
    softdevice_sys_evt_handler_set           0x0001cebf   Thumb Code    18  softdevice_handler.o(.text)
    SWI2_IRQHandler                          0x0001ced1   Thumb Code    52  softdevice_handler.o(.text)
    ble_db_discovery_init                    0x0001d555   Thumb Code    24  ble_db_discovery.o(.text)
    ble_db_discovery_close                   0x0001d56d   Thumb Code    20  ble_db_discovery.o(.text)
    ble_db_discovery_evt_register            0x0001d581   Thumb Code    52  ble_db_discovery.o(.text)
    ble_db_discovery_start                   0x0001d5b5   Thumb Code   142  ble_db_discovery.o(.text)
    ble_db_discovery_on_ble_evt              0x0001d643   Thumb Code   126  ble_db_discovery.o(.text)
    __2printf                                0x0001d709   Thumb Code    22  noretval__2printf.o(.text)
    __2sprintf                               0x0001d725   Thumb Code    36  noretval__2sprintf.o(.text)
    _printf_pre_padding                      0x0001d74d   Thumb Code    44  _printf_pad.o(.text)
    _printf_post_padding                     0x0001d779   Thumb Code    34  _printf_pad.o(.text)
    _printf_str                              0x0001d79b   Thumb Code    82  _printf_str.o(.text)
    _printf_int_dec                          0x0001d7ed   Thumb Code    90  _printf_dec.o(.text)
    _printf_int_hex                          0x0001d859   Thumb Code    84  _printf_hex_int.o(.text)
    _printf_longlong_hex                     0x0001d859   Thumb Code     0  _printf_hex_int.o(.text)
    __printf                                 0x0001d8b1   Thumb Code   308  __printf_flags_wp.o(.text)
    memcmp                                   0x0001d9e9   Thumb Code    90  memcmp.o(.text)
    __aeabi_memcpy                           0x0001da43   Thumb Code   130  rt_memcpy.o(.text)
    __rt_memcpy                              0x0001da43   Thumb Code     0  rt_memcpy.o(.text)
    _memset_w                                0x0001dac5   Thumb Code    26  rt_memclr.o(.text)
    _memset                                  0x0001dadf   Thumb Code    30  rt_memclr.o(.text)
    __aeabi_memclr                           0x0001dafd   Thumb Code     4  rt_memclr.o(.text)
    __rt_memclr                              0x0001dafd   Thumb Code     0  rt_memclr.o(.text)
    __aeabi_memclr4                          0x0001db01   Thumb Code     0  rt_memclr.o(.text)
    __aeabi_memclr8                          0x0001db01   Thumb Code     0  rt_memclr.o(.text)
    __rt_memclr_w                            0x0001db01   Thumb Code     4  rt_memclr.o(.text)
    __aeabi_uidiv                            0x0001db05   Thumb Code     0  aeabi_sdiv.o(.text)
    __aeabi_uidivmod                         0x0001db05   Thumb Code    20  aeabi_sdiv.o(.text)
    __aeabi_idiv                             0x0001db19   Thumb Code     0  aeabi_sdiv.o(.text)
    __aeabi_idivmod                          0x0001db19   Thumb Code   326  aeabi_sdiv.o(.text)
    __use_two_region_memory                  0x0001dc5f   Thumb Code     2  heapauxi.o(.text)
    __rt_heap_escrow$2region                 0x0001dc61   Thumb Code     2  heapauxi.o(.text)
    __rt_heap_expand$2region                 0x0001dc63   Thumb Code     2  heapauxi.o(.text)
    _printf_int_common                       0x0001dc65   Thumb Code   176  _printf_intcommon.o(.text)
    _printf_char_common                      0x0001dd1f   Thumb Code    32  _printf_char_common.o(.text)
    _sputc                                   0x0001dd45   Thumb Code    10  _sputc.o(.text)
    _printf_cs_common                        0x0001dd4f   Thumb Code    22  _printf_char.o(.text)
    _printf_char                             0x0001dd65   Thumb Code    16  _printf_char.o(.text)
    _printf_string                           0x0001dd75   Thumb Code     8  _printf_char.o(.text)
    _printf_char_file                        0x0001dd7d   Thumb Code    34  _printf_char_file.o(.text)
    __rt_udiv10                              0x0001dda5   Thumb Code    40  rtudiv10.o(.text)
    ferror                                   0x0001ddcd   Thumb Code     8  ferror.o(.text)
    __user_setup_stackheap                   0x0001ddd5   Thumb Code    62  sys_stackheap_outer.o(.text)
    exit                                     0x0001de13   Thumb Code    12  exit.o(.text)
    __user_libspace                          0x0001de21   Thumb Code     8  libspace.o(.text)
    __user_perproc_libspace                  0x0001de21   Thumb Code     0  libspace.o(.text)
    __user_perthread_libspace                0x0001de21   Thumb Code     0  libspace.o(.text)
    _sys_exit                                0x0001de29   Thumb Code     8  sys_exit.o(.text)
    __I$use$semihosting                      0x0001de35   Thumb Code     0  use_no_semi.o(.text)
    __use_no_semihosting_swi                 0x0001de35   Thumb Code     2  use_no_semi.o(.text)
    __ARM_common_switch8                     0x0001de37   Thumb Code    28  pstorage.o(i.__ARM_common_switch8)
    __semihosting_library_function           0x0001de37   Thumb Code     0  indicate_semi.o(.text)
    _is_digit                                0x0001de53   Thumb Code    14  __printf_wp.o(i._is_digit)
    m_service_context_store                  0x0001e004   Data          16  device_manager_central.o(.constdata)
    m_service_context_load                   0x0001e014   Data          16  device_manager_central.o(.constdata)
    m_service_context_apply                  0x0001e024   Data          16  device_manager_central.o(.constdata)
    m_context_init_len                       0x0001e034   Data           4  device_manager_central.o(.constdata)
    Region$$Table$$Base                      0x0001e1c0   Number         0  anon$$obj.o(Region$$Table)
    Region$$Table$$Limit                     0x0001e1e0   Number         0  anon$$obj.o(Region$$Table)
    SystemCoreClock                          0x20002800   Data           4  system_nrf51.o(.data)
    __stdout                                 0x20002828   Data           4  app_trace.o(.data)
    __stdin                                  0x2000282c   Data           4  app_trace.o(.data)
    __libspace_start                         0x20002d9c   Data          96  libspace.o(.bss)
    __temporary_stack_top$libspace           0x20002dfc   Data           0  libspace.o(.bss)



==============================================================================

Memory Map of the image

  Image Entry point : 0x000180c1

  Load Region LR_IROM1 (Base: 0x00018000, Size: 0x0000628c, Max: 0x00027000, ABSOLUTE)

    Execution Region ER_IROM1 (Base: 0x00018000, Size: 0x000061e0, Max: 0x00027000, ABSOLUTE)

    Base Addr    Size         Type   Attr      Idx    E Section Name        Object

    0x00018000   0x000000c0   Data   RO            3    RESET               arm_startup_nrf51.o
    0x000180c0   0x00000008   Code   RO          890  * !!!main             c_p.l(__main.o)
    0x000180c8   0x0000003c   Code   RO         1075    !!!scatter          c_p.l(__scatter.o)
    0x00018104   0x0000001a   Code   RO         1077    !!handler_copy      c_p.l(__scatter_copy.o)
    0x0001811e   0x00000002   PAD
    0x00018120   0x0000001c   Code   RO         1079    !!handler_zi        c_p.l(__scatter_zi.o)
    0x0001813c   0x00000002   Code   RO          873    .ARM.Collect$$_printf_percent$$00000000  c_p.l(_printf_percent.o)
    0x0001813e   0x0000000a   Code   RO          872    .ARM.Collect$$_printf_percent$$00000009  c_p.l(_printf_d.o)
    0x00018148   0x0000000a   Code   RO          871    .ARM.Collect$$_printf_percent$$0000000C  c_p.l(_printf_x.o)
    0x00018152   0x0000000a   Code   RO          870    .ARM.Collect$$_printf_percent$$00000014  c_p.l(_printf_s.o)
    0x0001815c   0x00000004   Code   RO          907    .ARM.Collect$$_printf_percent$$00000017  c_p.l(_printf_percent_end.o)
    0x00018160   0x00000002   Code   RO          947    .ARM.Collect$$libinit$$00000000  c_p.l(libinit.o)
    0x00018162   0x00000004   Code   RO          960    .ARM.Collect$$libinit$$00000001  c_p.l(libinit2.o)
    0x00018166   0x00000000   Code   RO          964    .ARM.Collect$$libinit$$00000008  c_p.l(libinit2.o)
    0x00018166   0x00000000   Code   RO          966    .ARM.Collect$$libinit$$0000000A  c_p.l(libinit2.o)
    0x00018166   0x00000000   Code   RO          968    .ARM.Collect$$libinit$$0000000C  c_p.l(libinit2.o)
    0x00018166   0x00000000   Code   RO          971    .ARM.Collect$$libinit$$0000000F  c_p.l(libinit2.o)
    0x00018166   0x00000000   Code   RO          973    .ARM.Collect$$libinit$$00000011  c_p.l(libinit2.o)
    0x00018166   0x00000000   Code   RO          975    .ARM.Collect$$libinit$$00000013  c_p.l(libinit2.o)
    0x00018166   0x00000000   Code   RO          977    .ARM.Collect$$libinit$$00000015  c_p.l(libinit2.o)
    0x00018166   0x00000000   Code   RO          979    .ARM.Collect$$libinit$$00000017  c_p.l(libinit2.o)
    0x00018166   0x00000000   Code   RO          981    .ARM.Collect$$libinit$$00000019  c_p.l(libinit2.o)
    0x00018166   0x00000000   Code   RO          983    .ARM.Collect$$libinit$$0000001B  c_p.l(libinit2.o)
    0x00018166   0x00000000   Code   RO          985    .ARM.Collect$$libinit$$0000001D  c_p.l(libinit2.o)
    0x00018166   0x00000000   Code   RO          987    .ARM.Collect$$libinit$$0000001F  c_p.l(libinit2.o)
    0x00018166   0x00000000   Code   RO          989    .ARM.Collect$$libinit$$00000021  c_p.l(libinit2.o)
    0x00018166   0x00000000   Code   RO          991    .ARM.Collect$$libinit$$00000023  c_p.l(libinit2.o)
    0x00018166   0x00000000   Code   RO          995    .ARM.Collect$$libinit$$0000002A  c_p.l(libinit2.o)
    0x00018166   0x00000000   Code   RO          997    .ARM.Collect$$libinit$$0000002C  c_p.l(libinit2.o)
    0x00018166   0x00000000   Code   RO          999    .ARM.Collect$$libinit$$0000002E  c_p.l(libinit2.o)
    0x00018166   0x00000000   Code   RO         1001    .ARM.Collect$$libinit$$00000030  c_p.l(libinit2.o)
    0x00018166   0x00000002   Code   RO         1002    .ARM.Collect$$libinit$$00000031  c_p.l(libinit2.o)
    0x00018168   0x00000002   Code   RO         1033    .ARM.Collect$$libshutdown$$00000000  c_p.l(libshutdown.o)
    0x0001816a   0x00000000   Code   RO         1060    .ARM.Collect$$libshutdown$$00000003  c_p.l(libshutdown2.o)
    0x0001816a   0x00000000   Code   RO         1063    .ARM.Collect$$libshutdown$$00000006  c_p.l(libshutdown2.o)
    0x0001816a   0x00000000   Code   RO         1066    .ARM.Collect$$libshutdown$$00000009  c_p.l(libshutdown2.o)
    0x0001816a   0x00000000   Code   RO         1068    .ARM.Collect$$libshutdown$$0000000B  c_p.l(libshutdown2.o)
    0x0001816a   0x00000000   Code   RO         1071    .ARM.Collect$$libshutdown$$0000000E  c_p.l(libshutdown2.o)
    0x0001816a   0x00000002   Code   RO         1072    .ARM.Collect$$libshutdown$$0000000F  c_p.l(libshutdown2.o)
    0x0001816c   0x00000000   Code   RO          892    .ARM.Collect$$rtentry$$00000000  c_p.l(rtentry.o)
    0x0001816c   0x00000000   Code   RO          911    .ARM.Collect$$rtentry$$00000002  c_p.l(rtentry2.o)
    0x0001816c   0x00000006   Code   RO          923    .ARM.Collect$$rtentry$$00000004  c_p.l(rtentry4.o)
    0x00018172   0x00000000   Code   RO          913    .ARM.Collect$$rtentry$$00000009  c_p.l(rtentry2.o)
    0x00018172   0x00000004   Code   RO          914    .ARM.Collect$$rtentry$$0000000A  c_p.l(rtentry2.o)
    0x00018176   0x00000000   Code   RO          916    .ARM.Collect$$rtentry$$0000000C  c_p.l(rtentry2.o)
    0x00018176   0x00000008   Code   RO          917    .ARM.Collect$$rtentry$$0000000D  c_p.l(rtentry2.o)
    0x0001817e   0x00000002   Code   RO          952    .ARM.Collect$$rtexit$$00000000  c_p.l(rtexit.o)
    0x00018180   0x00000000   Code   RO         1006    .ARM.Collect$$rtexit$$00000002  c_p.l(rtexit2.o)
    0x00018180   0x00000004   Code   RO         1007    .ARM.Collect$$rtexit$$00000003  c_p.l(rtexit2.o)
    0x00018184   0x00000006   Code   RO         1008    .ARM.Collect$$rtexit$$00000004  c_p.l(rtexit2.o)
    0x0001818a   0x00000002   PAD
    0x0001818c   0x0000001e   Code   RO          423    .emb_text           simple_uart.o
    0x000181aa   0x00000002   PAD
    0x000181ac   0x0000001e   Code   RO          685    .emb_text           app_timer.o
    0x000181ca   0x00000002   PAD
    0x000181cc   0x00000038   Code   RO          876    .emb_text           c_p.l(rt_memcpy.o)
    0x00018204   0x00000054   Code   RO            4    .text               arm_startup_nrf51.o
    0x00018258   0x000000d8   Code   RO           12    .text               system_nrf51.o
    0x00018330   0x00000cf8   Code   RO           69    .text               main.o
    0x00019028   0x00000370   Code   RO          234    .text               ble_hrs_c.o
    0x00019398   0x0000037c   Code   RO          265    .text               ble_bas_c.o
    0x00019714   0x00000058   Code   RO          372    .text               app_trace.o
    0x0001976c   0x0000011c   Code   RO          424    .text               simple_uart.o
    0x00019888   0x00000ca8   Code   RO          538    .text               pstorage.o
    0x0001a530   0x000018fc   Code   RO          579    .text               device_manager_central.o
    0x0001be2c   0x0000045c   Code   RO          657    .text               app_gpiote.o
    0x0001c288   0x00000b00   Code   RO          686    .text               app_timer.o
    0x0001cd88   0x000001d0   Code   RO          732    .text               softdevice_handler.o
    0x0001cf58   0x000007b0   Code   RO          788    .text               ble_db_discovery.o
    0x0001d708   0x0000001c   Code   RO          817    .text               c_p.l(noretval__2printf.o)
    0x0001d724   0x00000028   Code   RO          819    .text               c_p.l(noretval__2sprintf.o)
    0x0001d74c   0x0000004e   Code   RO          823    .text               c_p.l(_printf_pad.o)
    0x0001d79a   0x00000052   Code   RO          825    .text               c_p.l(_printf_str.o)
    0x0001d7ec   0x0000006c   Code   RO          827    .text               c_p.l(_printf_dec.o)
    0x0001d858   0x00000058   Code   RO          832    .text               c_p.l(_printf_hex_int.o)
    0x0001d8b0   0x00000138   Code   RO          862    .text               c_p.l(__printf_flags_wp.o)
    0x0001d9e8   0x0000005a   Code   RO          874    .text               c_p.l(memcmp.o)
    0x0001da42   0x00000082   Code   RO          877    .text               c_p.l(rt_memcpy.o)
    0x0001dac4   0x00000040   Code   RO          880    .text               c_p.l(rt_memclr.o)
    0x0001db04   0x0000015a   Code   RO          884    .text               c_p.l(aeabi_sdiv.o)
    0x0001dc5e   0x00000006   Code   RO          888    .text               c_p.l(heapauxi.o)
    0x0001dc64   0x000000b0   Code   RO          897    .text               c_p.l(_printf_intcommon.o)
    0x0001dd14   0x00000030   Code   RO          899    .text               c_p.l(_printf_char_common.o)
    0x0001dd44   0x0000000a   Code   RO          901    .text               c_p.l(_sputc.o)
    0x0001dd4e   0x0000002e   Code   RO          903    .text               c_p.l(_printf_char.o)
    0x0001dd7c   0x00000028   Code   RO          905    .text               c_p.l(_printf_char_file.o)
    0x0001dda4   0x00000028   Code   RO          908    .text               c_p.l(rtudiv10.o)
    0x0001ddcc   0x00000008   Code   RO          929    .text               c_p.l(ferror.o)
    0x0001ddd4   0x0000003e   Code   RO          933    .text               c_p.l(sys_stackheap_outer.o)
    0x0001de12   0x0000000c   Code   RO          936    .text               c_p.l(exit.o)
    0x0001de1e   0x00000002   PAD
    0x0001de20   0x00000008   Code   RO          948    .text               c_p.l(libspace.o)
    0x0001de28   0x0000000c   Code   RO         1003    .text               c_p.l(sys_exit.o)
    0x0001de34   0x00000002   Code   RO         1022    .text               c_p.l(use_no_semi.o)
    0x0001de36   0x00000000   Code   RO         1024    .text               c_p.l(indicate_semi.o)
    0x0001de36   0x0000001c   Code   RO          556    i.__ARM_common_switch8  pstorage.o
    0x0001de52   0x0000000e   Code   RO          860    i._is_digit         c_p.l(__printf_wp.o)
    0x0001de60   0x00000049   Data   RO           71    .constdata          main.o
    0x0001dea9   0x00000003   PAD
    0x0001deac   0x000000b2   Data   RO          236    .constdata          ble_hrs_c.o
    0x0001df5e   0x00000002   PAD
    0x0001df60   0x000000a2   Data   RO          267    .constdata          ble_bas_c.o
    0x0001e002   0x00000002   PAD
    0x0001e004   0x00000078   Data   RO          581    .constdata          device_manager_central.o
    0x0001e07c   0x00000108   Data   RO          790    .constdata          ble_db_discovery.o
    0x0001e184   0x00000028   Data   RO          833    .constdata          c_p.l(_printf_hex_int.o)
    0x0001e1ac   0x00000011   Data   RO          863    .constdata          c_p.l(__printf_flags_wp.o)
    0x0001e1bd   0x00000003   PAD
    0x0001e1c0   0x00000020   Data   RO         1073    Region$$Table       anon$$obj.o


    Execution Region RW_IRAM1 (Base: 0x20002800, Size: 0x00001600, Max: 0x00001800, ABSOLUTE)

    Base Addr    Size         Type   Attr      Idx    E Section Name        Object

    0x20002800   0x00000004   Data   RW           13    .data               system_nrf51.o
    0x20002804   0x00000008   Data   RW           72    .data               main.o
    0x2000280c   0x0000000d   Data   RW          237    .data               ble_hrs_c.o
    0x20002819   0x00000003   PAD
    0x2000281c   0x0000000c   Data   RW          268    .data               ble_bas_c.o
    0x20002828   0x00000008   Data   RW          373    .data               app_trace.o
    0x20002830   0x00000010   Data   RW          540    .data               pstorage.o
    0x20002840   0x00000010   Data   RW          582    .data               device_manager_central.o
    0x20002850   0x0000000a   Data   RW          658    .data               app_gpiote.o
    0x2000285a   0x00000002   PAD
    0x2000285c   0x00000025   Data   RW          687    .data               app_timer.o
    0x20002881   0x00000003   PAD
    0x20002884   0x00000018   Data   RW          733    .data               softdevice_handler.o
    0x2000289c   0x00000010   Data   RW          791    .data               ble_db_discovery.o
    0x200028ac   0x000000d4   Zero   RW           70    .bss                main.o
    0x20002980   0x000000dc   Zero   RW          235    .bss                ble_hrs_c.o
    0x20002a5c   0x000000c0   Zero   RW          266    .bss                ble_bas_c.o
    0x20002b1c   0x000000dc   Zero   RW          539    .bss                pstorage.o
    0x20002bf8   0x0000011b   Zero   RW          580    .bss                device_manager_central.o
    0x20002d13   0x00000001   PAD
    0x20002d14   0x00000088   Zero   RW          789    .bss                ble_db_discovery.o
    0x20002d9c   0x00000060   Zero   RW          949    .bss                c_p.l(libspace.o)
    0x20002dfc   0x00000004   PAD
    0x20002e00   0x00000800   Zero   RW            2    HEAP                arm_startup_nrf51.o
    0x20003600   0x00000800   Zero   RW            1    STACK               arm_startup_nrf51.o


==============================================================================

Image component sizes


      Code (inc. data)   RO Data    RW Data    ZI Data      Debug   Object Name

      1116         40          0         10          0      11454   app_gpiote.o
      2846        204          0         37          0      24445   app_timer.o
        88         14          0          8          0       3400   app_trace.o
        84         36        192          0       4096        696   arm_startup_nrf51.o
       892        184        162         12        192      33050   ble_bas_c.o
      1968         96        264         16        136       8428   ble_db_discovery.o
       880        226        178         13        220       6845   ble_hrs_c.o
      6396        292        120         16        283      26727   device_manager_central.o
      3320       1370         73          8        212      67630   main.o
      3268         94          0         16        220      12094   pstorage.o
       314         16          0          0          0       4788   simple_uart.o
       464         84          0         24          0      34912   softdevice_handler.o
       216         28          0          4          0      21261   system_nrf51.o

    ----------------------------------------------------------------------
     21856       2684       1028        172       5360     255730   Object Totals
         0          0         32          0          0          0   (incl. Generated)
         4          0          7          8          1          0   (incl. Padding)

    ----------------------------------------------------------------------

      Code (inc. data)   RO Data    RW Data    ZI Data      Debug   Library Member Name

         8          0          0          0          0         68   __main.o
       312          4         17          0          0         76   __printf_flags_wp.o
        14          0          0          0          0         60   __printf_wp.o
        60          8          0          0          0          0   __scatter.o
        26          0          0          0          0          0   __scatter_copy.o
        28          0          0          0          0          0   __scatter_zi.o
        46          0          0          0          0        100   _printf_char.o
        48          6          0          0          0         88   _printf_char_common.o
        40          6          0          0          0         72   _printf_char_file.o
        10          0          0          0          0          0   _printf_d.o
       108         18          0          0          0         76   _printf_dec.o
        88          4         40          0          0         72   _printf_hex_int.o
       176          0          0          0          0         80   _printf_intcommon.o
        78          0          0          0          0        100   _printf_pad.o
         2          0          0          0          0          0   _printf_percent.o
         4          0          0          0          0          0   _printf_percent_end.o
        10          0          0          0          0          0   _printf_s.o
        82          0          0          0          0         72   _printf_str.o
        10          0          0          0          0          0   _printf_x.o
        10          0          0          0          0         60   _sputc.o
       346          0          0          0          0         92   aeabi_sdiv.o
        12          0          0          0          0         64   exit.o
         8          0          0          0          0         60   ferror.o
         6          0          0          0          0        136   heapauxi.o
         0          0          0          0          0          0   indicate_semi.o
         2          0          0          0          0          0   libinit.o
         6          0          0          0          0          0   libinit2.o
         2          0          0          0          0          0   libshutdown.o
         2          0          0          0          0          0   libshutdown2.o
         8          4          0          0         96         68   libspace.o
        90          0          0          0          0         68   memcmp.o
        28          6          0          0          0         84   noretval__2printf.o
        40          4          0          0          0         84   noretval__2sprintf.o
        64          0          0          0          0        108   rt_memclr.o
       186          0          0          0          0        144   rt_memcpy.o
         0          0          0          0          0          0   rtentry.o
        12          0          0          0          0          0   rtentry2.o
         6          0          0          0          0          0   rtentry4.o
         2          0          0          0          0          0   rtexit.o
        10          0          0          0          0          0   rtexit2.o
        40          0          0          0          0         60   rtudiv10.o
        12          4          0          0          0         60   sys_exit.o
        62          0          0          0          0         80   sys_stackheap_outer.o
         2          0          0          0          0         68   use_no_semi.o

    ----------------------------------------------------------------------
      2112         64         60          0        100       2100   Library Totals
         6          0          3          0          4          0   (incl. Padding)

    ----------------------------------------------------------------------

      Code (inc. data)   RO Data    RW Data    ZI Data      Debug   Library Name

      2106         64         57          0         96       2100   c_p.l

    ----------------------------------------------------------------------
      2112         64         60          0        100       2100   Library Totals

    ----------------------------------------------------------------------

==============================================================================


      Code (inc. data)   RO Data    RW Data    ZI Data      Debug   

     23968       2748       1088        172       5460     255698   Grand Totals
     23968       2748       1088        172       5460     255698   ELF Image Totals
     23968       2748       1088        172          0          0   ROM Totals

==============================================================================

    Total RO  Size (Code + RO Data)                25056 (  24.47kB)
    Total RW  Size (RW Data + ZI Data)              5632 (   5.50kB)
    Total ROM Size (Code + RO Data + RW Data)      25228 (  24.64kB)

==============================================================================

