<html>
<body>
<pre>
<h1>µVision Build Log</h1>
<h2>Project:</h2>
E:\Gtron_BLE_module\nrf51822_6_1_0\Board\nrf6310\s110\ble_app_template\arm\ble_app_template.uvproj
Project File Date:  08/29/2014

<h2>Output:</h2>
Build target 'nrf51822_xxaa_s110 (256K)'
assembling arm_startup_nrf51.s...
compiling system_nrf51.c...
compiling main.c...
compiling ble_srv_common.c...
compiling ble_error_log.c...
compiling pstorage.c...
compiling crc16.c...
compiling ble_advdata.c...
compiling app_scheduler.c...
compiling app_timer.c...
compiling ble_conn_params.c...
compiling softdevice_handler.c...
compiling app_button.c...
compiling app_gpiote.c...
compiling ble_debug_assert_handler.c...
linking...
Program Size: Code=14212 RO-data=228 RW-data=180 ZI-data=5732  
FromELF: creating hex file...
".\_build\ble_app_template.axf" - 0 Error(s), 0 Warning(s).
