ARM Linker, 5.02 [Build 28] [MDK-ARM Standard]

==============================================================================

Section Cross References

    arm_startup_nrf51.o(STACK) refers (Special) to heapauxi.o(.text) for __use_two_region_memory
    arm_startup_nrf51.o(HEAP) refers (Special) to heapauxi.o(.text) for __use_two_region_memory
    arm_startup_nrf51.o(RESET) refers (Special) to heapauxi.o(.text) for __use_two_region_memory
    arm_startup_nrf51.o(RESET) refers to arm_startup_nrf51.o(STACK) for __initial_sp
    arm_startup_nrf51.o(RESET) refers to arm_startup_nrf51.o(.text) for Reset_Handler
    arm_startup_nrf51.o(RESET) refers to app_gpiote.o(.text) for GPIOTE_IRQHandler
    arm_startup_nrf51.o(RESET) refers to app_timer.o(.text) for RTC1_IRQHandler
    arm_startup_nrf51.o(RESET) refers to softdevice_handler.o(.text) for SWI2_IRQHandler
    arm_startup_nrf51.o(.text) refers (Special) to heapauxi.o(.text) for __use_two_region_memory
    arm_startup_nrf51.o(.text) refers to system_nrf51.o(.text) for SystemInit
    arm_startup_nrf51.o(.text) refers to __main.o(!!!main) for __main
    arm_startup_nrf51.o(.text) refers to arm_startup_nrf51.o(HEAP) for Heap_Mem
    arm_startup_nrf51.o(.text) refers to arm_startup_nrf51.o(STACK) for Stack_Mem
    system_nrf51.o(.text) refers to system_nrf51.o(.data) for SystemCoreClock
    main.o(.text) refers to ble_sensorsim.o(.text) for ble_sensorsim_measure
    main.o(.text) refers to ble_bas.o(.text) for ble_bas_battery_level_update
    main.o(.text) refers to rt_memcpy.o(.text) for __aeabi_memcpy
    main.o(.text) refers to app_timer.o(.text) for app_timer_init
    main.o(.text) refers to rt_memclr.o(.text) for __aeabi_memclr4
    main.o(.text) refers to ble_advdata.o(.text) for ble_advdata_set
    main.o(.text) refers to ble_bps.o(.text) for ble_bps_is_indication_enabled
    main.o(.text) refers to main.o(.bss) for m_battery_sim_cfg
    main.o(.text) refers to main.o(.data) for m_battery_sim_state
    main.o(.text) refers to main.o(.constdata) for .constdata
    main.o(.text) refers to ble_srv_common.o(.text) for ble_srv_ascii_to_utf8
    main.o(.text) refers to ble_dis.o(.text) for ble_dis_init
    main.o(.text) refers to pstorage.o(.text) for pstorage_access_status_get
    main.o(.text) refers to ble_conn_params.o(.text) for ble_conn_params_init
    main.o(.text) refers to app_button.o(.text) for app_button_enable
    main.o(.text) refers to device_manager_peripheral.o(.text) for dm_ble_evt_handler
    main.o(.text) refers to softdevice_handler.o(.text) for softdevice_handler_init
    main.o(.text) refers to app_gpiote.o(.text) for app_gpiote_init
    main.o(.data) refers to main.o(.text) for button_event_handler
    ble_dis.o(.text) refers to main.o(.text) for app_error_handler
    ble_dis.o(.text) refers to rt_memclr.o(.text) for __aeabi_memclr4
    ble_dis.o(.text) refers to ble_dis.o(.data) for service_handle
    ble_bas.o(.text) refers to rt_memclr.o(.text) for __aeabi_memclr4
    ble_bas.o(.text) refers to ble_srv_common.o(.text) for ble_srv_report_ref_encode
    ble_bps.o(.text) refers to rt_memclr.o(.text) for __aeabi_memclr4
    ble_advdata.o(.text) refers to rt_memcpy.o(.text) for __aeabi_memcpy
    ble_srv_common.o(.text) refers to main.o(.text) for app_error_handler
    ble_srv_common.o(.text) refers to strlen.o(.text) for strlen
    app_timer.o(.text) refers to app_timer.o(.emb_text) for __asm___11_app_timer_c_cd27f9c3__nrf_delay_us
    app_timer.o(.text) refers to main.o(.text) for app_error_handler
    app_timer.o(.text) refers to app_timer.o(.data) for m_rtc1_running
    ble_conn_params.o(.text) refers to rt_memcpy.o(.emb_text) for __aeabi_memcpy4
    ble_conn_params.o(.text) refers to rt_memcpy.o(.text) for __aeabi_memcpy
    ble_conn_params.o(.text) refers to app_timer.o(.text) for app_timer_create
    ble_conn_params.o(.text) refers to ble_conn_params.o(.data) for m_preferred_conn_params
    ble_conn_params.o(.text) refers to ble_conn_params.o(.bss) for m_conn_params_config
    simple_uart.o(.text) refers to simple_uart.o(.emb_text) for __asm___13_simple_uart_c_5dda6715__nrf_delay_us
    device_manager_peripheral.o(.text) refers to rt_memclr.o(.text) for __aeabi_memclr
    device_manager_peripheral.o(.text) refers to pstorage.o(.text) for pstorage_block_identifier_get
    device_manager_peripheral.o(.text) refers to memcmp.o(.text) for memcmp
    device_manager_peripheral.o(.text) refers to rt_memcpy.o(.emb_text) for __aeabi_memcpy4
    device_manager_peripheral.o(.text) refers to main.o(.text) for app_error_handler
    device_manager_peripheral.o(.text) refers to aeabi_sdiv.o(.text) for __aeabi_uidivmod
    device_manager_peripheral.o(.text) refers to device_manager_peripheral.o(.bss) for m_connection_table
    device_manager_peripheral.o(.text) refers to device_manager_peripheral.o(.data) for m_storage_handle
    device_manager_peripheral.o(.text) refers to device_manager_peripheral.o(.constdata) for .constdata
    device_manager_peripheral.o(.text) refers to rt_memcpy.o(.text) for __aeabi_memcpy
    device_manager_peripheral.o(.constdata) refers to device_manager_peripheral.o(.text) for no_service_context_store
    pstorage.o(.text) refers to pstorage.o(i.__ARM_common_switch8) for __ARM_common_switch8
    pstorage.o(.text) refers to aeabi_sdiv.o(.text) for __aeabi_uidivmod
    pstorage.o(.text) refers to pstorage.o(.bss) for m_cmd_queue
    pstorage.o(.text) refers to pstorage.o(.data) for m_round_val
    pstorage.o(.text) refers to rt_memcpy.o(.text) for __aeabi_memcpy
    app_button.o(.text) refers to main.o(.text) for app_error_handler
    app_button.o(.text) refers to app_gpiote.o(.text) for app_gpiote_pins_state_get
    app_button.o(.text) refers to app_timer.o(.text) for app_timer_stop
    app_button.o(.text) refers to app_button.o(.data) for m_evt_schedule_func
    ble_error_log.o(.text) refers to rt_memcpy.o(.emb_text) for __aeabi_memcpy4
    ble_error_log.o(.text) refers to strncpy.o(.text) for strncpy
    ble_error_log.o(.text) refers to arm_startup_nrf51.o(RESET) for __Vectors
    ble_error_log.o(.text) refers to ble_error_log.o(.bss) for m_ble_error_log
    app_gpiote.o(.text) refers to rt_memclr.o(.text) for __aeabi_memclr4
    app_gpiote.o(.text) refers to app_gpiote.o(.data) for mp_users
    ble_debug_assert_handler.o(.text) refers to strncpy.o(.text) for strncpy
    ble_debug_assert_handler.o(.text) refers to ble_debug_assert_handler.o(.bss) for s_file_name
    ble_debug_assert_handler.o(.text) refers to ble_debug_assert_handler.o(.data) for s_line_num
    softdevice_handler.o(.text) refers to main.o(.text) for assert_nrf_callback
    softdevice_handler.o(.text) refers to softdevice_handler.o(.data) for m_softdevice_enabled
    rt_memcpy.o(.text) refers to rt_memcpy.o(.emb_text) for __aeabi_memcpy4
    strncpy.o(.text) refers to rt_memclr.o(.text) for __rt_memclr
    __main.o(!!!main) refers to rtentry.o(.ARM.Collect$$rtentry$$00000000) for __rt_entry
    rtentry.o(.ARM.Collect$$rtentry$$00000000) refers (Special) to rtentry2.o(.ARM.Collect$$rtentry$$0000000A) for __rt_entry_li
    rtentry.o(.ARM.Collect$$rtentry$$00000000) refers (Special) to rtentry2.o(.ARM.Collect$$rtentry$$0000000D) for __rt_entry_main
    rtentry.o(.ARM.Collect$$rtentry$$00000000) refers (Special) to rtentry2.o(.ARM.Collect$$rtentry$$0000000C) for __rt_entry_postli_1
    rtentry.o(.ARM.Collect$$rtentry$$00000000) refers (Special) to rtentry2.o(.ARM.Collect$$rtentry$$00000009) for __rt_entry_postsh_1
    rtentry.o(.ARM.Collect$$rtentry$$00000000) refers (Special) to rtentry2.o(.ARM.Collect$$rtentry$$00000002) for __rt_entry_presh_1
    rtentry.o(.ARM.Collect$$rtentry$$00000000) refers (Special) to rtentry4.o(.ARM.Collect$$rtentry$$00000004) for __rt_entry_sh
    aeabi_idiv0_sigfpe.o(.text) refers to rt_div0.o(.text) for __rt_div0
    rtentry2.o(.ARM.Collect$$rtentry$$00000008) refers to boardinit2.o(.text) for _platform_post_stackheap_init
    rtentry2.o(.ARM.Collect$$rtentry$$0000000A) refers to libinit.o(.ARM.Collect$$libinit$$00000000) for __rt_lib_init
    rtentry2.o(.ARM.Collect$$rtentry$$0000000B) refers to boardinit3.o(.text) for _platform_post_lib_init
    rtentry2.o(.ARM.Collect$$rtentry$$0000000D) refers to main.o(.text) for main
    rtentry2.o(.ARM.Collect$$rtentry$$0000000D) refers to exit.o(.text) for exit
    rtentry2.o(.ARM.exidx) refers to rtentry2.o(.ARM.Collect$$rtentry$$00000001) for .ARM.Collect$$rtentry$$00000001
    rtentry2.o(.ARM.exidx) refers to rtentry2.o(.ARM.Collect$$rtentry$$00000008) for .ARM.Collect$$rtentry$$00000008
    rtentry2.o(.ARM.exidx) refers to rtentry2.o(.ARM.Collect$$rtentry$$0000000A) for .ARM.Collect$$rtentry$$0000000A
    rtentry2.o(.ARM.exidx) refers to rtentry2.o(.ARM.Collect$$rtentry$$0000000B) for .ARM.Collect$$rtentry$$0000000B
    rtentry2.o(.ARM.exidx) refers to rtentry2.o(.ARM.Collect$$rtentry$$0000000D) for .ARM.Collect$$rtentry$$0000000D
    rtentry4.o(.ARM.Collect$$rtentry$$00000004) refers to sys_stackheap_outer.o(.text) for __user_setup_stackheap
    rtentry4.o(.ARM.exidx) refers to rtentry4.o(.ARM.Collect$$rtentry$$00000004) for .ARM.Collect$$rtentry$$00000004
    rt_div0.o(.text) refers to defsig_fpe_outer.o(.text) for __rt_SIGFPE
    sys_stackheap_outer.o(.text) refers to libspace.o(.text) for __user_perproc_libspace
    sys_stackheap_outer.o(.text) refers to arm_startup_nrf51.o(.text) for __user_initial_stackheap
    sys_stackheap_outer.o(__vectab_stack_and_reset_area) refers to tempstk.o(.text) for __temporary_stack_top
    sys_stackheap_outer.o(__vectab_stack_and_reset_area) refers to __main.o(!!!main) for __main
    exit.o(.text) refers to rtexit.o(.ARM.Collect$$rtexit$$00000000) for __rt_exit
    defsig_fpe_outer.o(.text) refers to defsig_fpe_inner.o(.text) for __rt_SIGFPE_inner
    defsig_fpe_outer.o(.text) refers to defsig_exit.o(.text) for __sig_exit
    defsig_fpe_formal.o(.text) refers to rt_raise.o(.text) for __rt_raise
    libinit.o(.ARM.Collect$$libinit$$00000000) refers (Special) to libinit2.o(.ARM.Collect$$libinit$$0000002C) for __rt_lib_init_alloca_1
    libinit.o(.ARM.Collect$$libinit$$00000000) refers (Special) to libinit2.o(.ARM.Collect$$libinit$$0000002A) for __rt_lib_init_argv_1
    libinit.o(.ARM.Collect$$libinit$$00000000) refers (Special) to libinit2.o(.ARM.Collect$$libinit$$00000019) for __rt_lib_init_atexit_1
    libinit.o(.ARM.Collect$$libinit$$00000000) refers (Special) to libinit2.o(.ARM.Collect$$libinit$$0000001F) for __rt_lib_init_clock_1
    libinit.o(.ARM.Collect$$libinit$$00000000) refers (Special) to libinit2.o(.ARM.Collect$$libinit$$00000030) for __rt_lib_init_cpp_1
    libinit.o(.ARM.Collect$$libinit$$00000000) refers (Special) to libinit2.o(.ARM.Collect$$libinit$$0000002E) for __rt_lib_init_exceptions_1
    libinit.o(.ARM.Collect$$libinit$$00000000) refers (Special) to libinit2.o(.ARM.Collect$$libinit$$00000001) for __rt_lib_init_fp_1
    libinit.o(.ARM.Collect$$libinit$$00000000) refers (Special) to libinit2.o(.ARM.Collect$$libinit$$0000001D) for __rt_lib_init_fp_trap_1
    libinit.o(.ARM.Collect$$libinit$$00000000) refers (Special) to libinit2.o(.ARM.Collect$$libinit$$00000021) for __rt_lib_init_getenv_1
    libinit.o(.ARM.Collect$$libinit$$00000000) refers (Special) to libinit2.o(.ARM.Collect$$libinit$$00000008) for __rt_lib_init_heap_1
    libinit.o(.ARM.Collect$$libinit$$00000000) refers (Special) to libinit2.o(.ARM.Collect$$libinit$$0000000F) for __rt_lib_init_lc_collate_1
    libinit.o(.ARM.Collect$$libinit$$00000000) refers (Special) to libinit2.o(.ARM.Collect$$libinit$$00000011) for __rt_lib_init_lc_ctype_1
    libinit.o(.ARM.Collect$$libinit$$00000000) refers (Special) to libinit2.o(.ARM.Collect$$libinit$$00000013) for __rt_lib_init_lc_monetary_1
    libinit.o(.ARM.Collect$$libinit$$00000000) refers (Special) to libinit2.o(.ARM.Collect$$libinit$$00000015) for __rt_lib_init_lc_numeric_1
    libinit.o(.ARM.Collect$$libinit$$00000000) refers (Special) to libinit2.o(.ARM.Collect$$libinit$$00000017) for __rt_lib_init_lc_time_1
    libinit.o(.ARM.Collect$$libinit$$00000000) refers (Special) to libinit2.o(.ARM.Collect$$libinit$$0000000C) for __rt_lib_init_rand_1
    libinit.o(.ARM.Collect$$libinit$$00000000) refers (Special) to libinit2.o(.ARM.Collect$$libinit$$00000031) for __rt_lib_init_return
    libinit.o(.ARM.Collect$$libinit$$00000000) refers (Special) to libinit2.o(.ARM.Collect$$libinit$$0000001B) for __rt_lib_init_signal_1
    libinit.o(.ARM.Collect$$libinit$$00000000) refers (Special) to libinit2.o(.ARM.Collect$$libinit$$00000023) for __rt_lib_init_stdio_1
    libinit.o(.ARM.Collect$$libinit$$00000000) refers (Special) to libinit2.o(.ARM.Collect$$libinit$$0000000A) for __rt_lib_init_user_alloc_1
    libspace.o(.text) refers to libspace.o(.bss) for __libspace_start
    rtexit.o(.ARM.Collect$$rtexit$$00000000) refers (Special) to rtexit2.o(.ARM.Collect$$rtexit$$00000004) for __rt_exit_exit
    rtexit.o(.ARM.Collect$$rtexit$$00000000) refers (Special) to rtexit2.o(.ARM.Collect$$rtexit$$00000003) for __rt_exit_ls
    rtexit.o(.ARM.Collect$$rtexit$$00000000) refers (Special) to rtexit2.o(.ARM.Collect$$rtexit$$00000002) for __rt_exit_prels_1
    rtexit.o(.ARM.exidx) refers (Special) to rtexit2.o(.ARM.Collect$$rtexit$$00000004) for __rt_exit_exit
    rtexit.o(.ARM.exidx) refers (Special) to rtexit2.o(.ARM.Collect$$rtexit$$00000003) for __rt_exit_ls
    rtexit.o(.ARM.exidx) refers (Special) to rtexit2.o(.ARM.Collect$$rtexit$$00000002) for __rt_exit_prels_1
    rtexit.o(.ARM.exidx) refers to rtexit.o(.ARM.Collect$$rtexit$$00000000) for .ARM.Collect$$rtexit$$00000000
    rt_raise.o(.text) refers to __raise.o(.text) for __raise
    rt_raise.o(.text) refers to sys_exit.o(.text) for _sys_exit
    defsig_exit.o(.text) refers to sys_exit.o(.text) for _sys_exit
    defsig_fpe_inner.o(.text) refers to defsig_general.o(.text) for __default_signal_display
    libinit2.o(.ARM.Collect$$libinit$$0000000E) refers to libinit2.o(.ARM.Collect$$libinit$$0000000D) for .ARM.Collect$$libinit$$0000000D
    libinit2.o(.ARM.Collect$$libinit$$00000010) refers to libinit2.o(.ARM.Collect$$libinit$$0000000D) for .ARM.Collect$$libinit$$0000000D
    libinit2.o(.ARM.Collect$$libinit$$00000012) refers to libinit2.o(.ARM.Collect$$libinit$$0000000D) for .ARM.Collect$$libinit$$0000000D
    libinit2.o(.ARM.Collect$$libinit$$00000014) refers to libinit2.o(.ARM.Collect$$libinit$$0000000D) for .ARM.Collect$$libinit$$0000000D
    libinit2.o(.ARM.Collect$$libinit$$00000016) refers to libinit2.o(.ARM.Collect$$libinit$$0000000D) for .ARM.Collect$$libinit$$0000000D
    libinit2.o(.ARM.Collect$$libinit$$00000024) refers to argv_veneer.o(.text) for __ARM_argv_veneer
    libinit2.o(.ARM.Collect$$libinit$$00000025) refers to argv_veneer.o(.text) for __ARM_argv_veneer
    sys_exit.o(.text) refers (Special) to use_no_semi.o(.text) for __I$use$semihosting
    sys_exit.o(.text) refers (Special) to indicate_semi.o(.text) for __semihosting_library_function
    rtexit2.o(.ARM.Collect$$rtexit$$00000003) refers to libshutdown.o(.ARM.Collect$$libshutdown$$00000000) for __rt_lib_shutdown
    rtexit2.o(.ARM.Collect$$rtexit$$00000004) refers to sys_exit.o(.text) for _sys_exit
    rtexit2.o(.ARM.exidx) refers to rtexit2.o(.ARM.Collect$$rtexit$$00000001) for .ARM.Collect$$rtexit$$00000001
    rtexit2.o(.ARM.exidx) refers to rtexit2.o(.ARM.Collect$$rtexit$$00000003) for .ARM.Collect$$rtexit$$00000003
    rtexit2.o(.ARM.exidx) refers to rtexit2.o(.ARM.Collect$$rtexit$$00000004) for .ARM.Collect$$rtexit$$00000004
    __raise.o(.text) refers to defsig.o(CL$$defsig) for __default_signal_handler
    defsig_general.o(.text) refers to sys_wrch.o(.text) for _ttywrch
    sys_wrch.o(.text) refers (Special) to use_no_semi.o(.text) for __I$use$semihosting
    sys_wrch.o(.text) refers (Special) to indicate_semi.o(.text) for __semihosting_library_function
    defsig.o(CL$$defsig) refers to defsig_fpe_inner.o(.text) for __rt_SIGFPE_inner
    defsig.o(CL$$defsig) refers to defsig_rtmem_inner.o(.text) for __rt_SIGRTMEM_inner
    _get_argv_nomalloc.o(.text) refers (Special) to hrguard.o(.text) for __heap_region$guard
    _get_argv_nomalloc.o(.text) refers to defsig_rtmem_outer.o(.text) for __rt_SIGRTMEM
    _get_argv_nomalloc.o(.text) refers to sys_command.o(.text) for _sys_command_string
    libshutdown.o(.ARM.Collect$$libshutdown$$00000000) refers (Special) to libshutdown2.o(.ARM.Collect$$libshutdown$$00000006) for __rt_lib_shutdown_fp_trap_1
    libshutdown.o(.ARM.Collect$$libshutdown$$00000000) refers (Special) to libshutdown2.o(.ARM.Collect$$libshutdown$$0000000E) for __rt_lib_shutdown_heap_1
    libshutdown.o(.ARM.Collect$$libshutdown$$00000000) refers (Special) to libshutdown2.o(.ARM.Collect$$libshutdown$$0000000F) for __rt_lib_shutdown_return
    libshutdown.o(.ARM.Collect$$libshutdown$$00000000) refers (Special) to libshutdown2.o(.ARM.Collect$$libshutdown$$00000009) for __rt_lib_shutdown_signal_1
    libshutdown.o(.ARM.Collect$$libshutdown$$00000000) refers (Special) to libshutdown2.o(.ARM.Collect$$libshutdown$$00000003) for __rt_lib_shutdown_stdio_1
    libshutdown.o(.ARM.Collect$$libshutdown$$00000000) refers (Special) to libshutdown2.o(.ARM.Collect$$libshutdown$$0000000B) for __rt_lib_shutdown_user_alloc_1
    sys_command.o(.text) refers (Special) to use_no_semi.o(.text) for __I$use$semihosting
    sys_command.o(.text) refers (Special) to indicate_semi.o(.text) for __semihosting_library_function
    defsig_abrt_inner.o(.text) refers to defsig_general.o(.text) for __default_signal_display
    defsig_rtred_inner.o(.text) refers to defsig_general.o(.text) for __default_signal_display
    defsig_rtmem_inner.o(.text) refers to defsig_general.o(.text) for __default_signal_display
    defsig_rtmem_outer.o(.text) refers to defsig_rtmem_inner.o(.text) for __rt_SIGRTMEM_inner
    defsig_rtmem_outer.o(.text) refers to defsig_exit.o(.text) for __sig_exit
    defsig_rtmem_formal.o(.text) refers to rt_raise.o(.text) for __rt_raise
    defsig_stak_inner.o(.text) refers to defsig_general.o(.text) for __default_signal_display
    defsig_pvfn_inner.o(.text) refers to defsig_general.o(.text) for __default_signal_display
    defsig_cppl_inner.o(.text) refers to defsig_general.o(.text) for __default_signal_display
    defsig_segv_inner.o(.text) refers to defsig_general.o(.text) for __default_signal_display
    defsig_other.o(.text) refers to defsig_general.o(.text) for __default_signal_display


==============================================================================

Removing Unused input sections from the image.

    Removing system_nrf51.o(.rev16_text), (4 bytes).
    Removing system_nrf51.o(.revsh_text), (4 bytes).
    Removing main.o(.rev16_text), (4 bytes).
    Removing main.o(.revsh_text), (4 bytes).
    Removing app_timer.o(.rev16_text), (4 bytes).
    Removing app_timer.o(.revsh_text), (4 bytes).
    Removing app_trace.o(.rev16_text), (4 bytes).
    Removing app_trace.o(.revsh_text), (4 bytes).
    Removing app_trace.o(.data), (8 bytes).
    Removing simple_uart.o(.rev16_text), (4 bytes).
    Removing simple_uart.o(.revsh_text), (4 bytes).
    Removing simple_uart.o(.emb_text), (30 bytes).
    Removing simple_uart.o(.text), (284 bytes).
    Removing pstorage.o(.rev16_text), (4 bytes).
    Removing pstorage.o(.revsh_text), (4 bytes).
    Removing crc16.o(.text), (68 bytes).
    Removing app_button.o(.rev16_text), (4 bytes).
    Removing app_button.o(.revsh_text), (4 bytes).
    Removing ble_error_log.o(.rev16_text), (4 bytes).
    Removing ble_error_log.o(.revsh_text), (4 bytes).
    Removing ble_error_log.o(.text), (96 bytes).
    Removing ble_error_log.o(.bss), (392 bytes).
    Removing app_gpiote.o(.rev16_text), (4 bytes).
    Removing app_gpiote.o(.revsh_text), (4 bytes).
    Removing ble_debug_assert_handler.o(.rev16_text), (4 bytes).
    Removing ble_debug_assert_handler.o(.revsh_text), (4 bytes).
    Removing ble_debug_assert_handler.o(.text), (60 bytes).
    Removing ble_debug_assert_handler.o(.bss), (128 bytes).
    Removing ble_debug_assert_handler.o(.data), (8 bytes).
    Removing softdevice_handler.o(.rev16_text), (4 bytes).
    Removing softdevice_handler.o(.revsh_text), (4 bytes).

31 unused section(s) (total 1162 bytes) removed from the image.

==============================================================================

Image Symbol Table

    Local Symbols

    Symbol Name                              Value     Ov Type        Size  Object(Section)

    ../clib/../cmprslib/zerorunl.c           0x00000000   Number         0  __dczerorl.o ABSOLUTE
    ../clib/angel/boardlib.s                 0x00000000   Number         0  boardshut.o ABSOLUTE
    ../clib/angel/boardlib.s                 0x00000000   Number         0  boardinit1.o ABSOLUTE
    ../clib/angel/boardlib.s                 0x00000000   Number         0  boardinit2.o ABSOLUTE
    ../clib/angel/boardlib.s                 0x00000000   Number         0  boardinit3.o ABSOLUTE
    ../clib/angel/handlers.s                 0x00000000   Number         0  __scatter_zi.o ABSOLUTE
    ../clib/angel/kernel.s                   0x00000000   Number         0  rtentry2.o ABSOLUTE
    ../clib/angel/kernel.s                   0x00000000   Number         0  rtentry4.o ABSOLUTE
    ../clib/angel/kernel.s                   0x00000000   Number         0  rtexit2.o ABSOLUTE
    ../clib/angel/kernel.s                   0x00000000   Number         0  rtexit.o ABSOLUTE
    ../clib/angel/kernel.s                   0x00000000   Number         0  rtentry.o ABSOLUTE
    ../clib/angel/rt.s                       0x00000000   Number         0  rt_div0.o ABSOLUTE
    ../clib/angel/rt.s                       0x00000000   Number         0  rt_raise.o ABSOLUTE
    ../clib/angel/rt.s                       0x00000000   Number         0  aeabi_idiv0_sigfpe.o ABSOLUTE
    ../clib/angel/rt.s                       0x00000000   Number         0  aeabi_idiv0.o ABSOLUTE
    ../clib/angel/scatterp.s                 0x00000000   Number         0  __scatter.o ABSOLUTE
    ../clib/angel/startup.s                  0x00000000   Number         0  __main.o ABSOLUTE
    ../clib/angel/sys.s                      0x00000000   Number         0  sys_stackheap_outer.o ABSOLUTE
    ../clib/angel/sys.s                      0x00000000   Number         0  libspace.o ABSOLUTE
    ../clib/angel/sys.s                      0x00000000   Number         0  tempstk.o ABSOLUTE
    ../clib/angel/sys.s                      0x00000000   Number         0  indicate_semi.o ABSOLUTE
    ../clib/angel/sys.s                      0x00000000   Number         0  use_no_semi.o ABSOLUTE
    ../clib/angel/sysapp.c                   0x00000000   Number         0  sys_exit.o ABSOLUTE
    ../clib/angel/sysapp.c                   0x00000000   Number         0  sys_wrch.o ABSOLUTE
    ../clib/angel/sysapp.c                   0x00000000   Number         0  sys_command.o ABSOLUTE
    ../clib/armsys.c                         0x00000000   Number         0  no_argv.o ABSOLUTE
    ../clib/armsys.c                         0x00000000   Number         0  _get_argv_nomalloc.o ABSOLUTE
    ../clib/armsys.c                         0x00000000   Number         0  argv_veneer.o ABSOLUTE
    ../clib/division.s                       0x00000000   Number         0  aeabi_sdiv.o ABSOLUTE
    ../clib/division.s                       0x00000000   Number         0  aeabi_sdiv_div0.o ABSOLUTE
    ../clib/heapalloc.c                      0x00000000   Number         0  hrguard.o ABSOLUTE
    ../clib/heapaux.c                        0x00000000   Number         0  heapauxi.o ABSOLUTE
    ../clib/libinit.s                        0x00000000   Number         0  libinit.o ABSOLUTE
    ../clib/libinit.s                        0x00000000   Number         0  libinit2.o ABSOLUTE
    ../clib/libinit.s                        0x00000000   Number         0  libshutdown2.o ABSOLUTE
    ../clib/libinit.s                        0x00000000   Number         0  libshutdown.o ABSOLUTE
    ../clib/memcpset.c                       0x00000000   Number         0  rt_memcpy.o ABSOLUTE
    ../clib/memcpset.c                       0x00000000   Number         0  rt_memcpy.o ABSOLUTE
    ../clib/memcpset.c                       0x00000000   Number         0  rt_memclr.o ABSOLUTE
    ../clib/signal.c                         0x00000000   Number         0  defsig_segv_inner.o ABSOLUTE
    ../clib/signal.c                         0x00000000   Number         0  defsig_cppl_inner.o ABSOLUTE
    ../clib/signal.c                         0x00000000   Number         0  __raise.o ABSOLUTE
    ../clib/signal.c                         0x00000000   Number         0  defsig_general.o ABSOLUTE
    ../clib/signal.c                         0x00000000   Number         0  defsig_fpe_formal.o ABSOLUTE
    ../clib/signal.c                         0x00000000   Number         0  defsig_stak_inner.o ABSOLUTE
    ../clib/signal.c                         0x00000000   Number         0  defsig_rtmem_formal.o ABSOLUTE
    ../clib/signal.c                         0x00000000   Number         0  defsig_exit.o ABSOLUTE
    ../clib/signal.c                         0x00000000   Number         0  defsig_rtmem_outer.o ABSOLUTE
    ../clib/signal.c                         0x00000000   Number         0  defsig_rtmem_inner.o ABSOLUTE
    ../clib/signal.c                         0x00000000   Number         0  defsig_rtred_inner.o ABSOLUTE
    ../clib/signal.c                         0x00000000   Number         0  defsig_abrt_inner.o ABSOLUTE
    ../clib/signal.c                         0x00000000   Number         0  defsig_pvfn_inner.o ABSOLUTE
    ../clib/signal.c                         0x00000000   Number         0  defsig_fpe_inner.o ABSOLUTE
    ../clib/signal.c                         0x00000000   Number         0  defsig_fpe_outer.o ABSOLUTE
    ../clib/signal.c                         0x00000000   Number         0  defsig_other.o ABSOLUTE
    ../clib/signal.s                         0x00000000   Number         0  defsig.o ABSOLUTE
    ../clib/stdlib.c                         0x00000000   Number         0  exit.o ABSOLUTE
    ../clib/string.c                         0x00000000   Number         0  strncpy.o ABSOLUTE
    ../clib/string.c                         0x00000000   Number         0  strlen.o ABSOLUTE
    ../clib/string.c                         0x00000000   Number         0  memcmp.o ABSOLUTE
    ../fplib/cfplib/fpinit.c                 0x00000000   Number         0  fpinit.o ABSOLUTE
    ..\..\..\..\..\Source\app_common\app_button.c 0x00000000   Number         0  app_button.o ABSOLUTE
    ..\..\..\..\..\Source\app_common\app_gpiote.c 0x00000000   Number         0  app_gpiote.o ABSOLUTE
    ..\..\..\..\..\Source\app_common\app_timer.c 0x00000000   Number         0  app_timer.o ABSOLUTE
    ..\..\..\..\..\Source\app_common\app_trace.c 0x00000000   Number         0  app_trace.o ABSOLUTE
    ..\..\..\..\..\Source\app_common\crc16.c 0x00000000   Number         0  crc16.o ABSOLUTE
    ..\..\..\..\..\Source\app_common\pstorage.c 0x00000000   Number         0  pstorage.o ABSOLUTE
    ..\..\..\..\..\Source\ble\ble_advdata.c  0x00000000   Number         0  ble_advdata.o ABSOLUTE
    ..\..\..\..\..\Source\ble\ble_conn_params.c 0x00000000   Number         0  ble_conn_params.o ABSOLUTE
    ..\..\..\..\..\Source\ble\ble_debug_assert_handler.c 0x00000000   Number         0  ble_debug_assert_handler.o ABSOLUTE
    ..\..\..\..\..\Source\ble\ble_error_log.c 0x00000000   Number         0  ble_error_log.o ABSOLUTE
    ..\..\..\..\..\Source\ble\ble_sensorsim.c 0x00000000   Number         0  ble_sensorsim.o ABSOLUTE
    ..\..\..\..\..\Source\ble\ble_services\ble_bas.c 0x00000000   Number         0  ble_bas.o ABSOLUTE
    ..\..\..\..\..\Source\ble\ble_services\ble_bps.c 0x00000000   Number         0  ble_bps.o ABSOLUTE
    ..\..\..\..\..\Source\ble\ble_services\ble_dis.c 0x00000000   Number         0  ble_dis.o ABSOLUTE
    ..\..\..\..\..\Source\ble\ble_services\ble_srv_common.c 0x00000000   Number         0  ble_srv_common.o ABSOLUTE
    ..\..\..\..\..\Source\ble\device_manager\device_manager_peripheral.c 0x00000000   Number         0  device_manager_peripheral.o ABSOLUTE
    ..\..\..\..\..\Source\sd_common\softdevice_handler.c 0x00000000   Number         0  softdevice_handler.o ABSOLUTE
    ..\..\..\..\..\Source\simple_uart\simple_uart.c 0x00000000   Number         0  simple_uart.o ABSOLUTE
    ..\..\..\..\..\Source\templates\arm\arm_startup_nrf51.s 0x00000000   Number         0  arm_startup_nrf51.o ABSOLUTE
    ..\..\..\..\..\Source\templates\system_nrf51.c 0x00000000   Number         0  system_nrf51.o ABSOLUTE
    ..\\..\\..\\..\\..\\Source\\app_common\\app_button.c 0x00000000   Number         0  app_button.o ABSOLUTE
    ..\\..\\..\\..\\..\\Source\\app_common\\app_gpiote.c 0x00000000   Number         0  app_gpiote.o ABSOLUTE
    ..\\..\\..\\..\\..\\Source\\app_common\\app_timer.c 0x00000000   Number         0  app_timer.o ABSOLUTE
    ..\\..\\..\\..\\..\\Source\\app_common\\app_trace.c 0x00000000   Number         0  app_trace.o ABSOLUTE
    ..\\..\\..\\..\\..\\Source\\app_common\\pstorage.c 0x00000000   Number         0  pstorage.o ABSOLUTE
    ..\\..\\..\\..\\..\\Source\\ble\\ble_debug_assert_handler.c 0x00000000   Number         0  ble_debug_assert_handler.o ABSOLUTE
    ..\\..\\..\\..\\..\\Source\\ble\\ble_error_log.c 0x00000000   Number         0  ble_error_log.o ABSOLUTE
    ..\\..\\..\\..\\..\\Source\\sd_common\\softdevice_handler.c 0x00000000   Number         0  softdevice_handler.o ABSOLUTE
    ..\\..\\..\\..\\..\\Source\\simple_uart\\simple_uart.c 0x00000000   Number         0  simple_uart.o ABSOLUTE
    ..\\..\\..\\..\\..\\Source\\templates\\system_nrf51.c 0x00000000   Number         0  system_nrf51.o ABSOLUTE
    ..\\main.c                               0x00000000   Number         0  main.o ABSOLUTE
    ..\main.c                                0x00000000   Number         0  main.o ABSOLUTE
    dc.s                                     0x00000000   Number         0  dc.o ABSOLUTE
    RESET                                    0x00016000   Section      192  arm_startup_nrf51.o(RESET)
    !!!main                                  0x000160c0   Section        8  __main.o(!!!main)
    !!!scatter                               0x000160c8   Section       60  __scatter.o(!!!scatter)
    !!handler_zi                             0x00016104   Section       28  __scatter_zi.o(!!handler_zi)
    .ARM.Collect$$libinit$$00000000          0x00016120   Section        2  libinit.o(.ARM.Collect$$libinit$$00000000)
    .ARM.Collect$$libinit$$00000001          0x00016122   Section        4  libinit2.o(.ARM.Collect$$libinit$$00000001)
    .ARM.Collect$$libinit$$00000008          0x00016126   Section        0  libinit2.o(.ARM.Collect$$libinit$$00000008)
    .ARM.Collect$$libinit$$0000000A          0x00016126   Section        0  libinit2.o(.ARM.Collect$$libinit$$0000000A)
    .ARM.Collect$$libinit$$0000000C          0x00016126   Section        0  libinit2.o(.ARM.Collect$$libinit$$0000000C)
    .ARM.Collect$$libinit$$0000000F          0x00016126   Section        0  libinit2.o(.ARM.Collect$$libinit$$0000000F)
    .ARM.Collect$$libinit$$00000011          0x00016126   Section        0  libinit2.o(.ARM.Collect$$libinit$$00000011)
    .ARM.Collect$$libinit$$00000013          0x00016126   Section        0  libinit2.o(.ARM.Collect$$libinit$$00000013)
    .ARM.Collect$$libinit$$00000015          0x00016126   Section        0  libinit2.o(.ARM.Collect$$libinit$$00000015)
    .ARM.Collect$$libinit$$00000017          0x00016126   Section        0  libinit2.o(.ARM.Collect$$libinit$$00000017)
    .ARM.Collect$$libinit$$00000019          0x00016126   Section        0  libinit2.o(.ARM.Collect$$libinit$$00000019)
    .ARM.Collect$$libinit$$0000001B          0x00016126   Section        0  libinit2.o(.ARM.Collect$$libinit$$0000001B)
    .ARM.Collect$$libinit$$0000001D          0x00016126   Section        0  libinit2.o(.ARM.Collect$$libinit$$0000001D)
    .ARM.Collect$$libinit$$0000001F          0x00016126   Section        0  libinit2.o(.ARM.Collect$$libinit$$0000001F)
    .ARM.Collect$$libinit$$00000021          0x00016126   Section        0  libinit2.o(.ARM.Collect$$libinit$$00000021)
    .ARM.Collect$$libinit$$00000023          0x00016126   Section        0  libinit2.o(.ARM.Collect$$libinit$$00000023)
    .ARM.Collect$$libinit$$0000002A          0x00016126   Section        0  libinit2.o(.ARM.Collect$$libinit$$0000002A)
    .ARM.Collect$$libinit$$0000002C          0x00016126   Section        0  libinit2.o(.ARM.Collect$$libinit$$0000002C)
    .ARM.Collect$$libinit$$0000002E          0x00016126   Section        0  libinit2.o(.ARM.Collect$$libinit$$0000002E)
    .ARM.Collect$$libinit$$00000030          0x00016126   Section        0  libinit2.o(.ARM.Collect$$libinit$$00000030)
    .ARM.Collect$$libinit$$00000031          0x00016126   Section        2  libinit2.o(.ARM.Collect$$libinit$$00000031)
    .ARM.Collect$$libshutdown$$00000000      0x00016128   Section        2  libshutdown.o(.ARM.Collect$$libshutdown$$00000000)
    .ARM.Collect$$libshutdown$$00000003      0x0001612a   Section        0  libshutdown2.o(.ARM.Collect$$libshutdown$$00000003)
    .ARM.Collect$$libshutdown$$00000006      0x0001612a   Section        0  libshutdown2.o(.ARM.Collect$$libshutdown$$00000006)
    .ARM.Collect$$libshutdown$$00000009      0x0001612a   Section        0  libshutdown2.o(.ARM.Collect$$libshutdown$$00000009)
    .ARM.Collect$$libshutdown$$0000000B      0x0001612a   Section        0  libshutdown2.o(.ARM.Collect$$libshutdown$$0000000B)
    .ARM.Collect$$libshutdown$$0000000E      0x0001612a   Section        0  libshutdown2.o(.ARM.Collect$$libshutdown$$0000000E)
    .ARM.Collect$$libshutdown$$0000000F      0x0001612a   Section        2  libshutdown2.o(.ARM.Collect$$libshutdown$$0000000F)
    .ARM.Collect$$rtentry$$00000000          0x0001612c   Section        0  rtentry.o(.ARM.Collect$$rtentry$$00000000)
    .ARM.Collect$$rtentry$$00000002          0x0001612c   Section        0  rtentry2.o(.ARM.Collect$$rtentry$$00000002)
    .ARM.Collect$$rtentry$$00000004          0x0001612c   Section        6  rtentry4.o(.ARM.Collect$$rtentry$$00000004)
    .ARM.Collect$$rtentry$$00000009          0x00016132   Section        0  rtentry2.o(.ARM.Collect$$rtentry$$00000009)
    .ARM.Collect$$rtentry$$0000000A          0x00016132   Section        4  rtentry2.o(.ARM.Collect$$rtentry$$0000000A)
    .ARM.Collect$$rtentry$$0000000C          0x00016136   Section        0  rtentry2.o(.ARM.Collect$$rtentry$$0000000C)
    .ARM.Collect$$rtentry$$0000000D          0x00016136   Section        8  rtentry2.o(.ARM.Collect$$rtentry$$0000000D)
    .ARM.Collect$$rtexit$$00000000           0x0001613e   Section        2  rtexit.o(.ARM.Collect$$rtexit$$00000000)
    .ARM.Collect$$rtexit$$00000002           0x00016140   Section        0  rtexit2.o(.ARM.Collect$$rtexit$$00000002)
    .ARM.Collect$$rtexit$$00000003           0x00016140   Section        4  rtexit2.o(.ARM.Collect$$rtexit$$00000003)
    .ARM.Collect$$rtexit$$00000004           0x00016144   Section        6  rtexit2.o(.ARM.Collect$$rtexit$$00000004)
    .emb_text                                0x0001614c   Section       30  app_timer.o(.emb_text)
    .emb_text                                0x0001616c   Section       56  rt_memcpy.o(.emb_text)
    .text                                    0x000161a4   Section       84  arm_startup_nrf51.o(.text)
    .text                                    0x000161f8   Section        0  system_nrf51.o(.text)
    is_disabled_in_debug_needed              0x00016201   Thumb Code    48  system_nrf51.o(.text)
    is_manual_peripheral_setup_needed        0x00016231   Thumb Code    94  system_nrf51.o(.text)
    .text                                    0x000162d0   Section        0  main.o(.text)
    nrf_gpio_cfg_sense_input                 0x000162d1   Thumb Code    24  main.o(.text)
    battery_level_update                     0x00016313   Thumb Code    56  main.o(.text)
    battery_level_meas_timeout_handler       0x0001634b   Thumb Code    10  main.o(.text)
    bps_sim_measurement                      0x00016355   Thumb Code   250  main.o(.text)
    leds_init                                0x0001644f   Thumb Code    22  main.o(.text)
    timers_init                              0x00016465   Thumb Code    84  main.o(.text)
    gap_params_init                          0x000164b9   Thumb Code   156  main.o(.text)
    advertising_init                         0x00016555   Thumb Code   112  main.o(.text)
    blood_pressure_measurement_send          0x000165c5   Thumb Code   110  main.o(.text)
    on_bps_evt                               0x00016633   Thumb Code    38  main.o(.text)
    services_init                            0x00016659   Thumb Code   612  main.o(.text)
    sensor_sim_init                          0x000168bd   Thumb Code   204  main.o(.text)
    application_timers_start                 0x00016989   Thumb Code    42  main.o(.text)
    advertising_start                        0x000169b3   Thumb Code    88  main.o(.text)
    on_conn_params_evt                       0x00016a0b   Thumb Code    46  main.o(.text)
    conn_params_error_handler                0x00016a39   Thumb Code    16  main.o(.text)
    conn_params_init                         0x00016a49   Thumb Code    84  main.o(.text)
    on_ble_evt                               0x00016a9d   Thumb Code   346  main.o(.text)
    on_sys_evt                               0x00016bf7   Thumb Code    42  main.o(.text)
    ble_evt_dispatch                         0x00016c21   Thumb Code    40  main.o(.text)
    sys_evt_dispatch                         0x00016c49   Thumb Code    18  main.o(.text)
    ble_stack_init                           0x00016c5b   Thumb Code   146  main.o(.text)
    button_event_handler                     0x00016ced   Thumb Code    38  main.o(.text)
    gpiote_init                              0x00016d13   Thumb Code    42  main.o(.text)
    buttons_init                             0x00016d3d   Thumb Code    46  main.o(.text)
    device_manager_evt_handler               0x00016d6b   Thumb Code    92  main.o(.text)
    device_manager_init                      0x00016dc7   Thumb Code   206  main.o(.text)
    power_manage                             0x00016e95   Thumb Code    32  main.o(.text)
    nrf_gpio_cfg_output                      0x00016ef1   Thumb Code    18  main.o(.text)
    nrf_gpio_pin_set                         0x00016f03   Thumb Code    10  main.o(.text)
    nrf_gpio_pin_clear                       0x00016f0d   Thumb Code    10  main.o(.text)
    .text                                    0x00016f54   Section        0  ble_dis.o(.text)
    sys_id_encode                            0x00016f55   Thumb Code   160  ble_dis.o(.text)
    pnp_id_encode                            0x00016ff5   Thumb Code   152  ble_dis.o(.text)
    char_add                                 0x0001708d   Thumb Code   232  ble_dis.o(.text)
    uint16_encode                            0x000172f7   Thumb Code    18  ble_dis.o(.text)
    .text                                    0x0001736c   Section        0  ble_bas.o(.text)
    on_connect                               0x0001736d   Thumb Code     6  ble_bas.o(.text)
    on_disconnect                            0x00017373   Thumb Code     8  ble_bas.o(.text)
    on_write                                 0x0001737b   Thumb Code    80  ble_bas.o(.text)
    battery_level_char_add                   0x00017405   Thumb Code   448  ble_bas.o(.text)
    .text                                    0x0001768c   Section        0  ble_bps.o(.text)
    on_connect                               0x0001768d   Thumb Code     6  ble_bps.o(.text)
    on_disconnect                            0x00017693   Thumb Code     8  ble_bps.o(.text)
    on_cccd_write                            0x0001769b   Thumb Code    52  ble_bps.o(.text)
    on_write                                 0x000176cf   Thumb Code    26  ble_bps.o(.text)
    on_hvc                                   0x000176e9   Thumb Code    32  ble_bps.o(.text)
    bps_measurement_encode                   0x00017751   Thumb Code   238  ble_bps.o(.text)
    bps_measurement_char_add                 0x0001783f   Thumb Code   242  ble_bps.o(.text)
    bps_feature_char_add                     0x00017931   Thumb Code   174  ble_bps.o(.text)
    uint16_encode                            0x00017abf   Thumb Code    18  ble_bps.o(.text)
    ble_srv_is_indication_enabled            0x00017ad1   Thumb Code    22  ble_bps.o(.text)
    ble_date_time_encode                     0x00017ae7   Thumb Code    70  ble_bps.o(.text)
    .text                                    0x00017b38   Section        0  ble_advdata.o(.text)
    name_encode                              0x00017b39   Thumb Code   150  ble_advdata.o(.text)
    appearance_encode                        0x00017bcf   Thumb Code    74  ble_advdata.o(.text)
    uint8_array_encode                       0x00017c19   Thumb Code    82  ble_advdata.o(.text)
    tx_power_level_encode                    0x00017c6b   Thumb Code    48  ble_advdata.o(.text)
    uuid_list_sized_encode                   0x00017c9b   Thumb Code   196  ble_advdata.o(.text)
    uuid_list_encode                         0x00017d5f   Thumb Code    64  ble_advdata.o(.text)
    conn_int_check                           0x00017d9f   Thumb Code    88  ble_advdata.o(.text)
    conn_int_encode                          0x00017df7   Thumb Code    92  ble_advdata.o(.text)
    manuf_specific_data_encode               0x00017e53   Thumb Code   106  ble_advdata.o(.text)
    service_data_encode                      0x00017ebd   Thumb Code   140  ble_advdata.o(.text)
    adv_data_encode                          0x00017f49   Thumb Code   304  ble_advdata.o(.text)
    advdata_check                            0x00018079   Thumb Code    32  ble_advdata.o(.text)
    srdata_check                             0x00018099   Thumb Code    16  ble_advdata.o(.text)
    uint16_encode                            0x00018123   Thumb Code    18  ble_advdata.o(.text)
    .text                                    0x00018138   Section        0  ble_srv_common.o(.text)
    .text                                    0x000181c0   Section        0  ble_sensorsim.o(.text)
    .text                                    0x00018224   Section        0  app_timer.o(.text)
    NVIC_SetPriority                         0x00018225   Thumb Code   110  app_timer.o(.text)
    rtc1_init                                0x00018293   Thumb Code    18  app_timer.o(.text)
    rtc1_start                               0x000182a5   Thumb Code    48  app_timer.o(.text)
    rtc1_stop                                0x000182d5   Thumb Code    68  app_timer.o(.text)
    timer_list_insert                        0x00018319   Thumb Code   206  app_timer.o(.text)
    timer_list_remove                        0x000183e7   Thumb Code   162  app_timer.o(.text)
    timer_timeouts_check_sched               0x00018489   Thumb Code    10  app_timer.o(.text)
    timer_list_handler_sched                 0x00018493   Thumb Code    10  app_timer.o(.text)
    timeout_handler_exec                     0x0001849d   Thumb Code    60  app_timer.o(.text)
    timer_timeouts_check                     0x000184d9   Thumb Code   128  app_timer.o(.text)
    elapsed_ticks_acquire                    0x00018559   Thumb Code    82  app_timer.o(.text)
    list_deletions_handler                   0x000185ab   Thumb Code   284  app_timer.o(.text)
    expired_timers_handler                   0x000186c7   Thumb Code    98  app_timer.o(.text)
    list_insertions_handler                  0x00018729   Thumb Code   260  app_timer.o(.text)
    compare_reg_update                       0x0001882d   Thumb Code   122  app_timer.o(.text)
    timer_list_handler                       0x000188a7   Thumb Code    70  app_timer.o(.text)
    user_op_enque                            0x000188ed   Thumb Code     4  app_timer.o(.text)
    user_op_alloc                            0x000188f1   Thumb Code    44  app_timer.o(.text)
    timer_start_op_schedule                  0x0001891d   Thumb Code    80  app_timer.o(.text)
    timer_stop_op_schedule                   0x0001896d   Thumb Code    58  app_timer.o(.text)
    timer_stop_all_op_schedule               0x000189a7   Thumb Code    58  app_timer.o(.text)
    user_id_get                              0x00018b6f   Thumb Code   108  app_timer.o(.text)
    NVIC_EnableIRQ                           0x00018cb7   Thumb Code    14  app_timer.o(.text)
    NVIC_SetPendingIRQ                       0x00018cc5   Thumb Code    14  app_timer.o(.text)
    NVIC_ClearPendingIRQ                     0x00018cd3   Thumb Code    16  app_timer.o(.text)
    rtc1_counter_get                         0x00018ce3   Thumb Code     6  app_timer.o(.text)
    ticks_diff_get                           0x00018ce9   Thumb Code    10  app_timer.o(.text)
    .text                                    0x00018d24   Section        0  ble_conn_params.o(.text)
    is_conn_params_ok                        0x00018d25   Thumb Code    30  ble_conn_params.o(.text)
    update_timeout_handler                   0x00018d43   Thumb Code   136  ble_conn_params.o(.text)
    conn_params_negotiation                  0x00018e31   Thumb Code   126  ble_conn_params.o(.text)
    on_connect                               0x00018eaf   Thumb Code    42  ble_conn_params.o(.text)
    on_disconnect                            0x00018ed9   Thumb Code    50  ble_conn_params.o(.text)
    on_write                                 0x00018f0b   Thumb Code    84  ble_conn_params.o(.text)
    on_conn_params_update                    0x00018f5f   Thumb Code    20  ble_conn_params.o(.text)
    .text                                    0x0001902c   Section        0  device_manager_peripheral.o(.text)
    connection_instance_find                 0x0001902d   Thumb Code    62  device_manager_peripheral.o(.text)
    peer_instance_init                       0x0001906b   Thumb Code    76  device_manager_peripheral.o(.text)
    device_instance_free                     0x000190b7   Thumb Code    44  device_manager_peripheral.o(.text)
    device_instance_find                     0x000190e3   Thumb Code    82  device_manager_peripheral.o(.text)
    connection_instance_init                 0x00019135   Thumb Code    50  device_manager_peripheral.o(.text)
    storage_operation_dummy_handler          0x00019167   Thumb Code     8  device_manager_peripheral.o(.text)
    gatts_context_store                      0x0001916f   Thumb Code   184  device_manager_peripheral.o(.text)
    gattc_context_store                      0x00019227   Thumb Code     6  device_manager_peripheral.o(.text)
    gatts_context_load                       0x0001922d   Thumb Code    62  device_manager_peripheral.o(.text)
    gattc_context_load                       0x0001926b   Thumb Code     6  device_manager_peripheral.o(.text)
    gatts_context_apply                      0x00019271   Thumb Code   116  device_manager_peripheral.o(.text)
    gattc_context_apply                      0x000192e5   Thumb Code     6  device_manager_peripheral.o(.text)
    dm_pstorage_cb_handler                   0x00019305   Thumb Code   506  device_manager_peripheral.o(.text)
    device_context_store                     0x00019b73   Thumb Code   172  device_manager_peripheral.o(.text)
    update_status_bit_reset                  0x0001a317   Thumb Code    16  device_manager_peripheral.o(.text)
    device_instance_allocate                 0x0001a327   Thumb Code   118  device_manager_peripheral.o(.text)
    app_evt_notify                           0x0001a39d   Thumb Code    24  device_manager_peripheral.o(.text)
    no_service_context_store                 0x0001a3b5   Thumb Code     6  device_manager_peripheral.o(.text)
    gattsc_context_store                     0x0001a3bb   Thumb Code    30  device_manager_peripheral.o(.text)
    no_service_context_load                  0x0001a3d9   Thumb Code     6  device_manager_peripheral.o(.text)
    gattsc_context_load                      0x0001a3df   Thumb Code    30  device_manager_peripheral.o(.text)
    no_service_context_apply                 0x0001a3fd   Thumb Code     6  device_manager_peripheral.o(.text)
    gattsc_context_apply                     0x0001a403   Thumb Code    26  device_manager_peripheral.o(.text)
    .text                                    0x0001a43c   Section        0  pstorage.o(.text)
    cmd_queue_element_init                   0x0001a43d   Thumb Code    56  pstorage.o(.text)
    cmd_queue_init                           0x0001a475   Thumb Code    40  pstorage.o(.text)
    swap_state_process                       0x0001a49d   Thumb Code   568  pstorage.o(.text)
    cmd_process                              0x0001a6d5   Thumb Code   380  pstorage.o(.text)
    cmd_queue_enqueue                        0x0001a851   Thumb Code   138  pstorage.o(.text)
    cmd_queue_dequeue                        0x0001a8db   Thumb Code    32  pstorage.o(.text)
    app_notify                               0x0001a8fb   Thumb Code   100  pstorage.o(.text)
    is_word_aligned                          0x0001b0c7   Thumb Code    16  pstorage.o(.text)
    .text                                    0x0001b0e4   Section        0  app_button.o(.text)
    button_handler_execute                   0x0001b0e5   Thumb Code    82  app_button.o(.text)
    detection_delay_timeout_handler          0x0001b137   Thumb Code   142  app_button.o(.text)
    gpiote_event_handler                     0x0001b1c5   Thumb Code    52  app_button.o(.text)
    .text                                    0x0001b390   Section        0  app_gpiote.o(.text)
    sense_level_toggle                       0x0001b391   Thumb Code   124  app_gpiote.o(.text)
    pins_sense_disable                       0x0001b4a7   Thumb Code    96  app_gpiote.o(.text)
    NVIC_SetPriority                         0x0001b757   Thumb Code   110  app_gpiote.o(.text)
    .text                                    0x0001b7ec   Section        0  softdevice_handler.o(.text)
    .text                                    0x0001b9bc   Section        0  memcmp.o(.text)
    .text                                    0x0001ba18   Section        0  strlen.o(.text)
    .text                                    0x0001ba5c   Section        0  rt_memcpy.o(.text)
    .text                                    0x0001bade   Section        0  rt_memclr.o(.text)
    .text                                    0x0001bb1e   Section      346  aeabi_sdiv.o(.text)
    .text                                    0x0001bc78   Section        0  heapauxi.o(.text)
    .text                                    0x0001bc7e   Section       62  sys_stackheap_outer.o(.text)
    .text                                    0x0001bcbc   Section        0  exit.o(.text)
    .text                                    0x0001bcc8   Section        8  libspace.o(.text)
    .text                                    0x0001bcd0   Section        0  sys_exit.o(.text)
    .text                                    0x0001bcdc   Section        2  use_no_semi.o(.text)
    .text                                    0x0001bcde   Section        0  __dczerorl.o(.text)
    .text                                    0x0001bcde   Section        0  indicate_semi.o(.text)
    i.__ARM_common_switch8                   0x0001bd18   Section        0  pstorage.o(i.__ARM_common_switch8)
    .constdata                               0x0001bd34   Section       12  main.o(.constdata)
    .constdata                               0x0001bd40   Section      124  device_manager_peripheral.o(.constdata)
    .data                                    0x20002000   Section        4  system_nrf51.o(.data)
    __tagsym$$used                           0x20002000   Number         0  system_nrf51.o(.data)
    .data                                    0x20002004   Section       53  main.o(.data)
    m_conn_handle                            0x20002004   Data           2  main.o(.data)
    m_bps_meas_ind_conf_pending              0x20002006   Data           1  main.o(.data)
    m_memory_access_in_progress              0x20002007   Data           1  main.o(.data)
    s_time_stamp                             0x20002008   Data           8  main.o(.data)
    s_ndx                                    0x20002010   Data           1  main.o(.data)
    buttons                                  0x20002014   Data          24  main.o(.data)
    m_battery_sim_state                      0x2000202c   Data           8  main.o(.data)
    m_battery_timer_id                       0x20002034   Data           4  main.o(.data)
    m_app_handle                             0x20002038   Data           1  main.o(.data)
    .data                                    0x2000203a   Section       74  ble_dis.o(.data)
    service_handle                           0x2000203a   Data           2  ble_dis.o(.data)
    manufact_name_handles                    0x2000203c   Data           8  ble_dis.o(.data)
    model_num_handles                        0x20002044   Data           8  ble_dis.o(.data)
    serial_num_handles                       0x2000204c   Data           8  ble_dis.o(.data)
    hw_rev_handles                           0x20002054   Data           8  ble_dis.o(.data)
    fw_rev_handles                           0x2000205c   Data           8  ble_dis.o(.data)
    sw_rev_handles                           0x20002064   Data           8  ble_dis.o(.data)
    sys_id_handles                           0x2000206c   Data           8  ble_dis.o(.data)
    reg_cert_data_list_handles               0x20002074   Data           8  ble_dis.o(.data)
    pnp_id_handles                           0x2000207c   Data           8  ble_dis.o(.data)
    .data                                    0x20002084   Section       37  app_timer.o(.data)
    mp_nodes                                 0x20002084   Data           4  app_timer.o(.data)
    m_node_array_size                        0x20002088   Data           1  app_timer.o(.data)
    m_user_array_size                        0x20002089   Data           1  app_timer.o(.data)
    mp_users                                 0x2000208c   Data           4  app_timer.o(.data)
    m_timer_id_head                          0x20002090   Data           4  app_timer.o(.data)
    m_ticks_latest                           0x20002094   Data           4  app_timer.o(.data)
    m_ticks_elapsed                          0x20002098   Data           8  app_timer.o(.data)
    m_ticks_elapsed_q_read_ind               0x200020a0   Data           1  app_timer.o(.data)
    m_ticks_elapsed_q_write_ind              0x200020a1   Data           1  app_timer.o(.data)
    m_evt_schedule_func                      0x200020a4   Data           4  app_timer.o(.data)
    m_rtc1_running                           0x200020a8   Data           1  app_timer.o(.data)
    .data                                    0x200020ac   Section       28  ble_conn_params.o(.data)
    m_change_param                           0x200020ac   Data           1  ble_conn_params.o(.data)
    m_preferred_conn_params                  0x200020ae   Data           8  ble_conn_params.o(.data)
    m_update_count                           0x200020b6   Data           1  ble_conn_params.o(.data)
    m_conn_handle                            0x200020b8   Data           2  ble_conn_params.o(.data)
    m_current_conn_params                    0x200020ba   Data           8  ble_conn_params.o(.data)
    m_conn_params_timer_id                   0x200020c4   Data           4  ble_conn_params.o(.data)
    .data                                    0x200020c8   Section       23  device_manager_peripheral.o(.data)
    m_module_initialized                     0x200020c8   Data           1  device_manager_peripheral.o(.data)
    m_storage_handle                         0x200020cc   Data           8  device_manager_peripheral.o(.data)
    m_peer_addr_update                       0x200020d4   Data           4  device_manager_peripheral.o(.data)
    m_irk_index_table                        0x200020d8   Data           7  device_manager_peripheral.o(.data)
    .data                                    0x200020e0   Section       16  pstorage.o(.data)
    m_module_initialized                     0x200020e0   Data           1  pstorage.o(.data)
    m_next_app_instance                      0x200020e2   Data           2  pstorage.o(.data)
    m_next_page_addr                         0x200020e4   Data           4  pstorage.o(.data)
    m_round_val                              0x200020e8   Data           2  pstorage.o(.data)
    m_swap_state                             0x200020ec   Data           4  pstorage.o(.data)
    .data                                    0x200020f0   Section       32  app_button.o(.data)
    mp_buttons                               0x200020f0   Data           4  app_button.o(.data)
    m_button_count                           0x200020f4   Data           1  app_button.o(.data)
    m_detection_delay                        0x200020f8   Data           4  app_button.o(.data)
    m_evt_schedule_func                      0x200020fc   Data           4  app_button.o(.data)
    m_gpiote_user_id                         0x20002100   Data           1  app_button.o(.data)
    m_detection_delay_timer_id               0x20002104   Data           4  app_button.o(.data)
    m_pin_transition                         0x20002108   Data           8  app_button.o(.data)
    .data                                    0x20002110   Section       10  app_gpiote.o(.data)
    mp_users                                 0x20002110   Data           4  app_gpiote.o(.data)
    m_enabled_users_mask                     0x20002114   Data           4  app_gpiote.o(.data)
    m_user_array_size                        0x20002118   Data           1  app_gpiote.o(.data)
    m_user_count                             0x20002119   Data           1  app_gpiote.o(.data)
    .data                                    0x2000211c   Section       24  softdevice_handler.o(.data)
    m_softdevice_enabled                     0x2000211c   Data           1  softdevice_handler.o(.data)
    m_evt_schedule_func                      0x20002120   Data           4  softdevice_handler.o(.data)
    m_evt_buffer                             0x20002124   Data           4  softdevice_handler.o(.data)
    m_ble_evt_buffer_size                    0x20002128   Data           2  softdevice_handler.o(.data)
    m_ble_evt_handler                        0x2000212c   Data           4  softdevice_handler.o(.data)
    m_sys_evt_handler                        0x20002130   Data           4  softdevice_handler.o(.data)
    .bss                                     0x20002134   Section      868  main.o(.bss)
    APP_TIMER_BUF                            0x20002134   Data         616  main.o(.bss)
    EVT_BUFFER                               0x2000239c   Data          80  main.o(.bss)
    app_gpiote_buf                           0x200023ec   Data          20  main.o(.bss)
    m_adv_params                             0x20002400   Data          20  main.o(.bss)
    m_bas                                    0x20002414   Data          24  main.o(.bss)
    m_bps                                    0x2000242c   Data          28  main.o(.bss)
    m_bps_meas_sim_val                       0x20002448   Data          64  main.o(.bss)
    m_battery_sim_cfg                        0x20002488   Data          16  main.o(.bss)
    .bss                                     0x20002498   Section       28  ble_conn_params.o(.bss)
    m_conn_params_config                     0x20002498   Data          28  ble_conn_params.o(.bss)
    .bss                                     0x200024b4   Section      280  device_manager_peripheral.o(.bss)
    m_peer_table                             0x200024b4   Data         196  device_manager_peripheral.o(.bss)
    m_bond_table                             0x20002578   Data          24  device_manager_peripheral.o(.bss)
    m_gatts_table                            0x20002590   Data          36  device_manager_peripheral.o(.bss)
    m_connection_table                       0x200025b4   Data          12  device_manager_peripheral.o(.bss)
    m_application_table                      0x200025c0   Data          12  device_manager_peripheral.o(.bss)
    .bss                                     0x200025cc   Section      220  pstorage.o(.bss)
    m_cmd_queue                              0x200025cc   Data         204  pstorage.o(.bss)
    m_app_table                              0x20002698   Data          16  pstorage.o(.bss)
    .bss                                     0x200026a8   Section       96  libspace.o(.bss)
    HEAP                                     0x20002708   Section     2048  arm_startup_nrf51.o(HEAP)
    Heap_Mem                                 0x20002708   Data        2048  arm_startup_nrf51.o(HEAP)
    STACK                                    0x20002f08   Section     2048  arm_startup_nrf51.o(STACK)
    Stack_Mem                                0x20002f08   Data        2048  arm_startup_nrf51.o(STACK)
    __initial_sp                             0x20003708   Data           0  arm_startup_nrf51.o(STACK)

    Global Symbols

    Symbol Name                              Value     Ov Type        Size  Object(Section)

    BuildAttributes$$THM_ISAv3M$S$PE$A:L22$X:L11$S22$IEEE1$IW$USESV6$~STKCKD$USESV7$ENUMINT$~SHL$OSPACE$ROPI$EBA8$UX$STANDARDLIB$REQ8$PRES8$EABIv2 0x00000000   Number         0  anon$$obj.o ABSOLUTE
    __ARM_use_no_argv                        0x00000000   Number         0  main.o ABSOLUTE
    __ARM_exceptions_init                     - Undefined Weak Reference
    __alloca_initialize                       - Undefined Weak Reference
    __cpp_initialize__aeabi_                  - Undefined Weak Reference
    __cxa_finalize                            - Undefined Weak Reference
    __rt_locale                               - Undefined Weak Reference
    __sigvec_lookup                           - Undefined Weak Reference
    _atexit_init                              - Undefined Weak Reference
    _call_atexit_fns                          - Undefined Weak Reference
    _clock_init                               - Undefined Weak Reference
    _fp_trap_init                             - Undefined Weak Reference
    _fp_trap_shutdown                         - Undefined Weak Reference
    _get_lc_collate                           - Undefined Weak Reference
    _get_lc_ctype                             - Undefined Weak Reference
    _get_lc_monetary                          - Undefined Weak Reference
    _get_lc_numeric                           - Undefined Weak Reference
    _get_lc_time                              - Undefined Weak Reference
    _getenv_init                              - Undefined Weak Reference
    _handle_redirection                       - Undefined Weak Reference
    _init_alloc                               - Undefined Weak Reference
    _init_user_alloc                          - Undefined Weak Reference
    _initio                                   - Undefined Weak Reference
    _rand_init                                - Undefined Weak Reference
    _signal_finish                            - Undefined Weak Reference
    _signal_init                              - Undefined Weak Reference
    _terminate_alloc                          - Undefined Weak Reference
    _terminate_user_alloc                     - Undefined Weak Reference
    _terminateio                              - Undefined Weak Reference
    __Vectors_Size                           0x000000c0   Number         0  arm_startup_nrf51.o ABSOLUTE
    __Vectors                                0x00016000   Data           4  arm_startup_nrf51.o(RESET)
    __Vectors_End                            0x000160c0   Data           0  arm_startup_nrf51.o(RESET)
    __main                                   0x000160c1   Thumb Code     8  __main.o(!!!main)
    __scatterload                            0x000160c9   Thumb Code     0  __scatter.o(!!!scatter)
    __scatterload_rt2                        0x000160c9   Thumb Code    52  __scatter.o(!!!scatter)
    __scatterload_rt2_thumb_only             0x000160c9   Thumb Code     0  __scatter.o(!!!scatter)
    __scatterload_null                       0x000160d9   Thumb Code     0  __scatter.o(!!!scatter)
    __scatterload_zeroinit                   0x00016105   Thumb Code    28  __scatter_zi.o(!!handler_zi)
    __rt_lib_init                            0x00016121   Thumb Code     0  libinit.o(.ARM.Collect$$libinit$$00000000)
    __rt_lib_init_fp_1                       0x00016123   Thumb Code     0  libinit2.o(.ARM.Collect$$libinit$$00000001)
    __rt_lib_init_alloca_1                   0x00016127   Thumb Code     0  libinit2.o(.ARM.Collect$$libinit$$0000002C)
    __rt_lib_init_argv_1                     0x00016127   Thumb Code     0  libinit2.o(.ARM.Collect$$libinit$$0000002A)
    __rt_lib_init_atexit_1                   0x00016127   Thumb Code     0  libinit2.o(.ARM.Collect$$libinit$$00000019)
    __rt_lib_init_clock_1                    0x00016127   Thumb Code     0  libinit2.o(.ARM.Collect$$libinit$$0000001F)
    __rt_lib_init_cpp_1                      0x00016127   Thumb Code     0  libinit2.o(.ARM.Collect$$libinit$$00000030)
    __rt_lib_init_exceptions_1               0x00016127   Thumb Code     0  libinit2.o(.ARM.Collect$$libinit$$0000002E)
    __rt_lib_init_fp_trap_1                  0x00016127   Thumb Code     0  libinit2.o(.ARM.Collect$$libinit$$0000001D)
    __rt_lib_init_getenv_1                   0x00016127   Thumb Code     0  libinit2.o(.ARM.Collect$$libinit$$00000021)
    __rt_lib_init_heap_1                     0x00016127   Thumb Code     0  libinit2.o(.ARM.Collect$$libinit$$00000008)
    __rt_lib_init_lc_collate_1               0x00016127   Thumb Code     0  libinit2.o(.ARM.Collect$$libinit$$0000000F)
    __rt_lib_init_lc_ctype_1                 0x00016127   Thumb Code     0  libinit2.o(.ARM.Collect$$libinit$$00000011)
    __rt_lib_init_lc_monetary_1              0x00016127   Thumb Code     0  libinit2.o(.ARM.Collect$$libinit$$00000013)
    __rt_lib_init_lc_numeric_1               0x00016127   Thumb Code     0  libinit2.o(.ARM.Collect$$libinit$$00000015)
    __rt_lib_init_lc_time_1                  0x00016127   Thumb Code     0  libinit2.o(.ARM.Collect$$libinit$$00000017)
    __rt_lib_init_rand_1                     0x00016127   Thumb Code     0  libinit2.o(.ARM.Collect$$libinit$$0000000C)
    __rt_lib_init_return                     0x00016127   Thumb Code     0  libinit2.o(.ARM.Collect$$libinit$$00000031)
    __rt_lib_init_signal_1                   0x00016127   Thumb Code     0  libinit2.o(.ARM.Collect$$libinit$$0000001B)
    __rt_lib_init_stdio_1                    0x00016127   Thumb Code     0  libinit2.o(.ARM.Collect$$libinit$$00000023)
    __rt_lib_init_user_alloc_1               0x00016127   Thumb Code     0  libinit2.o(.ARM.Collect$$libinit$$0000000A)
    __rt_lib_shutdown                        0x00016129   Thumb Code     0  libshutdown.o(.ARM.Collect$$libshutdown$$00000000)
    __rt_lib_shutdown_fp_trap_1              0x0001612b   Thumb Code     0  libshutdown2.o(.ARM.Collect$$libshutdown$$00000006)
    __rt_lib_shutdown_heap_1                 0x0001612b   Thumb Code     0  libshutdown2.o(.ARM.Collect$$libshutdown$$0000000E)
    __rt_lib_shutdown_return                 0x0001612b   Thumb Code     0  libshutdown2.o(.ARM.Collect$$libshutdown$$0000000F)
    __rt_lib_shutdown_signal_1               0x0001612b   Thumb Code     0  libshutdown2.o(.ARM.Collect$$libshutdown$$00000009)
    __rt_lib_shutdown_stdio_1                0x0001612b   Thumb Code     0  libshutdown2.o(.ARM.Collect$$libshutdown$$00000003)
    __rt_lib_shutdown_user_alloc_1           0x0001612b   Thumb Code     0  libshutdown2.o(.ARM.Collect$$libshutdown$$0000000B)
    __rt_entry                               0x0001612d   Thumb Code     0  rtentry.o(.ARM.Collect$$rtentry$$00000000)
    __rt_entry_presh_1                       0x0001612d   Thumb Code     0  rtentry2.o(.ARM.Collect$$rtentry$$00000002)
    __rt_entry_sh                            0x0001612d   Thumb Code     0  rtentry4.o(.ARM.Collect$$rtentry$$00000004)
    __rt_entry_li                            0x00016133   Thumb Code     0  rtentry2.o(.ARM.Collect$$rtentry$$0000000A)
    __rt_entry_postsh_1                      0x00016133   Thumb Code     0  rtentry2.o(.ARM.Collect$$rtentry$$00000009)
    __rt_entry_main                          0x00016137   Thumb Code     0  rtentry2.o(.ARM.Collect$$rtentry$$0000000D)
    __rt_entry_postli_1                      0x00016137   Thumb Code     0  rtentry2.o(.ARM.Collect$$rtentry$$0000000C)
    __rt_exit                                0x0001613f   Thumb Code     0  rtexit.o(.ARM.Collect$$rtexit$$00000000)
    __rt_exit_ls                             0x00016141   Thumb Code     0  rtexit2.o(.ARM.Collect$$rtexit$$00000003)
    __rt_exit_prels_1                        0x00016141   Thumb Code     0  rtexit2.o(.ARM.Collect$$rtexit$$00000002)
    __rt_exit_exit                           0x00016145   Thumb Code     0  rtexit2.o(.ARM.Collect$$rtexit$$00000004)
    __asm___11_app_timer_c_cd27f9c3__nrf_delay_us 0x0001614d   Thumb Code    30  app_timer.o(.emb_text)
    __aeabi_memcpy4                          0x0001616d   Thumb Code    56  rt_memcpy.o(.emb_text)
    __aeabi_memcpy8                          0x0001616d   Thumb Code     0  rt_memcpy.o(.emb_text)
    Reset_Handler                            0x000161a5   Thumb Code    26  arm_startup_nrf51.o(.text)
    NMI_Handler                              0x000161bf   Thumb Code     2  arm_startup_nrf51.o(.text)
    HardFault_Handler                        0x000161c1   Thumb Code     2  arm_startup_nrf51.o(.text)
    SVC_Handler                              0x000161c3   Thumb Code     2  arm_startup_nrf51.o(.text)
    PendSV_Handler                           0x000161c5   Thumb Code     2  arm_startup_nrf51.o(.text)
    SysTick_Handler                          0x000161c7   Thumb Code     2  arm_startup_nrf51.o(.text)
    ADC_IRQHandler                           0x000161c9   Thumb Code     0  arm_startup_nrf51.o(.text)
    CCM_AAR_IRQHandler                       0x000161c9   Thumb Code     0  arm_startup_nrf51.o(.text)
    ECB_IRQHandler                           0x000161c9   Thumb Code     0  arm_startup_nrf51.o(.text)
    LPCOMP_IRQHandler                        0x000161c9   Thumb Code     0  arm_startup_nrf51.o(.text)
    POWER_CLOCK_IRQHandler                   0x000161c9   Thumb Code     0  arm_startup_nrf51.o(.text)
    QDEC_IRQHandler                          0x000161c9   Thumb Code     0  arm_startup_nrf51.o(.text)
    RADIO_IRQHandler                         0x000161c9   Thumb Code     0  arm_startup_nrf51.o(.text)
    RNG_IRQHandler                           0x000161c9   Thumb Code     0  arm_startup_nrf51.o(.text)
    RTC0_IRQHandler                          0x000161c9   Thumb Code     0  arm_startup_nrf51.o(.text)
    SPI0_TWI0_IRQHandler                     0x000161c9   Thumb Code     0  arm_startup_nrf51.o(.text)
    SPI1_TWI1_IRQHandler                     0x000161c9   Thumb Code     0  arm_startup_nrf51.o(.text)
    SWI1_IRQHandler                          0x000161c9   Thumb Code     0  arm_startup_nrf51.o(.text)
    SWI3_IRQHandler                          0x000161c9   Thumb Code     0  arm_startup_nrf51.o(.text)
    SWI4_IRQHandler                          0x000161c9   Thumb Code     0  arm_startup_nrf51.o(.text)
    SWI5_IRQHandler                          0x000161c9   Thumb Code     0  arm_startup_nrf51.o(.text)
    TEMP_IRQHandler                          0x000161c9   Thumb Code     0  arm_startup_nrf51.o(.text)
    TIMER0_IRQHandler                        0x000161c9   Thumb Code     0  arm_startup_nrf51.o(.text)
    TIMER1_IRQHandler                        0x000161c9   Thumb Code     0  arm_startup_nrf51.o(.text)
    TIMER2_IRQHandler                        0x000161c9   Thumb Code     0  arm_startup_nrf51.o(.text)
    UART0_IRQHandler                         0x000161c9   Thumb Code     0  arm_startup_nrf51.o(.text)
    WDT_IRQHandler                           0x000161c9   Thumb Code     0  arm_startup_nrf51.o(.text)
    __user_initial_stackheap                 0x000161cd   Thumb Code     0  arm_startup_nrf51.o(.text)
    SystemCoreClockUpdate                    0x000161f9   Thumb Code     8  system_nrf51.o(.text)
    SystemInit                               0x0001628f   Thumb Code    38  system_nrf51.o(.text)
    app_error_handler                        0x000162e9   Thumb Code    28  main.o(.text)
    assert_nrf_callback                      0x00016305   Thumb Code    14  main.o(.text)
    main                                     0x00016eb5   Thumb Code    60  main.o(.text)
    ble_dis_init                             0x00017175   Thumb Code   386  ble_dis.o(.text)
    ble_bas_on_ble_evt                       0x000173cb   Thumb Code    58  ble_bas.o(.text)
    ble_bas_init                             0x000175c5   Thumb Code    66  ble_bas.o(.text)
    ble_bas_battery_level_update             0x00017607   Thumb Code   118  ble_bas.o(.text)
    ble_bps_on_ble_evt                       0x00017709   Thumb Code    72  ble_bps.o(.text)
    ble_bps_init                             0x000179df   Thumb Code    92  ble_bps.o(.text)
    ble_bps_measurement_send                 0x00017a3b   Thumb Code    94  ble_bps.o(.text)
    ble_bps_is_indication_enabled            0x00017a99   Thumb Code    38  ble_bps.o(.text)
    ble_advdata_set                          0x000180a9   Thumb Code   122  ble_advdata.o(.text)
    ble_srv_report_ref_encode                0x00018139   Thumb Code    60  ble_srv_common.o(.text)
    ble_srv_ascii_to_utf8                    0x00018175   Thumb Code    18  ble_srv_common.o(.text)
    ble_sensorsim_init                       0x000181c1   Thumb Code    26  ble_sensorsim.o(.text)
    ble_sensorsim_measure                    0x000181db   Thumb Code    74  ble_sensorsim.o(.text)
    RTC1_IRQHandler                          0x000189e1   Thumb Code    34  app_timer.o(.text)
    SWI0_IRQHandler                          0x00018a03   Thumb Code     8  app_timer.o(.text)
    app_timer_init                           0x00018a0b   Thumb Code   248  app_timer.o(.text)
    app_timer_create                         0x00018b03   Thumb Code   108  app_timer.o(.text)
    app_timer_start                          0x00018bdb   Thumb Code    98  app_timer.o(.text)
    app_timer_stop                           0x00018c3d   Thumb Code    60  app_timer.o(.text)
    app_timer_stop_all                       0x00018c79   Thumb Code    26  app_timer.o(.text)
    app_timer_cnt_get                        0x00018c93   Thumb Code    14  app_timer.o(.text)
    app_timer_cnt_diff_compute               0x00018ca1   Thumb Code    22  app_timer.o(.text)
    ble_conn_params_init                     0x00018dcb   Thumb Code    90  ble_conn_params.o(.text)
    ble_conn_params_stop                     0x00018e25   Thumb Code    12  ble_conn_params.o(.text)
    ble_conn_params_on_ble_evt               0x00018f73   Thumb Code    62  ble_conn_params.o(.text)
    ble_conn_params_change_conn_params       0x00018fb1   Thumb Code    86  ble_conn_params.o(.text)
    dm_handle_initialize                     0x000192eb   Thumb Code    26  device_manager_peripheral.o(.text)
    dm_init                                  0x000194ff   Thumb Code   222  device_manager_peripheral.o(.text)
    dm_register                              0x000195dd   Thumb Code    98  device_manager_peripheral.o(.text)
    dm_security_setup_req                    0x0001963f   Thumb Code   140  device_manager_peripheral.o(.text)
    dm_security_status_req                   0x000196cb   Thumb Code   154  device_manager_peripheral.o(.text)
    dm_whitelist_create                      0x00019765   Thumb Code   190  device_manager_peripheral.o(.text)
    dm_device_add                            0x00019823   Thumb Code     8  device_manager_peripheral.o(.text)
    dm_device_delete                         0x0001982b   Thumb Code   138  device_manager_peripheral.o(.text)
    dm_device_delete_all                     0x000198b5   Thumb Code    96  device_manager_peripheral.o(.text)
    dm_service_context_set                   0x00019915   Thumb Code   210  device_manager_peripheral.o(.text)
    dm_service_context_get                   0x000199e7   Thumb Code   204  device_manager_peripheral.o(.text)
    dm_service_context_delete                0x00019ab3   Thumb Code    94  device_manager_peripheral.o(.text)
    dm_application_context_set               0x00019b11   Thumb Code     8  device_manager_peripheral.o(.text)
    dm_application_context_get               0x00019b19   Thumb Code     8  device_manager_peripheral.o(.text)
    dm_application_context_delete            0x00019b21   Thumb Code     8  device_manager_peripheral.o(.text)
    dm_application_instance_set              0x00019b29   Thumb Code    74  device_manager_peripheral.o(.text)
    dm_peer_addr_set                         0x00019c1f   Thumb Code   226  device_manager_peripheral.o(.text)
    dm_peer_addr_get                         0x00019d01   Thumb Code   178  device_manager_peripheral.o(.text)
    bond_data_load                           0x00019db3   Thumb Code    62  device_manager_peripheral.o(.text)
    dm_ble_evt_handler                       0x00019df1   Thumb Code  1318  device_manager_peripheral.o(.text)
    pstorage_sys_event_handler               0x0001a95f   Thumb Code   326  pstorage.o(.text)
    pstorage_init                            0x0001aaa5   Thumb Code   192  pstorage.o(.text)
    pstorage_register                        0x0001ab65   Thumb Code   392  pstorage.o(.text)
    pstorage_block_identifier_get            0x0001aced   Thumb Code   136  pstorage.o(.text)
    pstorage_store                           0x0001ad75   Thumb Code   202  pstorage.o(.text)
    pstorage_update                          0x0001ae3f   Thumb Code   202  pstorage.o(.text)
    pstorage_load                            0x0001af09   Thumb Code   226  pstorage.o(.text)
    pstorage_clear                           0x0001afeb   Thumb Code   184  pstorage.o(.text)
    pstorage_access_status_get               0x0001b0a3   Thumb Code    36  pstorage.o(.text)
    app_button_init                          0x0001b1f9   Thumb Code   134  app_button.o(.text)
    app_button_enable                        0x0001b27f   Thumb Code    24  app_button.o(.text)
    app_button_disable                       0x0001b297   Thumb Code    42  app_button.o(.text)
    app_button_is_pushed                     0x0001b2c1   Thumb Code   122  app_button.o(.text)
    GPIOTE_IRQHandler                        0x0001b40d   Thumb Code   154  app_gpiote.o(.text)
    app_gpiote_init                          0x0001b507   Thumb Code   114  app_gpiote.o(.text)
    app_gpiote_user_register                 0x0001b579   Thumb Code   138  app_gpiote.o(.text)
    app_gpiote_user_enable                   0x0001b603   Thumb Code   222  app_gpiote.o(.text)
    app_gpiote_user_disable                  0x0001b6e1   Thumb Code    66  app_gpiote.o(.text)
    app_gpiote_pins_state_get                0x0001b723   Thumb Code    52  app_gpiote.o(.text)
    softdevice_assertion_handler             0x0001b7ed   Thumb Code    18  softdevice_handler.o(.text)
    intern_softdevice_events_execute         0x0001b7ff   Thumb Code   168  softdevice_handler.o(.text)
    softdevice_handler_init                  0x0001b8a7   Thumb Code    82  softdevice_handler.o(.text)
    softdevice_handler_sd_disable            0x0001b8f9   Thumb Code    24  softdevice_handler.o(.text)
    softdevice_ble_evt_handler_set           0x0001b911   Thumb Code    18  softdevice_handler.o(.text)
    softdevice_sys_evt_handler_set           0x0001b923   Thumb Code    18  softdevice_handler.o(.text)
    SWI2_IRQHandler                          0x0001b935   Thumb Code    52  softdevice_handler.o(.text)
    memcmp                                   0x0001b9bd   Thumb Code    90  memcmp.o(.text)
    strlen                                   0x0001ba19   Thumb Code    62  strlen.o(.text)
    __aeabi_memcpy                           0x0001ba5d   Thumb Code   130  rt_memcpy.o(.text)
    __rt_memcpy                              0x0001ba5d   Thumb Code     0  rt_memcpy.o(.text)
    _memset_w                                0x0001badf   Thumb Code    26  rt_memclr.o(.text)
    _memset                                  0x0001baf9   Thumb Code    30  rt_memclr.o(.text)
    __aeabi_memclr                           0x0001bb17   Thumb Code     4  rt_memclr.o(.text)
    __rt_memclr                              0x0001bb17   Thumb Code     0  rt_memclr.o(.text)
    __aeabi_memclr4                          0x0001bb1b   Thumb Code     0  rt_memclr.o(.text)
    __aeabi_memclr8                          0x0001bb1b   Thumb Code     0  rt_memclr.o(.text)
    __rt_memclr_w                            0x0001bb1b   Thumb Code     4  rt_memclr.o(.text)
    __aeabi_uidiv                            0x0001bb1f   Thumb Code     0  aeabi_sdiv.o(.text)
    __aeabi_uidivmod                         0x0001bb1f   Thumb Code    20  aeabi_sdiv.o(.text)
    __aeabi_idiv                             0x0001bb33   Thumb Code     0  aeabi_sdiv.o(.text)
    __aeabi_idivmod                          0x0001bb33   Thumb Code   326  aeabi_sdiv.o(.text)
    __use_two_region_memory                  0x0001bc79   Thumb Code     2  heapauxi.o(.text)
    __rt_heap_escrow$2region                 0x0001bc7b   Thumb Code     2  heapauxi.o(.text)
    __rt_heap_expand$2region                 0x0001bc7d   Thumb Code     2  heapauxi.o(.text)
    __user_setup_stackheap                   0x0001bc7f   Thumb Code    62  sys_stackheap_outer.o(.text)
    exit                                     0x0001bcbd   Thumb Code    12  exit.o(.text)
    __user_libspace                          0x0001bcc9   Thumb Code     8  libspace.o(.text)
    __user_perproc_libspace                  0x0001bcc9   Thumb Code     0  libspace.o(.text)
    __user_perthread_libspace                0x0001bcc9   Thumb Code     0  libspace.o(.text)
    _sys_exit                                0x0001bcd1   Thumb Code     8  sys_exit.o(.text)
    __I$use$semihosting                      0x0001bcdd   Thumb Code     0  use_no_semi.o(.text)
    __use_no_semihosting_swi                 0x0001bcdd   Thumb Code     2  use_no_semi.o(.text)
    __decompress                             0x0001bcdf   Thumb Code     0  __dczerorl.o(.text)
    __decompress0                            0x0001bcdf   Thumb Code    58  __dczerorl.o(.text)
    __semihosting_library_function           0x0001bcdf   Thumb Code     0  indicate_semi.o(.text)
    __ARM_common_switch8                     0x0001bd19   Thumb Code    28  pstorage.o(i.__ARM_common_switch8)
    m_service_context_store                  0x0001bd40   Data          16  device_manager_peripheral.o(.constdata)
    m_service_context_load                   0x0001bd50   Data          16  device_manager_peripheral.o(.constdata)
    m_service_context_apply                  0x0001bd60   Data          16  device_manager_peripheral.o(.constdata)
    m_context_init_len                       0x0001bd70   Data           4  device_manager_peripheral.o(.constdata)
    Region$$Table$$Base                      0x0001bdbc   Number         0  anon$$obj.o(Region$$Table)
    Region$$Table$$Limit                     0x0001bddc   Number         0  anon$$obj.o(Region$$Table)
    SystemCoreClock                          0x20002000   Data           4  system_nrf51.o(.data)
    __libspace_start                         0x200026a8   Data          96  libspace.o(.bss)
    __temporary_stack_top$libspace           0x20002708   Data           0  libspace.o(.bss)



==============================================================================

Memory Map of the image

  Image Entry point : 0x000160c1

  Load Region LR_IROM1 (Base: 0x00016000, Size: 0x00005f10, Max: 0x00029000, ABSOLUTE, COMPRESSED[0x00005df4])

    Execution Region ER_IROM1 (Base: 0x00016000, Size: 0x00005ddc, Max: 0x00029000, ABSOLUTE)

    Base Addr    Size         Type   Attr      Idx    E Section Name        Object

    0x00016000   0x000000c0   Data   RO            3    RESET               arm_startup_nrf51.o
    0x000160c0   0x00000008   Code   RO          878  * !!!main             c_p.l(__main.o)
    0x000160c8   0x0000003c   Code   RO         1046    !!!scatter          c_p.l(__scatter.o)
    0x00016104   0x0000001c   Code   RO         1048    !!handler_zi        c_p.l(__scatter_zi.o)
    0x00016120   0x00000002   Code   RO          916    .ARM.Collect$$libinit$$00000000  c_p.l(libinit.o)
    0x00016122   0x00000004   Code   RO          929    .ARM.Collect$$libinit$$00000001  c_p.l(libinit2.o)
    0x00016126   0x00000000   Code   RO          933    .ARM.Collect$$libinit$$00000008  c_p.l(libinit2.o)
    0x00016126   0x00000000   Code   RO          935    .ARM.Collect$$libinit$$0000000A  c_p.l(libinit2.o)
    0x00016126   0x00000000   Code   RO          937    .ARM.Collect$$libinit$$0000000C  c_p.l(libinit2.o)
    0x00016126   0x00000000   Code   RO          940    .ARM.Collect$$libinit$$0000000F  c_p.l(libinit2.o)
    0x00016126   0x00000000   Code   RO          942    .ARM.Collect$$libinit$$00000011  c_p.l(libinit2.o)
    0x00016126   0x00000000   Code   RO          944    .ARM.Collect$$libinit$$00000013  c_p.l(libinit2.o)
    0x00016126   0x00000000   Code   RO          946    .ARM.Collect$$libinit$$00000015  c_p.l(libinit2.o)
    0x00016126   0x00000000   Code   RO          948    .ARM.Collect$$libinit$$00000017  c_p.l(libinit2.o)
    0x00016126   0x00000000   Code   RO          950    .ARM.Collect$$libinit$$00000019  c_p.l(libinit2.o)
    0x00016126   0x00000000   Code   RO          952    .ARM.Collect$$libinit$$0000001B  c_p.l(libinit2.o)
    0x00016126   0x00000000   Code   RO          954    .ARM.Collect$$libinit$$0000001D  c_p.l(libinit2.o)
    0x00016126   0x00000000   Code   RO          956    .ARM.Collect$$libinit$$0000001F  c_p.l(libinit2.o)
    0x00016126   0x00000000   Code   RO          958    .ARM.Collect$$libinit$$00000021  c_p.l(libinit2.o)
    0x00016126   0x00000000   Code   RO          960    .ARM.Collect$$libinit$$00000023  c_p.l(libinit2.o)
    0x00016126   0x00000000   Code   RO          964    .ARM.Collect$$libinit$$0000002A  c_p.l(libinit2.o)
    0x00016126   0x00000000   Code   RO          966    .ARM.Collect$$libinit$$0000002C  c_p.l(libinit2.o)
    0x00016126   0x00000000   Code   RO          968    .ARM.Collect$$libinit$$0000002E  c_p.l(libinit2.o)
    0x00016126   0x00000000   Code   RO          970    .ARM.Collect$$libinit$$00000030  c_p.l(libinit2.o)
    0x00016126   0x00000002   Code   RO          971    .ARM.Collect$$libinit$$00000031  c_p.l(libinit2.o)
    0x00016128   0x00000002   Code   RO         1002    .ARM.Collect$$libshutdown$$00000000  c_p.l(libshutdown.o)
    0x0001612a   0x00000000   Code   RO         1029    .ARM.Collect$$libshutdown$$00000003  c_p.l(libshutdown2.o)
    0x0001612a   0x00000000   Code   RO         1032    .ARM.Collect$$libshutdown$$00000006  c_p.l(libshutdown2.o)
    0x0001612a   0x00000000   Code   RO         1035    .ARM.Collect$$libshutdown$$00000009  c_p.l(libshutdown2.o)
    0x0001612a   0x00000000   Code   RO         1037    .ARM.Collect$$libshutdown$$0000000B  c_p.l(libshutdown2.o)
    0x0001612a   0x00000000   Code   RO         1040    .ARM.Collect$$libshutdown$$0000000E  c_p.l(libshutdown2.o)
    0x0001612a   0x00000002   Code   RO         1041    .ARM.Collect$$libshutdown$$0000000F  c_p.l(libshutdown2.o)
    0x0001612c   0x00000000   Code   RO          880    .ARM.Collect$$rtentry$$00000000  c_p.l(rtentry.o)
    0x0001612c   0x00000000   Code   RO          886    .ARM.Collect$$rtentry$$00000002  c_p.l(rtentry2.o)
    0x0001612c   0x00000006   Code   RO          898    .ARM.Collect$$rtentry$$00000004  c_p.l(rtentry4.o)
    0x00016132   0x00000000   Code   RO          888    .ARM.Collect$$rtentry$$00000009  c_p.l(rtentry2.o)
    0x00016132   0x00000004   Code   RO          889    .ARM.Collect$$rtentry$$0000000A  c_p.l(rtentry2.o)
    0x00016136   0x00000000   Code   RO          891    .ARM.Collect$$rtentry$$0000000C  c_p.l(rtentry2.o)
    0x00016136   0x00000008   Code   RO          892    .ARM.Collect$$rtentry$$0000000D  c_p.l(rtentry2.o)
    0x0001613e   0x00000002   Code   RO          921    .ARM.Collect$$rtexit$$00000000  c_p.l(rtexit.o)
    0x00016140   0x00000000   Code   RO          975    .ARM.Collect$$rtexit$$00000002  c_p.l(rtexit2.o)
    0x00016140   0x00000004   Code   RO          976    .ARM.Collect$$rtexit$$00000003  c_p.l(rtexit2.o)
    0x00016144   0x00000006   Code   RO          977    .ARM.Collect$$rtexit$$00000004  c_p.l(rtexit2.o)
    0x0001614a   0x00000002   PAD
    0x0001614c   0x0000001e   Code   RO          430    .emb_text           app_timer.o
    0x0001616a   0x00000002   PAD
    0x0001616c   0x00000038   Code   RO          864    .emb_text           c_p.l(rt_memcpy.o)
    0x000161a4   0x00000054   Code   RO            4    .text               arm_startup_nrf51.o
    0x000161f8   0x000000d8   Code   RO           12    .text               system_nrf51.o
    0x000162d0   0x00000c84   Code   RO           69    .text               main.o
    0x00016f54   0x00000418   Code   RO          255    .text               ble_dis.o
    0x0001736c   0x00000320   Code   RO          317    .text               ble_bas.o
    0x0001768c   0x000004ac   Code   RO          356    .text               ble_bps.o
    0x00017b38   0x00000600   Code   RO          380    .text               ble_advdata.o
    0x00018138   0x00000088   Code   RO          398    .text               ble_srv_common.o
    0x000181c0   0x00000064   Code   RO          413    .text               ble_sensorsim.o
    0x00018224   0x00000b00   Code   RO          431    .text               app_timer.o
    0x00018d24   0x00000308   Code   RO          485    .text               ble_conn_params.o
    0x0001902c   0x00001410   Code   RO          588    .text               device_manager_peripheral.o
    0x0001a43c   0x00000ca8   Code   RO          625    .text               pstorage.o
    0x0001b0e4   0x000002ac   Code   RO          677    .text               app_button.o
    0x0001b390   0x0000045c   Code   RO          737    .text               app_gpiote.o
    0x0001b7ec   0x000001d0   Code   RO          799    .text               softdevice_handler.o
    0x0001b9bc   0x0000005a   Code   RO          860    .text               c_p.l(memcmp.o)
    0x0001ba16   0x00000002   PAD
    0x0001ba18   0x00000044   Code   RO          862    .text               c_p.l(strlen.o)
    0x0001ba5c   0x00000082   Code   RO          865    .text               c_p.l(rt_memcpy.o)
    0x0001bade   0x00000040   Code   RO          868    .text               c_p.l(rt_memclr.o)
    0x0001bb1e   0x0000015a   Code   RO          872    .text               c_p.l(aeabi_sdiv.o)
    0x0001bc78   0x00000006   Code   RO          876    .text               c_p.l(heapauxi.o)
    0x0001bc7e   0x0000003e   Code   RO          902    .text               c_p.l(sys_stackheap_outer.o)
    0x0001bcbc   0x0000000c   Code   RO          905    .text               c_p.l(exit.o)
    0x0001bcc8   0x00000008   Code   RO          917    .text               c_p.l(libspace.o)
    0x0001bcd0   0x0000000c   Code   RO          972    .text               c_p.l(sys_exit.o)
    0x0001bcdc   0x00000002   Code   RO          991    .text               c_p.l(use_no_semi.o)
    0x0001bcde   0x00000000   Code   RO          993    .text               c_p.l(indicate_semi.o)
    0x0001bcde   0x0000003a   Code   RO         1044    .text               c_p.l(__dczerorl.o)
    0x0001bd18   0x0000001c   Code   RO          643    i.__ARM_common_switch8  pstorage.o
    0x0001bd34   0x0000000c   Data   RO           71    .constdata          main.o
    0x0001bd40   0x0000007c   Data   RO          590    .constdata          device_manager_peripheral.o
    0x0001bdbc   0x00000020   Data   RO         1042    Region$$Table       anon$$obj.o


    Execution Region RW_IRAM1 (Base: 0x20002000, Size: 0x00001708, Max: 0x00002000, ABSOLUTE, COMPRESSED[0x00000018])

    Base Addr    Size         Type   Attr      Idx    E Section Name        Object

    0x20002000   0x00000004   Data   RW           13    .data               system_nrf51.o
    0x20002004   0x00000035   Data   RW           72    .data               main.o
    0x20002039   0x00000001   PAD
    0x2000203a   0x0000004a   Data   RW          256    .data               ble_dis.o
    0x20002084   0x00000025   Data   RW          432    .data               app_timer.o
    0x200020a9   0x00000003   PAD
    0x200020ac   0x0000001c   Data   RW          487    .data               ble_conn_params.o
    0x200020c8   0x00000017   Data   RW          591    .data               device_manager_peripheral.o
    0x200020df   0x00000001   PAD
    0x200020e0   0x00000010   Data   RW          627    .data               pstorage.o
    0x200020f0   0x00000020   Data   RW          678    .data               app_button.o
    0x20002110   0x0000000a   Data   RW          738    .data               app_gpiote.o
    0x2000211a   0x00000002   PAD
    0x2000211c   0x00000018   Data   RW          800    .data               softdevice_handler.o
    0x20002134   0x00000364   Zero   RW           70    .bss                main.o
    0x20002498   0x0000001c   Zero   RW          486    .bss                ble_conn_params.o
    0x200024b4   0x00000118   Zero   RW          589    .bss                device_manager_peripheral.o
    0x200025cc   0x000000dc   Zero   RW          626    .bss                pstorage.o
    0x200026a8   0x00000060   Zero   RW          918    .bss                c_p.l(libspace.o)
    0x20002708   0x00000800   Zero   RW            2    HEAP                arm_startup_nrf51.o
    0x20002f08   0x00000800   Zero   RW            1    STACK               arm_startup_nrf51.o


==============================================================================

Image component sizes


      Code (inc. data)   RO Data    RW Data    ZI Data      Debug   Object Name

       684         86          0         32          0       7492   app_button.o
      1116         40          0         10          0      11446   app_gpiote.o
      2846        204          0         37          0      24429   app_timer.o
         0          0          0          0          0        916   app_trace.o
        84         36        192          0       4096        696   arm_startup_nrf51.o
      1536          4          0          0          0       8374   ble_advdata.o
       800         16          0          0          0      33987   ble_bas.o
      1196         12          0          0          0      14641   ble_bps.o
       776         38          0         28         28       7262   ble_conn_params.o
      1048        100          0         74          0      32627   ble_dis.o
       100          0          0          0          0       1679   ble_sensorsim.o
       136         58          0          0          0       1510   ble_srv_common.o
      5136        228        124         23        280      24332   device_manager_peripheral.o
      3204        264         12         53        868      85713   main.o
      3268         94          0         16        220      12082   pstorage.o
       464         84          0         24          0      35304   softdevice_handler.o
       216         28          0          4          0      21253   system_nrf51.o

    ----------------------------------------------------------------------
     22612       1292        360        308       5492     323743   Object Totals
         0          0         32          0          0          0   (incl. Generated)
         2          0          0          7          0          0   (incl. Padding)

    ----------------------------------------------------------------------

      Code (inc. data)   RO Data    RW Data    ZI Data      Debug   Library Member Name

        58          0          0          0          0          0   __dczerorl.o
         8          0          0          0          0         68   __main.o
        60          8          0          0          0          0   __scatter.o
        28          0          0          0          0          0   __scatter_zi.o
       346          0          0          0          0         92   aeabi_sdiv.o
        12          0          0          0          0         64   exit.o
         6          0          0          0          0        136   heapauxi.o
         0          0          0          0          0          0   indicate_semi.o
         2          0          0          0          0          0   libinit.o
         6          0          0          0          0          0   libinit2.o
         2          0          0          0          0          0   libshutdown.o
         2          0          0          0          0          0   libshutdown2.o
         8          4          0          0         96         68   libspace.o
        90          0          0          0          0         68   memcmp.o
        64          0          0          0          0        108   rt_memclr.o
       186          0          0          0          0        144   rt_memcpy.o
         0          0          0          0          0          0   rtentry.o
        12          0          0          0          0          0   rtentry2.o
         6          0          0          0          0          0   rtentry4.o
         2          0          0          0          0          0   rtexit.o
        10          0          0          0          0          0   rtexit2.o
        68          6          0          0          0         72   strlen.o
        12          4          0          0          0         60   sys_exit.o
        62          0          0          0          0         80   sys_stackheap_outer.o
         2          0          0          0          0         68   use_no_semi.o

    ----------------------------------------------------------------------
      1056         22          0          0         96       1028   Library Totals
         4          0          0          0          0          0   (incl. Padding)

    ----------------------------------------------------------------------

      Code (inc. data)   RO Data    RW Data    ZI Data      Debug   Library Name

      1052         22          0          0         96       1028   c_p.l

    ----------------------------------------------------------------------
      1056         22          0          0         96       1028   Library Totals

    ----------------------------------------------------------------------

==============================================================================


      Code (inc. data)   RO Data    RW Data    ZI Data      Debug   

     23668       1314        360        308       5588     323263   Grand Totals
     23668       1314        360         24       5588     323263   ELF Image Totals (compressed)
     23668       1314        360         24          0          0   ROM Totals

==============================================================================

    Total RO  Size (Code + RO Data)                24028 (  23.46kB)
    Total RW  Size (RW Data + ZI Data)              5896 (   5.76kB)
    Total ROM Size (Code + RO Data + RW Data)      24052 (  23.49kB)

==============================================================================

