<html>
<body>
<pre>
<h1>µVision Build Log</h1>
<h2>Project:</h2>
E:\Gtron_BLE_module\nrf51822_6_1_0\Board\nrf6310\s110\ble_app_alert_notification\arm\ble_app_alert_notification.uvproj
Project File Date:  08/29/2014

<h2>Output:</h2>
Build target 'nrf51822_xxaa_s110 (256K)'
assembling arm_startup_nrf51.s...
compiling system_nrf51.c...
compiling main.c...
..\main.c(137): error:  #20: identifier "LED_7" is undefined
..\main.c(276): error:  #20: identifier "LED_2" is undefined
..\main.c(310): error:  #20: identifier "LED_3" is undefined
..\main.c(375): error:  #20: identifier "LED_3" is undefined
..\main.c(383): error:  #20: identifier "LED_2" is undefined
..\main.c(427): error:  #20: identifier "LED_2" is undefined
..\main.c(428): error:  #20: identifier "LED_3" is undefined
..\main.c(444): error:  #20: identifier "LED_0" is undefined
..\main.c(445): error:  #20: identifier "LED_1" is undefined
..\main.c(446): error:  #20: identifier "LED_7" is undefined
..\main.c(447): error:  #20: identifier "LED_2" is undefined
..\main.c(448): error:  #20: identifier "LED_3" is undefined
..\main.c(567): error:  #20: identifier "LED_0" is undefined
..\main.c(601): error:  #20: identifier "BUTTON_1" is undefined
..\main.c(675): error:  #20: identifier "BUTTON_1" is undefined
..\main.c(711): error:  #20: identifier "LED_1" is undefined
..\main.c(712): error:  #20: identifier "LED_0" is undefined
..\main.c(748): error:  #20: identifier "BUTTON_0" is undefined
..\main.c(749): error:  #20: identifier "BUTTON_PULL" is undefined
..\main.c(752): error:  #20: identifier "BUTTON_1" is undefined
..\main.c(811): error:  #20: identifier "BUTTON_2" is undefined
..\main.c(815): error:  #20: identifier "BUTTON_3" is undefined
..\main.c(819): error:  #20: identifier "BUTTON_4" is undefined
..\main.c(850): error:  #20: identifier "BUTTON_0" is undefined
..\main.c(850): error:  #20: identifier "BUTTON_PULL" is undefined
..\main.c(851): error:  #20: identifier "BUTTON_1" is undefined
..\main.c(852): error:  #20: identifier "BUTTON_2" is undefined
..\main.c(853): error:  #20: identifier "BUTTON_3" is undefined
..\main.c(854): error:  #20: identifier "BUTTON_4" is undefined
compiling ble_ans_c.c...
compiling ble_error_log.c...
compiling softdevice_handler.c...
compiling ble_advdata.c...
compiling ble_conn_params.c...
compiling app_timer.c...
compiling pstorage.c...
compiling crc16.c...
compiling app_button.c...
compiling app_gpiote.c...
compiling ble_debug_assert_handler.c...
compiling simple_uart.c...
compiling app_trace.c...
compiling device_manager_peripheral.c...
Target not created
Build target 'nrf51822_xxaa_s110 (256K)'
compiling main.c...
compiling app_trace.c...
linking...
Program Size: Code=22424 RO-data=348 RW-data=288 ZI-data=6248  
FromELF: creating hex file...
".\_build\ble_app_alert_notification.axf" - 0 Error(s), 0 Warning(s).
