<html>
<body>
<pre>
<h1>µVision Build Log</h1>
<h2>Project:</h2>
E:\Gtron_BLE_module\nrf51822_6_1_0\Board\pca10001\s110\ble_app_hrs\arm\ble_app_hrs.uvproj
Project File Date:  08/29/2014

<h2>Output:</h2>
Build target 'nrf51822_xxaa_s110 (256K)'
assembling arm_startup_nrf51.s...
compiling system_nrf51.c...
compiling main.c...
compiling battery.c...
compiling led.c...
compiling ble_dis.c...
compiling ble_bas.c...
compiling ble_hrs.c...
compiling ble_conn_params.c...
compiling ble_advdata.c...
compiling ble_srv_common.c...
compiling app_timer.c...
compiling softdevice_handler.c...
compiling app_trace.c...
compiling simple_uart.c...
compiling device_manager_peripheral.c...
compiling pstorage.c...
compiling crc16.c...
compiling app_button.c...
compiling app_gpiote.c...
compiling ble_error_log.c...
compiling ble_debug_assert_handler.c...
linking...
Program Size: Code=17180 RO-data=284 RW-data=276 ZI-data=5660  
FromELF: creating hex file...
".\_build\ble_app_hrs.axf" - 0 Error(s), 0 Warning(s).
Build target 'nrf51822_xxaa_s110 (256K)'
compiling main.c...
..\main.c(536): warning:  #177-D: function "buttons_init" was declared but never referenced
linking...
Program Size: Code=17080 RO-data=284 RW-data=252 ZI-data=5660  
FromELF: creating hex file...
".\_build\ble_app_hrs.axf" - 0 Error(s), 1 Warning(s).
Build target 'nrf51822_xxaa_s110 (256K)'
compiling main.c...
..\main.c(234): error:  #20: identifier "HR_INC_BUTTON_PIN_NO" is undefined
..\main.c(243): error:  #20: identifier "HR_DEC_BUTTON_PIN_NO" is undefined
..\main.c(476): error:  #20: identifier "BOND_DELETE_ALL_BUTTON_ID" is undefined
..\main.c(543): error:  #20: identifier "HR_INC_BUTTON_PIN_NO" is undefined
..\main.c(544): error:  #20: identifier "HR_DEC_BUTTON_PIN_NO" is undefined
..\main.c(650): error:  #20: identifier "HR_INC_BUTTON_PIN_NO" is undefined
..\main.c(654): error:  #20: identifier "HR_DEC_BUTTON_PIN_NO" is undefined
..\main.c(536): warning:  #177-D: function "buttons_init" was declared but never referenced
Target not created
Build target 'nrf51822_xxaa_s110 (256K)'
compiling main.c...
..\main.c(234): error:  #20: identifier "HR_INC_BUTTON_PIN_NO" is undefined
..\main.c(243): error:  #20: identifier "HR_DEC_BUTTON_PIN_NO" is undefined
..\main.c(228): warning:  #177-D: function "button_event_handler" was declared but never referenced
Target not created
Build target 'nrf51822_xxaa_s110 (256K)'
compiling main.c...
linking...
Program Size: Code=17048 RO-data=284 RW-data=252 ZI-data=5660  
FromELF: creating hex file...
".\_build\ble_app_hrs.axf" - 0 Error(s), 0 Warning(s).
Build target 'nrf51822_xxaa_s110 (256K)'
compiling led.c...
linking...
Program Size: Code=17048 RO-data=284 RW-data=252 ZI-data=5660  
FromELF: creating hex file...
".\_build\ble_app_hrs.axf" - 0 Error(s), 0 Warning(s).
Load "E:\\Gtron_BLE_module\\nrf51822_6_1_0\\Board\\pca10001\\s110\\ble_app_hrs\\arm\\_build\\ble_app_hrs.AXF" 
Set JLink Project File to "E:\Gtron_BLE_module\nrf51822_6_1_0\Board\pca10001\s110\ble_app_hrs\arm\JLinkSettings.ini"
* JLink Info: Device "NRF51822_XXAA" selected (257 KB flash, 16 KB RAM).
 
JLink info:
------------
DLL: V4.92 , compiled Sep 30 2014 09:33:42
Firmware: J-Link Lite-Cortex-M V8 compiled Jul 17 2014 11:40:12
Hardware: V8.00
S/N : 518107637 
Feature(s) : GDB 
 
* JLink Info: Found SWD-DP with ID 0x0BB11477
* JLink Info: Found Cortex-M0 r0p0, Little endian.
* JLink Info: FPUnit: 4 code (BP) slots and 0 literal slots
ROMTableAddr = 0xE00FF003
 
Target info:
------------
Device: nRF51822_xxAA
VTarget = 3.300V
State of Pins: 
TCK: 0, TDI: 0, TDO: 1, TMS: 1, TRES: 1, TRST: 1
Hardware-Breakpoints: 4
Software-Breakpoints: 8192
Watchpoints:          2
JTAG speed: 2000 kHz
 
Erase Done.
Programming Done.
Verify OK.
Application running ...
Load "E:\\Gtron_BLE_module\\nrf51822_6_1_0\\Board\\pca10001\\s110\\ble_app_hrs\\arm\\_build\\ble_app_hrs.AXF" 
Set JLink Project File to "E:\Gtron_BLE_module\nrf51822_6_1_0\Board\pca10001\s110\ble_app_hrs\arm\JLinkSettings.ini"
* JLink Info: Device "NRF51822_XXAA" selected (257 KB flash, 16 KB RAM).
 
JLink info:
------------
DLL: V4.92 , compiled Sep 30 2014 09:33:42
Firmware: J-Link Lite-Cortex-M V8 compiled Jul 17 2014 11:40:12
Hardware: V8.00
S/N : 518107637 
Feature(s) : GDB 
 
* JLink Info: Found SWD-DP with ID 0x0BB11477
* JLink Info: Found Cortex-M0 r0p0, Little endian.
* JLink Info: FPUnit: 4 code (BP) slots and 0 literal slots
ROMTableAddr = 0xE00FF003
 
Target info:
------------
Device: nRF51822_xxAA
VTarget = 3.300V
State of Pins: 
TCK: 0, TDI: 0, TDO: 1, TMS: 1, TRES: 1, TRST: 1
Hardware-Breakpoints: 4
Software-Breakpoints: 8192
Watchpoints:          2
JTAG speed: 2000 kHz
 
Erase Done.
Programming Done.
Verify OK.
Application running ...
Load "E:\\Gtron_BLE_module\\nrf51822_6_1_0\\Board\\pca10001\\s110\\ble_app_hrs\\arm\\_build\\ble_app_hrs.AXF" 
Set JLink Project File to "E:\Gtron_BLE_module\nrf51822_6_1_0\Board\pca10001\s110\ble_app_hrs\arm\JLinkSettings.ini"
* JLink Info: Device "NRF51822_XXAA" selected (257 KB flash, 16 KB RAM).
 
JLink info:
------------
DLL: V4.92 , compiled Sep 30 2014 09:33:42
Firmware: J-Link Lite-Cortex-M V8 compiled Jul 17 2014 11:40:12
Hardware: V8.00
S/N : 518107637 
Feature(s) : GDB 
 
* JLink Info: Found SWD-DP with ID 0x0BB11477
* JLink Info: Found Cortex-M0 r0p0, Little endian.
* JLink Info: FPUnit: 4 code (BP) slots and 0 literal slots
ROMTableAddr = 0xE00FF003
 
Target info:
------------
Device: nRF51822_xxAA
VTarget = 3.300V
State of Pins: 
TCK: 0, TDI: 0, TDO: 1, TMS: 1, TRES: 1, TRST: 1
Hardware-Breakpoints: 4
Software-Breakpoints: 8192
Watchpoints:          2
JTAG speed: 2000 kHz
 
Erase Done.
Programming Done.
Verify OK.
Application running ...
Build target 'nrf51822_xxaa_s110 (256K)'
compiling main.c...
linking...
Program Size: Code=16952 RO-data=284 RW-data=252 ZI-data=5660  
FromELF: creating hex file...
".\_build\ble_app_hrs.axf" - 0 Error(s), 0 Warning(s).
Load "E:\\Gtron_BLE_module\\nrf51822_6_1_0\\Board\\pca10001\\s110\\ble_app_hrs\\arm\\_build\\ble_app_hrs.AXF" 
Set JLink Project File to "E:\Gtron_BLE_module\nrf51822_6_1_0\Board\pca10001\s110\ble_app_hrs\arm\JLinkSettings.ini"
* JLink Info: Device "NRF51822_XXAA" selected (257 KB flash, 16 KB RAM).
 
JLink info:
------------
DLL: V4.92 , compiled Sep 30 2014 09:33:42
Firmware: J-Link Lite-Cortex-M V8 compiled Jul 17 2014 11:40:12
Hardware: V8.00
S/N : 518107637 
Feature(s) : GDB 
 
* JLink Info: Found SWD-DP with ID 0x0BB11477
* JLink Info: Found Cortex-M0 r0p0, Little endian.
* JLink Info: FPUnit: 4 code (BP) slots and 0 literal slots
ROMTableAddr = 0xE00FF003
 
Target info:
------------
Device: nRF51822_xxAA
VTarget = 3.300V
State of Pins: 
TCK: 0, TDI: 0, TDO: 1, TMS: 1, TRES: 1, TRST: 1
Hardware-Breakpoints: 4
Software-Breakpoints: 8192
Watchpoints:          2
JTAG speed: 2000 kHz
 
Erase Done.
Programming Done.
Verify OK.
Application running ...
Clean started: Project: 'ble_app_hrs'
   deleting intermediate output files for target 'nrf51822_xxaa_s110 (256K)'
   deleting intermediate output files for target 'nrf51822_xxab_s110 (128K)'
Build target 'nrf51822_xxaa_s110 (256K)'
assembling arm_startup_nrf51.s...
compiling system_nrf51.c...
compiling main.c...
..\main.c(619): warning:  #177-D: variable "err_code" was declared but never referenced
compiling battery.c...
compiling led.c...
compiling ble_dis.c...
compiling ble_bas.c...
compiling ble_hrs.c...
compiling ble_conn_params.c...
compiling ble_advdata.c...
compiling ble_srv_common.c...
compiling app_timer.c...
compiling softdevice_handler.c...
compiling app_trace.c...
compiling simple_uart.c...
compiling device_manager_peripheral.c...
compiling pstorage.c...
compiling crc16.c...
compiling app_button.c...
compiling app_gpiote.c...
compiling ble_error_log.c...
compiling ble_debug_assert_handler.c...
linking...
Program Size: Code=16376 RO-data=284 RW-data=224 ZI-data=5664  
FromELF: creating hex file...
".\_build\ble_app_hrs.axf" - 0 Error(s), 1 Warning(s).
Build target 'nrf51822_xxaa_s110 (256K)'
compiling main.c...
..\main.c(619): warning:  #177-D: variable "err_code" was declared but never referenced
linking...
Program Size: Code=17576 RO-data=344 RW-data=228 ZI-data=5660  
FromELF: creating hex file...
".\_build\ble_app_hrs.axf" - 0 Error(s), 1 Warning(s).
Load "E:\\Gtron_BLE_module\\nrf51822_6_1_0\\Board\\pca10001\\s110\\ble_app_hrs\\arm\\_build\\ble_app_hrs.AXF" 
Set JLink Project File to "E:\Gtron_BLE_module\nrf51822_6_1_0\Board\pca10001\s110\ble_app_hrs\arm\JLinkSettings.ini"
* JLink Info: Device "NRF51822_XXAA" selected (257 KB flash, 16 KB RAM).
 
JLink info:
------------
DLL: V4.92 , compiled Sep 30 2014 09:33:42
Firmware: J-Link Lite-Cortex-M V8 compiled Jul 17 2014 11:40:12
Hardware: V8.00
S/N : 518107637 
Feature(s) : GDB 
 
* JLink Info: Found SWD-DP with ID 0x0BB11477
* JLink Info: Found Cortex-M0 r0p0, Little endian.
* JLink Info: FPUnit: 4 code (BP) slots and 0 literal slots
ROMTableAddr = 0xE00FF003
 
Target info:
------------
Device: nRF51822_xxAA
VTarget = 3.300V
State of Pins: 
TCK: 0, TDI: 0, TDO: 1, TMS: 1, TRES: 1, TRST: 1
Hardware-Breakpoints: 4
Software-Breakpoints: 8192
Watchpoints:          2
JTAG speed: 2000 kHz
 
Erase Done.
Programming Done.
Verify OK.
Application running ...
Load "E:\\Gtron_BLE_module\\nrf51822_6_1_0\\Board\\pca10001\\s110\\ble_app_hrs\\arm\\_build\\ble_app_hrs.AXF" 
Set JLink Project File to "E:\Gtron_BLE_module\nrf51822_6_1_0\Board\pca10001\s110\ble_app_hrs\arm\JLinkSettings.ini"
* JLink Info: Device "NRF51822_XXAA" selected (257 KB flash, 16 KB RAM).
 
JLink info:
------------
DLL: V4.92 , compiled Sep 30 2014 09:33:42
Firmware: J-Link Lite-Cortex-M V8 compiled Jul 17 2014 11:40:12
Hardware: V8.00
S/N : 518107637 
Feature(s) : GDB 
 
* JLink Info: Found SWD-DP with ID 0x0BB11477
* JLink Info: Found Cortex-M0 r0p0, Little endian.
* JLink Info: FPUnit: 4 code (BP) slots and 0 literal slots
ROMTableAddr = 0xE00FF003
 
Target info:
------------
Device: nRF51822_xxAA
VTarget = 3.300V
State of Pins: 
TCK: 0, TDI: 0, TDO: 1, TMS: 1, TRES: 1, TRST: 1
Hardware-Breakpoints: 4
Software-Breakpoints: 8192
Watchpoints:          2
JTAG speed: 2000 kHz
 
Erase Done.
Programming Done.
Verify OK.
Application running ...
Build target 'nrf51822_xxaa_s110 (256K)'
compiling main.c...
..\main.c(619): warning:  #177-D: variable "err_code" was declared but never referenced
compiling led.c...
compiling app_trace.c...
linking...
Program Size: Code=17576 RO-data=344 RW-data=228 ZI-data=5660  
FromELF: creating hex file...
".\_build\ble_app_hrs.axf" - 0 Error(s), 1 Warning(s).
Load "E:\\Gtron_BLE_module\\nrf51822_6_1_0\\Board\\pca10001\\s110\\ble_app_hrs\\arm\\_build\\ble_app_hrs.AXF" 
Set JLink Project File to "E:\Gtron_BLE_module\nrf51822_6_1_0\Board\pca10001\s110\ble_app_hrs\arm\JLinkSettings.ini"
* JLink Info: Device "NRF51822_XXAA" selected (257 KB flash, 16 KB RAM).
 
JLink info:
------------
DLL: V4.92 , compiled Sep 30 2014 09:33:42
Firmware: J-Link Lite-Cortex-M V8 compiled Jul 17 2014 11:40:12
Hardware: V8.00
S/N : 518107637 
Feature(s) : GDB 
 
* JLink Info: Found SWD-DP with ID 0x0BB11477
* JLink Info: Found Cortex-M0 r0p0, Little endian.
* JLink Info: FPUnit: 4 code (BP) slots and 0 literal slots
ROMTableAddr = 0xE00FF003
 
Target info:
------------
Device: nRF51822_xxAA
VTarget = 3.300V
State of Pins: 
TCK: 0, TDI: 0, TDO: 1, TMS: 1, TRES: 1, TRST: 1
Hardware-Breakpoints: 4
Software-Breakpoints: 8192
Watchpoints:          2
JTAG speed: 2000 kHz
 
Erase Done.
Programming Done.
Verify OK.
Application running ...
Build target 'nrf51822_xxaa_s110 (256K)'
compiling main.c...
..\main.c(619): warning:  #177-D: variable "err_code" was declared but never referenced
linking...
Program Size: Code=17632 RO-data=344 RW-data=228 ZI-data=5660  
FromELF: creating hex file...
".\_build\ble_app_hrs.axf" - 0 Error(s), 1 Warning(s).
Load "E:\\Gtron_BLE_module\\nrf51822_6_1_0\\Board\\pca10001\\s110\\ble_app_hrs\\arm\\_build\\ble_app_hrs.AXF" 
Set JLink Project File to "E:\Gtron_BLE_module\nrf51822_6_1_0\Board\pca10001\s110\ble_app_hrs\arm\JLinkSettings.ini"
* JLink Info: Device "NRF51822_XXAA" selected (257 KB flash, 16 KB RAM).
 
JLink info:
------------
DLL: V4.92 , compiled Sep 30 2014 09:33:42
Firmware: J-Link Lite-Cortex-M V8 compiled Jul 17 2014 11:40:12
Hardware: V8.00
S/N : 518107637 
Feature(s) : GDB 
 
* JLink Info: Found SWD-DP with ID 0x0BB11477
* JLink Info: Found Cortex-M0 r0p0, Little endian.
* JLink Info: FPUnit: 4 code (BP) slots and 0 literal slots
ROMTableAddr = 0xE00FF003
 
Target info:
------------
Device: nRF51822_xxAA
VTarget = 3.300V
State of Pins: 
TCK: 0, TDI: 0, TDO: 1, TMS: 1, TRES: 1, TRST: 1
Hardware-Breakpoints: 4
Software-Breakpoints: 8192
Watchpoints:          2
JTAG speed: 2000 kHz
 
Erase Done.
Programming Done.
Verify OK.
Application running ...
Build target 'nrf51822_xxaa_s110 (256K)'
compiling main.c...
..\main.c(619): warning:  #177-D: variable "err_code" was declared but never referenced
linking...
Program Size: Code=17656 RO-data=344 RW-data=228 ZI-data=5660  
FromELF: creating hex file...
".\_build\ble_app_hrs.axf" - 0 Error(s), 1 Warning(s).
Load "E:\\Gtron_BLE_module\\nrf51822_6_1_0\\Board\\pca10001\\s110\\ble_app_hrs\\arm\\_build\\ble_app_hrs.AXF" 
Set JLink Project File to "E:\Gtron_BLE_module\nrf51822_6_1_0\Board\pca10001\s110\ble_app_hrs\arm\JLinkSettings.ini"
* JLink Info: Device "NRF51822_XXAA" selected (257 KB flash, 16 KB RAM).
 
JLink info:
------------
DLL: V4.92 , compiled Sep 30 2014 09:33:42
Firmware: J-Link Lite-Cortex-M V8 compiled Jul 17 2014 11:40:12
Hardware: V8.00
S/N : 518107637 
Feature(s) : GDB 
 
* JLink Info: Found SWD-DP with ID 0x0BB11477
* JLink Info: Found Cortex-M0 r0p0, Little endian.
* JLink Info: FPUnit: 4 code (BP) slots and 0 literal slots
ROMTableAddr = 0xE00FF003
 
Target info:
------------
Device: nRF51822_xxAA
VTarget = 3.300V
State of Pins: 
TCK: 0, TDI: 0, TDO: 1, TMS: 1, TRES: 1, TRST: 1
Hardware-Breakpoints: 4
Software-Breakpoints: 8192
Watchpoints:          2
JTAG speed: 2000 kHz
 
Erase Done.
Programming Done.
Verify OK.
Application running ...
Build target 'nrf51822_xxaa_s110 (256K)'
compiling main.c...
..\main.c(619): warning:  #177-D: variable "err_code" was declared but never referenced
linking...
Program Size: Code=17680 RO-data=344 RW-data=228 ZI-data=5660  
FromELF: creating hex file...
".\_build\ble_app_hrs.axf" - 0 Error(s), 1 Warning(s).
Build target 'nrf51822_xxaa_s110 (256K)'
compiling led.c...
linking...
Program Size: Code=17680 RO-data=344 RW-data=228 ZI-data=5660  
FromELF: creating hex file...
".\_build\ble_app_hrs.axf" - 0 Error(s), 0 Warning(s).
Build target 'nrf51822_xxaa_s110 (256K)'
linking...
Program Size: Code=17680 RO-data=344 RW-data=228 ZI-data=5660  
FromELF: creating hex file...
".\_build\ble_app_hrs.axf" - 0 Error(s), 0 Warning(s).
Load "E:\\Gtron_BLE_module\\nrf51822_6_1_0\\Board\\pca10001\\s110\\ble_app_hrs\\arm\\_build\\ble_app_hrs.AXF" 
Set JLink Project File to "E:\Gtron_BLE_module\nrf51822_6_1_0\Board\pca10001\s110\ble_app_hrs\arm\JLinkSettings.ini"
* JLink Info: Device "NRF51822_XXAA" selected (257 KB flash, 16 KB RAM).
 
JLink info:
------------
DLL: V4.92 , compiled Sep 30 2014 09:33:42
Firmware: J-Link Lite-Cortex-M V8 compiled Jul 17 2014 11:40:12
Hardware: V8.00
S/N : 518107637 
Feature(s) : GDB 
 
* JLink Info: Found SWD-DP with ID 0x0BB11477
* JLink Info: Found Cortex-M0 r0p0, Little endian.
* JLink Info: FPUnit: 4 code (BP) slots and 0 literal slots
ROMTableAddr = 0xE00FF003
 
Target info:
------------
Device: nRF51822_xxAA
VTarget = 3.300V
State of Pins: 
TCK: 0, TDI: 0, TDO: 1, TMS: 1, TRES: 1, TRST: 1
Hardware-Breakpoints: 4
Software-Breakpoints: 8192
Watchpoints:          2
JTAG speed: 2000 kHz
 
Erase Done.
Programming Done.
Verify OK.
Application running ...
Build target 'nrf51822_xxaa_s110 (256K)'
compiling main.c...
..\main.c(619): warning:  #177-D: variable "err_code" was declared but never referenced
linking...
Program Size: Code=17704 RO-data=344 RW-data=228 ZI-data=5660  
FromELF: creating hex file...
".\_build\ble_app_hrs.axf" - 0 Error(s), 1 Warning(s).
Build target 'nrf51822_xxaa_s110 (256K)'
linking...
Program Size: Code=17704 RO-data=344 RW-data=228 ZI-data=5660  
FromELF: creating hex file...
".\_build\ble_app_hrs.axf" - 0 Error(s), 0 Warning(s).
Load "E:\\Gtron_BLE_module\\nrf51822_6_1_0\\Board\\pca10001\\s110\\ble_app_hrs\\arm\\_build\\ble_app_hrs.AXF" 
Set JLink Project File to "E:\Gtron_BLE_module\nrf51822_6_1_0\Board\pca10001\s110\ble_app_hrs\arm\JLinkSettings.ini"
* JLink Info: Device "NRF51822_XXAA" selected (257 KB flash, 16 KB RAM).
 
JLink info:
------------
DLL: V4.92 , compiled Sep 30 2014 09:33:42
Firmware: J-Link Lite-Cortex-M V8 compiled Jul 17 2014 11:40:12
Hardware: V8.00
S/N : 518107637 
Feature(s) : GDB 
 
* JLink Info: Found SWD-DP with ID 0x0BB11477
* JLink Info: Found Cortex-M0 r0p0, Little endian.
* JLink Info: FPUnit: 4 code (BP) slots and 0 literal slots
ROMTableAddr = 0xE00FF003
 
Target info:
------------
Device: nRF51822_xxAA
VTarget = 3.300V
State of Pins: 
TCK: 0, TDI: 0, TDO: 1, TMS: 1, TRES: 1, TRST: 1
Hardware-Breakpoints: 4
Software-Breakpoints: 8192
Watchpoints:          2
JTAG speed: 2000 kHz
 
Erase Done.
Programming Done.
Verify OK.
Application running ...
Load "E:\\Gtron_BLE_module\\nrf51822_6_1_0\\Board\\pca10001\\s110\\ble_app_hrs\\arm\\_build\\ble_app_hrs.AXF" 
Set JLink Project File to "E:\Gtron_BLE_module\nrf51822_6_1_0\Board\pca10001\s110\ble_app_hrs\arm\JLinkSettings.ini"
* JLink Info: Device "NRF51822_XXAA" selected (257 KB flash, 16 KB RAM).
 
JLink info:
------------
DLL: V4.92 , compiled Sep 30 2014 09:33:42
Firmware: J-Link Lite-Cortex-M V8 compiled Jul 17 2014 11:40:12
Hardware: V8.00
S/N : 518107637 
Feature(s) : GDB 
 
* JLink Info: Found SWD-DP with ID 0x0BB11477
* JLink Info: Found Cortex-M0 r0p0, Little endian.
* JLink Info: FPUnit: 4 code (BP) slots and 0 literal slots
ROMTableAddr = 0xE00FF003
 
Target info:
------------
Device: nRF51822_xxAA
VTarget = 3.300V
State of Pins: 
TCK: 0, TDI: 0, TDO: 1, TMS: 1, TRES: 1, TRST: 1
Hardware-Breakpoints: 4
Software-Breakpoints: 8192
Watchpoints:          2
JTAG speed: 1000 kHz
 
Erase Done.
Programming Done.
Verify OK.
Application running ...
