<html>
<body>
<pre>
<h1>µVision Build Log</h1>
<h2>Project:</h2>
E:\Gtron_BLE_module\nrf51822\Board\pca10001\s110\ble_app_beacon\arm\ble_app_beacon.uvproj
Project File Date:  08/29/2014

<h2>Output:</h2>
Build target 'nrf51822_xxaa_s110 (256K)'
assembling arm_startup_nrf51.s...
compiling system_nrf51.c...
compiling main.c...
compiling ble_srv_common.c...
compiling ble_advdata.c...
compiling softdevice_handler.c...
compiling ble_debug_assert_handler.c...
linking...
Program Size: Code=3212 RO-data=224 RW-data=52 ZI-data=4292  
FromELF: creating hex file...
".\_build\ble_app_beacon.axf" - 0 Error(s), 0 Warning(s).
Load "E:\\Gtron_BLE_module\\nrf51822\\Board\\pca10001\\s110\\ble_app_beacon\\arm\\_build\\ble_app_beacon.AXF" 
Load "E:\\Gtron_BLE_module\\nrf51822\\Board\\pca10001\\s110\\ble_app_beacon\\arm\\_build\\ble_app_beacon.AXF" 
Set JLink Project File to "E:\Gtron_BLE_module\nrf51822\Board\pca10001\s110\ble_app_beacon\arm\JLinkSettings.ini"
* JLink Info: Device "NRF51822_XXAA" selected (257 KB flash, 16 KB RAM).
 
JLink info:
------------
DLL: V4.92 , compiled Sep 30 2014 09:33:42
Firmware: J-Link Lite-Cortex-M V8 compiled Jul 17 2014 11:40:12
Hardware: V8.00
S/N : 518107637 
Feature(s) : GDB 
 
* JLink Info: Found SWD-DP with ID 0x0BB11477
* JLink Info: Found Cortex-M0 r0p0, Little endian.
* JLink Info: FPUnit: 4 code (BP) slots and 0 literal slots
ROMTableAddr = 0xE00FF003
 
Target info:
------------
Device: nRF51822_xxAA
VTarget = 3.267V
State of Pins: 
TCK: 0, TDI: 0, TDO: 0, TMS: 1, TRES: 1, TRST: 1
Hardware-Breakpoints: 4
Software-Breakpoints: 8192
Watchpoints:          2
JTAG speed: 1000 kHz
 
Erase Done.
Programming Done.
Verify OK.
Application running ...
Build target 'nrf51822_xxaa_s110 (256K)'
compiling main.c...
linking...
Program Size: Code=3212 RO-data=224 RW-data=52 ZI-data=4292  
FromELF: creating hex file...
".\_build\ble_app_beacon.axf" - 0 Error(s), 0 Warning(s).
Load "E:\\Gtron_BLE_module\\nrf51822\\Board\\pca10001\\s110\\ble_app_beacon\\arm\\_build\\ble_app_beacon.AXF" 
Set JLink Project File to "E:\Gtron_BLE_module\nrf51822\Board\pca10001\s110\ble_app_beacon\arm\JLinkSettings.ini"
* JLink Info: Device "NRF51822_XXAA" selected (257 KB flash, 16 KB RAM).
 
JLink info:
------------
DLL: V4.92 , compiled Sep 30 2014 09:33:42
Firmware: J-Link Lite-Cortex-M V8 compiled Jul 17 2014 11:40:12
Hardware: V8.00
S/N : 518107637 
Feature(s) : GDB 
 
* JLink Info: Found SWD-DP with ID 0x0BB11477
* JLink Info: Found Cortex-M0 r0p0, Little endian.
* JLink Info: FPUnit: 4 code (BP) slots and 0 literal slots
ROMTableAddr = 0xE00FF003
 
Target info:
------------
Device: nRF51822_xxAA
VTarget = 3.261V
State of Pins: 
TCK: 0, TDI: 0, TDO: 0, TMS: 1, TRES: 1, TRST: 1
Hardware-Breakpoints: 4
Software-Breakpoints: 8192
Watchpoints:          2
JTAG speed: 1000 kHz
 
Erase Done.
Programming Done.
Verify OK.
Application running ...
Clean started: Project: 'ble_app_beacon'
   deleting intermediate output files for target 'nrf51822_xxaa_s110 (256K)'
   deleting intermediate output files for target 'nrf51822_xxab_s110 (128K)'
Build target 'nrf51822_xxaa_s110 (256K)'
assembling arm_startup_nrf51.s...
compiling system_nrf51.c...
compiling main.c...
compiling ble_srv_common.c...
compiling ble_advdata.c...
compiling softdevice_handler.c...
compiling ble_debug_assert_handler.c...
linking...
Program Size: Code=3276 RO-data=224 RW-data=52 ZI-data=4292  
FromELF: creating hex file...
".\_build\ble_app_beacon.axf" - 0 Error(s), 0 Warning(s).
Load "E:\\Gtron_BLE_module\\nrf51822\\Board\\pca10001\\s110\\ble_app_beacon\\arm\\_build\\ble_app_beacon.AXF" 
Set JLink Project File to "E:\Gtron_BLE_module\nrf51822\Board\pca10001\s110\ble_app_beacon\arm\JLinkSettings.ini"
* JLink Info: Device "NRF51822_XXAA" selected (257 KB flash, 16 KB RAM).
 
JLink info:
------------
DLL: V4.92 , compiled Sep 30 2014 09:33:42
Firmware: J-Link Lite-Cortex-M V8 compiled Jul 17 2014 11:40:12
Hardware: V8.00
S/N : 518107637 
Feature(s) : GDB 
 
* JLink Info: Found SWD-DP with ID 0x0BB11477
* JLink Info: Found Cortex-M0 r0p0, Little endian.
* JLink Info: FPUnit: 4 code (BP) slots and 0 literal slots
ROMTableAddr = 0xE00FF003
 
Target info:
------------
Device: nRF51822_xxAA
VTarget = 3.267V
State of Pins: 
TCK: 0, TDI: 0, TDO: 1, TMS: 1, TRES: 1, TRST: 1
Hardware-Breakpoints: 4
Software-Breakpoints: 8192
Watchpoints:          2
JTAG speed: 1000 kHz
 
Erase Done.
Programming Done.
Verify OK.
Application running ...
Load "E:\\Gtron_BLE_module\\nrf51822\\Board\\pca10001\\s110\\ble_app_beacon\\arm\\_build\\ble_app_beacon.AXF" 
Set JLink Project File to "E:\Gtron_BLE_module\nrf51822\Board\pca10001\s110\ble_app_beacon\arm\JLinkSettings.ini"
* JLink Info: Device "NRF51822_XXAA" selected (257 KB flash, 16 KB RAM).
 
JLink info:
------------
DLL: V4.92 , compiled Sep 30 2014 09:33:42
Firmware: J-Link Lite-Cortex-M V8 compiled Jul 17 2014 11:40:12
Hardware: V8.00
S/N : 518107637 
Feature(s) : GDB 
 
* JLink Info: Found SWD-DP with ID 0x0BB11477
* JLink Info: Found Cortex-M0 r0p0, Little endian.
* JLink Info: FPUnit: 4 code (BP) slots and 0 literal slots
ROMTableAddr = 0xE00FF003
 
Target info:
------------
Device: nRF51822_xxAA
VTarget = 3.261V
State of Pins: 
TCK: 0, TDI: 0, TDO: 1, TMS: 1, TRES: 1, TRST: 1
Hardware-Breakpoints: 4
Software-Breakpoints: 8192
Watchpoints:          2
JTAG speed: 1000 kHz
 
Erase Done.
Programming Done.
Verify OK.
Application running ...
